<html>
<body>
<pre>
<h1>µVision Build Log</h1>
<h2>Tool Versions:</h2>
IDE-Version: ¦ÌVision V5.14.0.0
Copyright (C) 2015 ARM Ltd and ARM Germany GmbH. All rights reserved.
License Information: wangxuankai Windows, HP Inc., LIC=W96AR-KP9RT-16MQV-PI4KX-87HGE-W6RHI
 
Tool Versions:
Toolchain:       MDK-ARM Professional  Version: 5.14.0.0
Toolchain Path:  D:\keil\ARM\ARMCC\Bin
C Compiler:      Armcc.exe V5.05 update 1 (build 106)
Assembler:       Armasm.exe V5.05 update 1 (build 106)
Linker/Locator:  ArmLink.exe V5.05 update 1 (build 106)
Library Manager: ArmAr.exe V5.05 update 1 (build 106)
Hex Converter:   FromElf.exe V5.05 update 1 (build 106)
CPU DLL:         SARMCM3.DLL V5.14.0.0
Dialog DLL:      DCM.DLL V1.13.1.0
Target DLL:      Segger\JL2CM3.dll V2.99.13.0
Dialog DLL:      TCM.DLL V1.14.4.0
 
<h2>Project:</h2>
C:\Users\wxk\Desktop\summer_grand_operation_library-master\Integrated_Test\ADF4351DEMO\USER\LCD.uvprojx
Project File Date:  07/24/2019

<h2>Output:</h2>
Rebuild target 'LCD'
compiling main.c...
main.c(55): warning:  #177-D: variable "mode" was declared but never referenced
        char mode, key_char;
main.c(55): warning:  #177-D: variable "key_char" was declared but never referenced
        char mode, key_char;
main.c(56): warning:  #177-D: variable "input" was declared but never referenced
        double input=0.0;
main.c(57): warning:  #177-D: variable "input_s" was declared but never referenced
        unsigned char* input_s ;
main.c: 4 warnings, 0 errors
compiling stm32f4xx_it.c...
compiling system_stm32f4xx.c...
compiling led.c...
compiling lcd.c...
compiling key.c...
compiling LCD12864.c...
..\HARDWARE\LCD12864\LCD12864.c(332): warning:  #1035-D: single-precision operand implicitly converted to double-precision
                        LCD_GDot(i+x1, i*a+y1+0.5);
..\HARDWARE\LCD12864\LCD12864.c(345): warning:  #1035-D: single-precision operand implicitly converted to double-precision
                        LCD_GDot(i*a+x1+0.5, i+y1);
..\HARDWARE\LCD12864\LCD12864.c: 2 warnings, 0 errors
compiling KeyBoard.c...
compiling ADF4351.c...
compiling adc.c...
compiling spi.c...
compiling PE4302.C...
compiling myiic.c...
compiling 24cxx.c...
compiling ctiic.c...
compiling ft5206.c...
compiling gt9147.c...
compiling ott2001a.c...
compiling touch.c...
compiling exti.c...
compiling delay.c...
compiling sys.c...
compiling usart.c...
assembling startup_stm32f40_41xxx.s...
compiling misc.c...
compiling stm32f4xx_gpio.c...
compiling stm32f4xx_fsmc.c...
compiling stm32f4xx_rcc.c...
compiling stm32f4xx_syscfg.c...
compiling stm32f4xx_usart.c...
compiling stm32f4xx_exti.c...
compiling stm32f4xx_adc.c...
compiling stm32f4xx_spi.c...
linking...
Program Size: Code=52312 RO-data=13012 RW-data=300 ZI-data=1916  
FromELF: creating hex file...
"..\OBJ\LCD.axf" - 0 Error(s), 6 Warning(s).

<h2>Collection of Component include folders:</h2>
  C:\Users\wxk\Desktop\summer_grand_operation_library-master\Integrated_Test\ADF4351DEMO\USER\RTE
  D:\keil\ARM\PACK\Keil\STM32F4xx_DFP\2.5.0

<h2>Collection of Component Files used:</h2>
</pre>
</body>
</html>
