Component: ARM Compiler 5.05 update 1 (build 106) Tool: armlink [4d0efa]

==============================================================================

Section Cross References

    main.o(.text) refers to misc.o(.text) for NVIC_PriorityGroupConfig
    main.o(.text) refers to delay.o(.text) for delay_init
    main.o(.text) refers to usart.o(.text) for uart_init
    main.o(.text) refers to lcd.o(.text) for reset_init
    main.o(.text) refers to adf4351.o(.text) for ADF4351Init
    main.o(.text) refers to pe4302.o(.text) for PE_GPIO_Init
    main.o(.text) refers to adc.o(.text) for Adc_Init
    main.o(.text) refers to gt9147.o(.text) for GT9147_Init
    main.o(.text) refers to spi.o(.text) for SPI1_Init
    main.o(.text) refers to stm32f4xx_rcc.o(.text) for RCC_AHB1PeriphClockCmd
    main.o(.text) refers to stm32f4xx_gpio.o(.text) for GPIO_Init
    main.o(.text) refers to dfltll_clz.o(x$fpl$dfltull) for __aeabi_ul2d
    main.o(.text) refers to d2f.o(x$fpl$d2f) for __aeabi_d2f
    main.o(.text) refers to f2d.o(x$fpl$f2d) for __aeabi_f2d
    main.o(.text) refers to dmul.o(x$fpl$dmul) for __aeabi_dmul
    main.o(.text) refers to dfixu.o(x$fpl$dfixu) for __aeabi_d2uiz
    main.o(.text) refers to lcd.o(.data) for POINT_COLOR
    main.o(.text) refers to main.o(.data) for Y_to_draw
    system_stm32f4xx.o(.text) refers to system_stm32f4xx.o(.data) for SystemCoreClock
    led.o(.text) refers to stm32f4xx_rcc.o(.text) for RCC_AHB1PeriphClockCmd
    led.o(.text) refers to stm32f4xx_gpio.o(.text) for GPIO_Init
    lcd.o(.text) refers to _printf_percent.o(.ARM.Collect$$_printf_percent$$00000000) for _printf_percent
    lcd.o(.text) refers to _printf_x.o(.ARM.Collect$$_printf_percent$$0000000C) for _printf_x
    lcd.o(.text) refers to _printf_hex_int.o(.text) for _printf_longlong_hex
    lcd.o(.text) refers to stm32f4xx_rcc.o(.text) for RCC_AHB1PeriphClockCmd
    lcd.o(.text) refers to stm32f4xx_gpio.o(.text) for GPIO_Init
    lcd.o(.text) refers to delay.o(.text) for delay_us
    lcd.o(.text) refers to lcd.o(.bss) for lcddev
    lcd.o(.text) refers to lcd.o(.data) for POINT_COLOR
    lcd.o(.text) refers to dflt_clz.o(x$fpl$dfltu) for __aeabi_ui2d
    lcd.o(.text) refers to dmul.o(x$fpl$dmul) for __aeabi_dmul
    lcd.o(.text) refers to dfixu.o(x$fpl$dfixu) for __aeabi_d2uiz
    lcd.o(.text) refers to stm32f4xx_fsmc.o(.text) for FSMC_NORSRAMInit
    lcd.o(.text) refers to noretval__2printf.o(.text) for __2printf
    lcd.o(.text) refers to lcd.o(.constdata) for asc2_1206
    lcd.o(.text) refers to dleqf.o(x$fpl$dleqf) for __aeabi_cdcmple
    lcd.o(.text) refers to basic.o(x$fpl$basic) for __aeabi_dneg
    lcd.o(.text) refers to dfixull.o(x$fpl$llufromd) for __aeabi_d2ulz
    lcd.o(.text) refers to dfltll_clz.o(x$fpl$dfltull) for __aeabi_ul2d
    lcd.o(.text) refers to daddsub_clz.o(x$fpl$dsub) for __aeabi_dsub
    lcd.o(.text) refers to daddsub_clz.o(x$fpl$drsb) for __aeabi_drsub
    lcd.o(.text) refers to lludivv7m.o(.text) for __aeabi_uldivmod
    lcd.o(.text) refers to dflt_clz.o(x$fpl$dflt) for __aeabi_i2d
    lcd.o(.text) refers to daddsub_clz.o(x$fpl$dadd) for __aeabi_dadd
    key.o(.text) refers to stm32f4xx_rcc.o(.text) for RCC_AHB1PeriphClockCmd
    key.o(.text) refers to stm32f4xx_gpio.o(.text) for GPIO_Init
    key.o(.text) refers to delay.o(.text) for delay_ms
    key.o(.text) refers to key.o(.data) for key_up
    lcd12864.o(.text) refers to stm32f4xx_rcc.o(.text) for RCC_AHB1PeriphClockCmd
    lcd12864.o(.text) refers to stm32f4xx_gpio.o(.text) for GPIO_Init
    lcd12864.o(.text) refers to delay.o(.text) for delay_us
    lcd12864.o(.text) refers to dfixll.o(x$fpl$llsfromd) for __aeabi_d2lz
    lcd12864.o(.text) refers to llsdiv.o(.text) for __aeabi_ldivmod
    lcd12864.o(.text) refers to dmul.o(x$fpl$dmul) for __aeabi_dmul
    lcd12864.o(.text) refers to dflt_clz.o(x$fpl$dflt) for __aeabi_i2d
    lcd12864.o(.text) refers to ddiv.o(x$fpl$ddiv) for __aeabi_ddiv
    lcd12864.o(.text) refers to d2f.o(x$fpl$d2f) for __aeabi_d2f
    lcd12864.o(.text) refers to f2d.o(x$fpl$f2d) for __aeabi_f2d
    lcd12864.o(.text) refers to daddsub_clz.o(x$fpl$dadd) for __aeabi_dadd
    lcd12864.o(.text) refers to dfix.o(x$fpl$dfix) for __aeabi_d2iz
    lcd12864.o(.text) refers to lcd12864.o(.bss) for LCD_GD
    keyboard.o(.text) refers to delay.o(.text) for delay_us
    keyboard.o(.text) refers to stm32f4xx_exti.o(.text) for EXTI_GetITStatus
    keyboard.o(.text) refers to stm32f4xx_gpio.o(.text) for GPIO_Init
    keyboard.o(.text) refers to keyboard.o(.data) for KBCode
    keyboard.o(.text) refers to lcd.o(.text) for LCD_ShowString
    keyboard.o(.text) refers to dfltll_clz.o(x$fpl$dfltll) for __aeabi_l2d
    keyboard.o(.text) refers to ddiv.o(x$fpl$ddiv) for __aeabi_ddiv
    keyboard.o(.text) refers to keyboard.o(.constdata) for array_CHAR
    keyboard.o(.text) refers to keyboard.o(.bss) for CHAR_temp
[...]
    $v0                                      0x0800cb34   Number         0  fretinf.o(x$fpl$fretinf)
    x$fpl$llufromd                           0x0800cb40   Section      120  dfixull.o(x$fpl$llufromd)
    $v0                                      0x0800cb40   Number         0  dfixull.o(x$fpl$llufromd)
    .constdata                               0x0800cbb8   Section    12160  lcd.o(.constdata)
    x$fpl$usenofp                            0x0800cbb8   Section        0  usenofp.o(x$fpl$usenofp)
    .constdata                               0x0800fb38   Section       16  keyboard.o(.constdata)
    .constdata                               0x0800fb48   Section       10  ft5206.o(.constdata)
    .constdata                               0x0800fb52   Section      194  gt9147.o(.constdata)
    .constdata                               0x0800fc14   Section       10  ott2001a.o(.constdata)
    .constdata                               0x0800fc20   Section        4  touch.o(.constdata)
    .constdata                               0x0800fc24   Section       28  stm32f4xx_fsmc.o(.constdata)
    .constdata                               0x0800fc40   Section       40  _printf_hex_int.o(.constdata)
    uc_hextab                                0x0800fc40   Data          20  _printf_hex_int.o(.constdata)
    lc_hextab                                0x0800fc54   Data          20  _printf_hex_int.o(.constdata)
    .conststring                             0x0800fc68   Section      121  touch.o(.conststring)
    .data                                    0x20000000   Section       36  main.o(.data)
    .data                                    0x20000024   Section       20  system_stm32f4xx.o(.data)
    .data                                    0x20000038   Section        4  lcd.o(.data)
    .data                                    0x20000040   Section       44  keyboard.o(.data)
    temp_int_s                               0x20000058   Data           4  keyboard.o(.data)
    i                                        0x2000005c   Data           4  keyboard.o(.data)
    i                                        0x20000060   Data           4  keyboard.o(.data)
    i                                        0x20000064   Data           4  keyboard.o(.data)
    i                                        0x20000068   Data           4  keyboard.o(.data)
    .data                                    0x2000006c   Section        1  ft5206.o(.data)
    t                                        0x2000006c   Data           1  ft5206.o(.data)
    .data                                    0x2000006d   Section        1  gt9147.o(.data)
    t                                        0x2000006d   Data           1  gt9147.o(.data)
    .data                                    0x2000006e   Section        1  ott2001a.o(.data)
    t                                        0x2000006e   Data           1  ott2001a.o(.data)
    .data                                    0x20000070   Section       54  touch.o(.data)
    .data                                    0x200000a6   Section        4  delay.o(.data)
    fac_us                                   0x200000a6   Data           1  delay.o(.data)
    fac_ms                                   0x200000a8   Data           2  delay.o(.data)
    .data                                    0x200000ac   Section        6  usart.o(.data)
    .data                                    0x200000b2   Section       16  stm32f4xx_rcc.o(.data)
    APBAHBPrescTable                         0x200000b2   Data          16  stm32f4xx_rcc.o(.data)
    .bss                                     0x200000c4   Section       14  lcd.o(.bss)
    .bss                                     0x200000d2   Section       68  keyboard.o(.bss)
    CHAR_temp                                0x200000d2   Data          17  keyboard.o(.bss)
    CHAR_temp                                0x200000e3   Data          17  keyboard.o(.bss)
    CHAR_temp                                0x200000f4   Data          17  keyboard.o(.bss)
    CHAR_temp                                0x20000105   Data          17  keyboard.o(.bss)
    .bss                                     0x20000118   Section       72  adf4351.o(.bss)
    .bss                                     0x20000160   Section      200  usart.o(.bss)
    .bss                                     0x20000228   Section       96  libspace.o(.bss)
    HEAP                                     0x20000288   Section      512  startup_stm32f40_41xxx.o(HEAP)
    Heap_Mem                                 0x20000288   Data         512  startup_stm32f40_41xxx.o(HEAP)
    STACK                                    0x20000488   Section     1024  startup_stm32f40_41xxx.o(STACK)
    Stack_Mem                                0x20000488   Data        1024  startup_stm32f40_41xxx.o(STACK)
    __initial_sp                             0x20000888   Data           0  startup_stm32f40_41xxx.o(STACK)

    Global Symbols

    Symbol Name                              Value     Ov Type        Size  Object(Section)

    BuildAttributes$$THM_ISAv4$E$P$D$K$B$S$7EM$VFPi3$EXTD16$VFPS$VFMA$PE$A:L22UL41UL21$X:L11$S22US41US21$IEEE1$IW$USESV6$~STKCKD$USESV7$~SHL$OTIME$ROPI$IEEEJ$EBA8$UX$STANDARDLIB$REQ8$PRES8$EABIv2 0x00000000   Number         0  anon$$obj.o ABSOLUTE
    __ARM_use_no_argv                        0x00000000   Number         0  main.o ABSOLUTE
    __ARM_exceptions_init                     - Undefined Weak Reference
    __alloca_initialize                       - Undefined Weak Reference
    __arm_preinit_                            - Undefined Weak Reference
    __cpp_initialize__aeabi_                  - Undefined Weak Reference
    __cxa_finalize                            - Undefined Weak Reference
    __rt_locale                               - Undefined Weak Reference
    __sigvec_lookup                           - Undefined Weak Reference
    _atexit_init                              - Undefined Weak Reference
    _call_atexit_fns                          - Undefined Weak Reference
    _clock_init                               - Undefined Weak Reference
    _fp_trap_init                             - Undefined Weak Reference
    _fp_trap_shutdown                         - Undefined Weak Reference
    _get_lc_collate                           - Undefined Weak Reference
    _get_lc_ctype                             - Undefined Weak Reference
    _get_lc_monetary                          - Undefined Weak Reference
    _get_lc_numeric                           - Undefined Weak Reference
    _get_lc_time                              - Undefined Weak Reference
    _getenv_init                              - Undefined Weak Reference
    _handle_redirection                       - Undefined Weak Reference
    _init_alloc                               - Undefined Weak Reference
    _init_user_alloc                          - Undefined Weak Reference
    _initio                                   - Undefined Weak Reference
    _mutex_acquire                            - Undefined Weak Reference
    _mutex_release                            - Undefined Weak Reference
    _printf_mbtowc                            - Undefined Weak Reference
    _printf_post_padding                      - Undefined Weak Reference
    _printf_pre_padding                       - Undefined Weak Reference
    _printf_truncate_signed                   - Undefined Weak Reference
    _printf_truncate_unsigned                 - Undefined Weak Reference
    _rand_init                                - Undefined Weak Reference
    _signal_finish                            - Undefined Weak Reference
    _signal_init                              - Undefined Weak Reference
    _terminate_alloc                          - Undefined Weak Reference
    _terminate_user_alloc                     - Undefined Weak Reference
    _terminateio                              - Undefined Weak Reference
    __Vectors_Size                           0x00000188   Number         0  startup_stm32f40_41xxx.o ABSOLUTE
    __Vectors                                0x08000000   Data           4  startup_stm32f40_41xxx.o(RESET)
    __Vectors_End                            0x08000188   Data           0  startup_stm32f40_41xxx.o(RESET)
    __main                                   0x08000189   Thumb Code     8  __main.o(!!!main)
    __scatterload                            0x08000191   Thumb Code     0  __scatter.o(!!!scatter)
    __scatterload_rt2                        0x08000191   Thumb Code    44  __scatter.o(!!!scatter)
    __scatterload_rt2_thumb_only             0x08000191   Thumb Code     0  __scatter.o(!!!scatter)
    __scatterload_null                       0x0800019f   Thumb Code     0  __scatter.o(!!!scatter)
    __scatterload_copy                       0x080001c5   Thumb Code    26  __scatter_copy.o(!!handler_copy)
    __scatterload_zeroinit                   0x080001e1   Thumb Code    28  __scatter_zi.o(!!handler_zi)
    _printf_d                                0x080001fd   Thumb Code     0  _printf_d.o(.ARM.Collect$$_printf_percent$$00000009)
    _printf_percent                          0x080001fd   Thumb Code     0  _printf_percent.o(.ARM.Collect$$_printf_percent$$00000000)
    _printf_x                                0x08000203   Thumb Code     0  _printf_x.o(.ARM.Collect$$_printf_percent$$0000000C)
    _printf_s                                0x08000209   Thumb Code     0  _printf_s.o(.ARM.Collect$$_printf_percent$$00000014)
    _printf_percent_end                      0x0800020f   Thumb Code     0  _printf_percent_end.o(.ARM.Collect$$_printf_percent$$00000017)
    __rt_lib_init                            0x08000213   Thumb Code     0  libinit.o(.ARM.Collect$$libinit$$00000000)
    __rt_lib_init_fp_1                       0x08000215   Thumb Code     0  libinit2.o(.ARM.Collect$$libinit$$00000001)
    __rt_lib_init_alloca_1                   0x08000219   Thumb Code     0  libinit2.o(.ARM.Collect$$libinit$$0000002E)
    __rt_lib_init_argv_1                     0x08000219   Thumb Code     0  libinit2.o(.ARM.Collect$$libinit$$0000002C)
    __rt_lib_init_atexit_1                   0x08000219   Thumb Code     0  libinit2.o(.ARM.Collect$$libinit$$0000001B)
    __rt_lib_init_clock_1                    0x08000219   Thumb Code     0  libinit2.o(.ARM.Collect$$libinit$$00000021)
    __rt_lib_init_cpp_1                      0x08000219   Thumb Code     0  libinit2.o(.ARM.Collect$$libinit$$00000032)
    __rt_lib_init_exceptions_1               0x08000219   Thumb Code     0  libinit2.o(.ARM.Collect$$libinit$$00000030)
    __rt_lib_init_fp_trap_1                  0x08000219   Thumb Code     0  libinit2.o(.ARM.Collect$$libinit$$0000001F)
    __rt_lib_init_getenv_1                   0x08000219   Thumb Code     0  libinit2.o(.ARM.Collect$$libinit$$00000023)
    __rt_lib_init_heap_1                     0x08000219   Thumb Code     0  libinit2.o(.ARM.Collect$$libinit$$0000000A)
    __rt_lib_init_lc_collate_1               0x08000219   Thumb Code     0  libinit2.o(.ARM.Collect$$libinit$$00000011)
    __rt_lib_init_lc_ctype_1                 0x08000219   Thumb Code     0  libinit2.o(.ARM.Collect$$libinit$$00000013)
    __rt_lib_init_lc_monetary_1              0x08000219   Thumb Code     0  libinit2.o(.ARM.Collect$$libinit$$00000015)
    __rt_lib_init_lc_numeric_1               0x08000219   Thumb Code     0  libinit2.o(.ARM.Collect$$libinit$$00000017)
    __rt_lib_init_lc_time_1                  0x08000219   Thumb Code     0  libinit2.o(.ARM.Collect$$libinit$$00000019)
    __rt_lib_init_preinit_1                  0x08000219   Thumb Code     0  libinit2.o(.ARM.Collect$$libinit$$00000004)
    __rt_lib_init_rand_1                     0x08000219   Thumb Code     0  libinit2.o(.ARM.Collect$$libinit$$0000000E)
    __rt_lib_init_return                     0x08000219   Thumb Code     0  libinit2.o(.ARM.Collect$$libinit$$00000033)
    __rt_lib_init_signal_1                   0x08000219   Thumb Code     0  libinit2.o(.ARM.Collect$$libinit$$0000001D)
    __rt_lib_init_stdio_1                    0x08000219   Thumb Code     0  libinit2.o(.ARM.Collect$$libinit$$00000025)
    __rt_lib_init_user_alloc_1               0x08000219   Thumb Code     0  libinit2.o(.ARM.Collect$$libinit$$0000000C)
    __rt_lib_shutdown                        0x0800021b   Thumb Code     0  libshutdown.o(.ARM.Collect$$libshutdown$$00000000)
    __rt_lib_shutdown_fp_trap_1              0x0800021d   Thumb Code     0  libshutdown2.o(.ARM.Collect$$libshutdown$$00000006)
    __rt_lib_shutdown_heap_1                 0x0800021d   Thumb Code     0  libshutdown2.o(.ARM.Collect$$libshutdown$$0000000E)
    __rt_lib_shutdown_return                 0x0800021d   Thumb Code     0  libshutdown2.o(.ARM.Collect$$libshutdown$$0000000F)
    __rt_lib_shutdown_signal_1               0x0800021d   Thumb Code     0  libshutdown2.o(.ARM.Collect$$libshutdown$$00000009)
    __rt_lib_shutdown_stdio_1                0x0800021d   Thumb Code     0  libshutdown2.o(.ARM.Collect$$libshutdown$$00000003)
    __rt_lib_shutdown_user_alloc_1           0x0800021d   Thumb Code     0  libshutdown2.o(.ARM.Collect$$libshutdown$$0000000B)
    __rt_entry                               0x0800021f   Thumb Code     0  __rtentry.o(.ARM.Collect$$rtentry$$00000000)
    __rt_entry_presh_1                       0x0800021f   Thumb Code     0  __rtentry2.o(.ARM.Collect$$rtentry$$00000002)
    __rt_entry_sh                            0x0800021f   Thumb Code     0  __rtentry4.o(.ARM.Collect$$rtentry$$00000004)
    __rt_entry_li                            0x08000225   Thumb Code     0  __rtentry2.o(.ARM.Collect$$rtentry$$0000000A)
    __rt_entry_postsh_1                      0x08000225   Thumb Code     0  __rtentry2.o(.ARM.Collect$$rtentry$$00000009)
    __rt_entry_main                          0x08000229   Thumb Code     0  __rtentry2.o(.ARM.Collect$$rtentry$$0000000D)
    __rt_entry_postli_1                      0x08000229   Thumb Code     0  __rtentry2.o(.ARM.Collect$$rtentry$$0000000C)
    __rt_exit                                0x08000231   Thumb Code     0  rtexit.o(.ARM.Collect$$rtexit$$00000000)
    __rt_exit_ls                             0x08000233   Thumb Code     0  rtexit2.o(.ARM.Collect$$rtexit$$00000003)
    __rt_exit_prels_1                        0x08000233   Thumb Code     0  rtexit2.o(.ARM.Collect$$rtexit$$00000002)
    __rt_exit_exit                           0x08000237   Thumb Code     0  rtexit2.o(.ARM.Collect$$rtexit$$00000004)
    main                                     0x0800023d   Thumb Code  1448  main.o(.text)
    NMI_Handler                              0x080007ed   Thumb Code     2  stm32f4xx_it.o(.text)
    HardFault_Handler                        0x080007ef   Thumb Code     4  stm32f4xx_it.o(.text)
    MemManage_Handler                        0x080007f3   Thumb Code     4  stm32f4xx_it.o(.text)
    BusFault_Handler                         0x080007f7   Thumb Code     4  stm32f4xx_it.o(.text)
    UsageFault_Handler                       0x080007fb   Thumb Code     4  stm32f4xx_it.o(.text)
    SVC_Handler                              0x080007ff   Thumb Code     2  stm32f4xx_it.o(.text)
    DebugMon_Handler                         0x08000801   Thumb Code     2  stm32f4xx_it.o(.text)
    PendSV_Handler                           0x08000803   Thumb Code     2  stm32f4xx_it.o(.text)
    SysTick_Handler                          0x08000805   Thumb Code     2  stm32f4xx_it.o(.text)
    SystemInit                               0x080008e5   Thumb Code    88  system_stm32f4xx.o(.text)
    SystemCoreClockUpdate                    0x0800093d   Thumb Code   174  system_stm32f4xx.o(.text)
    reset_init                               0x08000a19   Thumb Code    48  lcd.o(.text)
    LCD_WR_REG                               0x08000a49   Thumb Code    18  lcd.o(.text)
    LCD_WR_DATA                              0x08000a5b   Thumb Code    20  lcd.o(.text)
    LCD_RD_DATA                              0x08000a6f   Thumb Code    16  lcd.o(.text)
    LCD_WriteReg                             0x08000a7f   Thumb Code    14  lcd.o(.text)
    LCD_ReadReg                              0x08000a8d   Thumb Code    22  lcd.o(.text)
    LCD_WriteRAM_Prepare                     0x08000aa3   Thumb Code    10  lcd.o(.text)
    LCD_WriteRAM                             0x08000aad   Thumb Code     8  lcd.o(.text)
    LCD_BGR2RGB                              0x08000ab5   Thumb Code    26  lcd.o(.text)
    opt_delay                                0x08000acf   Thumb Code    14  lcd.o(.text)
    LCD_SetCursor                            0x08000add   Thumb Code   418  lcd.o(.text)
    LCD_ReadPoint                            0x08000c7f   Thumb Code   360  lcd.o(.text)
    LCD_DisplayOn                            0x08000de7   Thumb Code   104  lcd.o(.text)
    LCD_DisplayOff                           0x08000e4f   Thumb Code    90  lcd.o(.text)
    LCD_Scan_Dir                             0x08000ea9   Thumb Code   744  lcd.o(.text)
    LCD_DrawPoint                            0x08001191   Thumb Code    28  lcd.o(.text)
    LCD_Fast_DrawPoint                       0x080011ad   Thumb Code   388  lcd.o(.text)
    LCD_SSD_BackLightSet                     0x08001331   Thumb Code    88  lcd.o(.text)
    LCD_Display_Dir                          0x08001389   Thumb Code   444  lcd.o(.text)
    LCD_Set_Window                           0x08001545   Thumb Code   546  lcd.o(.text)
    LCD_Clear                                0x08001767   Thumb Code   100  lcd.o(.text)
    LCD_Init                                 0x080017cb   Thumb Code 14730  lcd.o(.text)
    LCD_Fill                                 0x08005155   Thumb Code   180  lcd.o(.text)
    LCD_Color_Fill                           0x08005209   Thumb Code   100  lcd.o(.text)
    LCD_DrawLine                             0x0800526d   Thumb Code   176  lcd.o(.text)
    LCD_DrawRectangle                        0x0800531d   Thumb Code    60  lcd.o(.text)
    LCD_Draw_Circle                          0x08005359   Thumb Code   152  lcd.o(.text)
    LCD_ShowChar                             0x080053f1   Thumb Code   288  lcd.o(.text)
    LCD_Pow                                  0x08005511   Thumb Code    22  lcd.o(.text)
    LCD_ShowNum                              0x08005527   Thumb Code   148  lcd.o(.text)
    LCD_ShowxNum                             0x080055bb   Thumb Code   224  lcd.o(.text)
    LCD_ShowString                           0x0800569b   Thumb Code   102  lcd.o(.text)
    LCD_ShowxString                          0x08005701   Thumb Code   104  lcd.o(.text)
    LCD_ShowFloat                            0x08005769   Thumb Code   556  lcd.o(.text)
    LCD_ShowxFloat                           0x08005995   Thumb Code   574  lcd.o(.text)
    LCD_Showcoordinatesystem                 0x08005bd3   Thumb Code   394  lcd.o(.text)
    RGB                                      0x08005d5d   Thumb Code    44  lcd.o(.text)
    EXTI9_5_IRQHandler                       0x08005da1   Thumb Code    28  keyboard.o(.text)
    COL_OUT_L                                0x08005dbd   Thumb Code   146  keyboard.o(.text)
    ROW_IN_PULL_UP                           0x08005e4f   Thumb Code    98  keyboard.o(.text)
    ROW_H_COL_L                              0x08005eb1   Thumb Code    12  keyboard.o(.text)
    TestCol                                  0x08005ebd   Thumb Code    80  keyboard.o(.text)
    ROW_OUT_L                                0x08005f0d   Thumb Code   140  keyboard.o(.text)
    COL_IN_PULL_UP                           0x08005f99   Thumb Code    98  keyboard.o(.text)
    ROW_L_COL_H                              0x08005ffb   Thumb Code    12  keyboard.o(.text)
    TestRow                                  0x08006007   Thumb Code    74  keyboard.o(.text)
    ReadKeyBoard                             0x08006051   Thumb Code   416  keyboard.o(.text)
    input_int                                0x080061f1   Thumb Code   294  keyboard.o(.text)
    Char_2_Double                            0x08006317   Thumb Code   162  keyboard.o(.text)
    input_double                             0x080063b9   Thumb Code   316  keyboard.o(.text)
    input_double_s                           0x080064f5   Thumb Code   534  keyboard.o(.text)
    input_string_s                           0x0800670b   Thumb Code   558  keyboard.o(.text)
    input_char                               0x08006939   Thumb Code    14  keyboard.o(.text)
    KeyBoard_Interrupt_Init                  0x08006947   Thumb Code    78  keyboard.o(.text)
    ENABLE_KeyBoard_CLK                      0x08006995   Thumb Code    20  keyboard.o(.text)
    InitRowColValue                          0x080069a9   Thumb Code    78  keyboard.o(.text)
    Init_KeyBoard_Port                       0x080069f7   Thumb Code    54  keyboard.o(.text)
    ADF_Output_GPIOInit                      0x08006a4d   Thumb Code   116  adf4351.o(.text)
    ADF_DOUT_GPIOInit                        0x08006ac1   Thumb Code    42  adf4351.o(.text)
    delay                                    0x08006aeb   Thumb Code    10  adf4351.o(.text)
    WriteToADF4351                           0x08006af5   Thumb Code   176  adf4351.o(.text)
    ReadToADF4351                            0x08006ba5   Thumb Code   170  adf4351.o(.text)
    ADF4351MEGInit                           0x08006c4f   Thumb Code    72  adf4351.o(.text)
    TransformInt32ToU8                       0x08006c97   Thumb Code    16  adf4351.o(.text)
    ADF4351Init                              0x08006ca7   Thumb Code   124  adf4351.o(.text)
    ADF4351RangeConstInit                    0x08006d23   Thumb Code     2  adf4351.o(.text)
    WriteOneRegToADF4351                     0x08006d25   Thumb Code    42  adf4351.o(.text)
    ADF4351_Init_some                        0x08006d4f   Thumb Code    24  adf4351.o(.text)
    ADF4351WriteFreq                         0x08006d67   Thumb Code   672  adf4351.o(.text)
    Adc_Init                                 0x0800701d   Thumb Code   124  adc.o(.text)
    Get_Adc                                  0x08007099   Thumb Code    44  adc.o(.text)
    Get_Adc_Average                          0x080070c5   Thumb Code    76  adc.o(.text)
    SPI1_Init                                0x08007119   Thumb Code   212  spi.o(.text)
    SPI1_SetSpeed                            0x080071ed   Thumb Code    36  spi.o(.text)
    SPI1_ReadWriteByte                       0x08007211   Thumb Code    50  spi.o(.text)
    SPI_SendReadByte8x5                      0x08007243   Thumb Code   132  spi.o(.text)
    PE_LE_Switch                             0x080072d1   Thumb Code    66  pe4302.o(.text)
    PE_GPIO_Init                             0x08007313   Thumb Code   130  pe4302.o(.text)
    PE4302_Set                               0x08007395   Thumb Code   126  pe4302.o(.text)
    PE4302_x_Set                             0x08007413   Thumb Code   146  pe4302.o(.text)
    IIC_Init                                 0x080074b1   Thumb Code    62  myiic.o(.text)
    IIC_Start                                0x080074ef   Thumb Code    68  myiic.o(.text)
    IIC_Stop                                 0x08007533   Thumb Code    62  myiic.o(.text)
    IIC_Wait_Ack                             0x08007571   Thumb Code    82  myiic.o(.text)
    IIC_Ack                                  0x080075c3   Thumb Code    66  myiic.o(.text)
    IIC_NAck                                 0x08007605   Thumb Code    66  myiic.o(.text)
    IIC_Send_Byte                            0x08007647   Thumb Code    90  myiic.o(.text)
    IIC_Read_Byte                            0x080076a1   Thumb Code    94  myiic.o(.text)
    AT24CXX_Init                             0x0800770d   Thumb Code     8  24cxx.o(.text)
    AT24CXX_ReadOneByte                      0x08007715   Thumb Code    88  24cxx.o(.text)
    AT24CXX_WriteOneByte                     0x0800776d   Thumb Code    80  24cxx.o(.text)
    AT24CXX_WriteLenByte                     0x080077bd   Thumb Code    42  24cxx.o(.text)
    AT24CXX_ReadLenByte                      0x080077e7   Thumb Code    44  24cxx.o(.text)
    AT24CXX_Check                            0x08007813   Thumb Code    46  24cxx.o(.text)
    AT24CXX_Read                             0x08007841   Thumb Code    34  24cxx.o(.text)
    AT24CXX_Write                            0x08007863   Thumb Code    36  24cxx.o(.text)
    CT_Delay                                 0x08007889   Thumb Code    10  ctiic.o(.text)
    CT_IIC_Init                              0x08007893   Thumb Code    60  ctiic.o(.text)
    CT_IIC_Start                             0x080078cf   Thumb Code    62  ctiic.o(.text)
    CT_IIC_Stop                              0x0800790d   Thumb Code    56  ctiic.o(.text)
    CT_IIC_Wait_Ack                          0x08007945   Thumb Code    78  ctiic.o(.text)
    CT_IIC_Ack                               0x08007993   Thumb Code    66  ctiic.o(.text)
    CT_IIC_NAck                              0x080079d5   Thumb Code    66  ctiic.o(.text)
    CT_IIC_Send_Byte                         0x08007a17   Thumb Code    82  ctiic.o(.text)
    CT_IIC_Read_Byte                         0x08007a69   Thumb Code    92  ctiic.o(.text)
    FT5206_WR_Reg                            0x08007add   Thumb Code    82  ft5206.o(.text)
    FT5206_RD_Reg                            0x08007b2f   Thumb Code    88  ft5206.o(.text)
    FT5206_Init                              0x08007b87   Thumb Code   202  ft5206.o(.text)
    FT5206_Scan                              0x08007c51   Thumb Code   400  ft5206.o(.text)
    GT9147_WR_Reg                            0x08007e09   Thumb Code    92  gt9147.o(.text)
    GT9147_Send_Cfg                          0x08007e65   Thumb Code    86  gt9147.o(.text)
    GT9147_RD_Reg                            0x08007ebb   Thumb Code    98  gt9147.o(.text)
    GT9147_Init                              0x08007f1d   Thumb Code   248  gt9147.o(.text)
    GT9147_Scan                              0x08008015   Thumb Code   564  gt9147.o(.text)
    OTT2001A_WR_Reg                          0x08008299   Thumb Code    92  ott2001a.o(.text)
    OTT2001A_RD_Reg                          0x080082f5   Thumb Code    98  ott2001a.o(.text)
    OTT2001A_SensorControl                   0x08008357   Thumb Code    28  ott2001a.o(.text)
    OTT2001A_Init                            0x08008373   Thumb Code   142  ott2001a.o(.text)
    OTT2001A_Scan                            0x08008401   Thumb Code   478  ott2001a.o(.text)
    TP_Write_Byte                            0x08008621   Thumb Code    64  touch.o(.text)
    TP_Read_AD                               0x08008661   Thumb Code   132  touch.o(.text)
    TP_Read_XOY                              0x080086e5   Thumb Code   120  touch.o(.text)
    TP_Read_XY                               0x0800875d   Thumb Code    38  touch.o(.text)
    TP_Read_XY2                              0x08008783   Thumb Code   192  touch.o(.text)
    TP_Drow_Touch_Point                      0x08008843   Thumb Code   108  touch.o(.text)
    TP_Draw_Big_Point                        0x080088af   Thumb Code    54  touch.o(.text)
    TP_Scan                                  0x080088e5   Thumb Code   244  touch.o(.text)
    TP_Save_Adjdata                          0x080089d9   Thumb Code   166  touch.o(.text)
    TP_Get_Adjdata                           0x08008a7f   Thumb Code   160  touch.o(.text)
    TP_Adj_Info_Show                         0x08008b1f   Thumb Code   374  touch.o(.text)
    TP_Adjust                                0x08008c95   Thumb Code  2290  touch.o(.text)
    TP_Init                                  0x08009587   Thumb Code   290  touch.o(.text)
    delay_init                               0x08009701   Thumb Code    52  delay.o(.text)
    delay_us                                 0x08009735   Thumb Code    72  delay.o(.text)
    delay_xms                                0x0800977d   Thumb Code    72  delay.o(.text)
    delay_ms                                 0x080097c5   Thumb Code    56  delay.o(.text)
    _sys_exit                                0x08009805   Thumb Code     2  usart.o(.text)
    fputc                                    0x08009807   Thumb Code    22  usart.o(.text)
    uart_init                                0x0800981d   Thumb Code   164  usart.o(.text)
    USART1_IRQHandler                        0x080098c1   Thumb Code   122  usart.o(.text)
    Reset_Handler                            0x0800994d   Thumb Code     8  startup_stm32f40_41xxx.o(.text)
    ADC_IRQHandler                           0x08009967   Thumb Code     0  startup_stm32f40_41xxx.o(.text)
    CAN1_RX0_IRQHandler                      0x08009967   Thumb Code     0  startup_stm32f40_41xxx.o(.text)
    CAN1_RX1_IRQHandler                      0x08009967   Thumb Code     0  startup_stm32f40_41xxx.o(.text)
    CAN1_SCE_IRQHandler                      0x08009967   Thumb Code     0  startup_stm32f40_41xxx.o(.text)
    CAN1_TX_IRQHandler                       0x08009967   Thumb Code     0  startup_stm32f40_41xxx.o(.text)
    CAN2_RX0_IRQHandler                      0x08009967   Thumb Code     0  startup_stm32f40_41xxx.o(.text)
    CAN2_RX1_IRQHandler                      0x08009967   Thumb Code     0  startup_stm32f40_41xxx.o(.text)
    CAN2_SCE_IRQHandler                      0x08009967   Thumb Code     0  startup_stm32f40_41xxx.o(.text)
    CAN2_TX_IRQHandler                       0x08009967   Thumb Code     0  startup_stm32f40_41xxx.o(.text)
    CRYP_IRQHandler                          0x08009967   Thumb Code     0  startup_stm32f40_41xxx.o(.text)
    DCMI_IRQHandler                          0x08009967   Thumb Code     0  startup_stm32f40_41xxx.o(.text)
    DMA1_Stream0_IRQHandler                  0x08009967   Thumb Code     0  startup_stm32f40_41xxx.o(.text)
    DMA1_Stream1_IRQHandler                  0x08009967   Thumb Code     0  startup_stm32f40_41xxx.o(.text)
    DMA1_Stream2_IRQHandler                  0x08009967   Thumb Code     0  startup_stm32f40_41xxx.o(.text)
    DMA1_Stream3_IRQHandler                  0x08009967   Thumb Code     0  startup_stm32f40_41xxx.o(.text)
    DMA1_Stream4_IRQHandler                  0x08009967   Thumb Code     0  startup_stm32f40_41xxx.o(.text)
    DMA1_Stream5_IRQHandler                  0x08009967   Thumb Code     0  startup_stm32f40_41xxx.o(.text)
    DMA1_Stream6_IRQHandler                  0x08009967   Thumb Code     0  startup_stm32f40_41xxx.o(.text)
    DMA1_Stream7_IRQHandler                  0x08009967   Thumb Code     0  startup_stm32f40_41xxx.o(.text)
    DMA2_Stream0_IRQHandler                  0x08009967   Thumb Code     0  startup_stm32f40_41xxx.o(.text)
    DMA2_Stream1_IRQHandler                  0x08009967   Thumb Code     0  startup_stm32f40_41xxx.o(.text)
    DMA2_Stream2_IRQHandler                  0x08009967   Thumb Code     0  startup_stm32f40_41xxx.o(.text)
    DMA2_Stream3_IRQHandler                  0x08009967   Thumb Code     0  startup_stm32f40_41xxx.o(.text)
    DMA2_Stream4_IRQHandler                  0x08009967   Thumb Code     0  startup_stm32f40_41xxx.o(.text)
    DMA2_Stream5_IRQHandler                  0x08009967   Thumb Code     0  startup_stm32f40_41xxx.o(.text)
    DMA2_Stream6_IRQHandler                  0x08009967   Thumb Code     0  startup_stm32f40_41xxx.o(.text)
    DMA2_Stream7_IRQHandler                  0x08009967   Thumb Code     0  startup_stm32f40_41xxx.o(.text)
    ETH_IRQHandler                           0x08009967   Thumb Code     0  startup_stm32f40_41xxx.o(.text)
    ETH_WKUP_IRQHandler                      0x08009967   Thumb Code     0  startup_stm32f40_41xxx.o(.text)
    EXTI0_IRQHandler                         0x08009967   Thumb Code     0  startup_stm32f40_41xxx.o(.text)
    EXTI15_10_IRQHandler                     0x08009967   Thumb Code     0  startup_stm32f40_41xxx.o(.text)
    EXTI1_IRQHandler                         0x08009967   Thumb Code     0  startup_stm32f40_41xxx.o(.text)
    EXTI2_IRQHandler                         0x08009967   Thumb Code     0  startup_stm32f40_41xxx.o(.text)
    EXTI3_IRQHandler                         0x08009967   Thumb Code     0  startup_stm32f40_41xxx.o(.text)
    EXTI4_IRQHandler                         0x08009967   Thumb Code     0  startup_stm32f40_41xxx.o(.text)
    FLASH_IRQHandler                         0x08009967   Thumb Code     0  startup_stm32f40_41xxx.o(.text)
    FPU_IRQHandler                           0x08009967   Thumb Code     0  startup_stm32f40_41xxx.o(.text)
    FSMC_IRQHandler                          0x08009967   Thumb Code     0  startup_stm32f40_41xxx.o(.text)
    HASH_RNG_IRQHandler                      0x08009967   Thumb Code     0  startup_stm32f40_41xxx.o(.text)
    I2C1_ER_IRQHandler                       0x08009967   Thumb Code     0  startup_stm32f40_41xxx.o(.text)
    I2C1_EV_IRQHandler                       0x08009967   Thumb Code     0  startup_stm32f40_41xxx.o(.text)
    I2C2_ER_IRQHandler                       0x08009967   Thumb Code     0  startup_stm32f40_41xxx.o(.text)
    I2C2_EV_IRQHandler                       0x08009967   Thumb Code     0  startup_stm32f40_41xxx.o(.text)
    I2C3_ER_IRQHandler                       0x08009967   Thumb Code     0  startup_stm32f40_41xxx.o(.text)
    I2C3_EV_IRQHandler                       0x08009967   Thumb Code     0  startup_stm32f40_41xxx.o(.text)
    OTG_FS_IRQHandler                        0x08009967   Thumb Code     0  startup_stm32f40_41xxx.o(.text)
    OTG_FS_WKUP_IRQHandler                   0x08009967   Thumb Code     0  startup_stm32f40_41xxx.o(.text)
    OTG_HS_EP1_IN_IRQHandler                 0x08009967   Thumb Code     0  startup_stm32f40_41xxx.o(.text)
    OTG_HS_EP1_OUT_IRQHandler                0x08009967   Thumb Code     0  startup_stm32f40_41xxx.o(.text)
    OTG_HS_IRQHandler                        0x08009967   Thumb Code     0  startup_stm32f40_41xxx.o(.text)
    OTG_HS_WKUP_IRQHandler                   0x08009967   Thumb Code     0  startup_stm32f40_41xxx.o(.text)
    PVD_IRQHandler                           0x08009967   Thumb Code     0  startup_stm32f40_41xxx.o(.text)
    RCC_IRQHandler                           0x08009967   Thumb Code     0  startup_stm32f40_41xxx.o(.text)
    RTC_Alarm_IRQHandler                     0x08009967   Thumb Code     0  startup_stm32f40_41xxx.o(.text)
    RTC_WKUP_IRQHandler                      0x08009967   Thumb Code     0  startup_stm32f40_41xxx.o(.text)
    SDIO_IRQHandler                          0x08009967   Thumb Code     0  startup_stm32f40_41xxx.o(.text)
    SPI1_IRQHandler                          0x08009967   Thumb Code     0  startup_stm32f40_41xxx.o(.text)
    SPI2_IRQHandler                          0x08009967   Thumb Code     0  startup_stm32f40_41xxx.o(.text)
    SPI3_IRQHandler                          0x08009967   Thumb Code     0  startup_stm32f40_41xxx.o(.text)
    TAMP_STAMP_IRQHandler                    0x08009967   Thumb Code     0  startup_stm32f40_41xxx.o(.text)
    TIM1_BRK_TIM9_IRQHandler                 0x08009967   Thumb Code     0  startup_stm32f40_41xxx.o(.text)
    TIM1_CC_IRQHandler                       0x08009967   Thumb Code     0  startup_stm32f40_41xxx.o(.text)
    TIM1_TRG_COM_TIM11_IRQHandler            0x08009967   Thumb Code     0  startup_stm32f40_41xxx.o(.text)
    TIM1_UP_TIM10_IRQHandler                 0x08009967   Thumb Code     0  startup_stm32f40_41xxx.o(.text)
    TIM2_IRQHandler                          0x08009967   Thumb Code     0  startup_stm32f40_41xxx.o(.text)
    TIM3_IRQHandler                          0x08009967   Thumb Code     0  startup_stm32f40_41xxx.o(.text)
    TIM4_IRQHandler                          0x08009967   Thumb Code     0  startup_stm32f40_41xxx.o(.text)
    TIM5_IRQHandler                          0x08009967   Thumb Code     0  startup_stm32f40_41xxx.o(.text)
    TIM6_DAC_IRQHandler                      0x08009967   Thumb Code     0  startup_stm32f40_41xxx.o(.text)
    TIM7_IRQHandler                          0x08009967   Thumb Code     0  startup_stm32f40_41xxx.o(.text)
    TIM8_BRK_TIM12_IRQHandler                0x08009967   Thumb Code     0  startup_stm32f40_41xxx.o(.text)
    TIM8_CC_IRQHandler                       0x08009967   Thumb Code     0  startup_stm32f40_41xxx.o(.text)
    TIM8_TRG_COM_TIM14_IRQHandler            0x08009967   Thumb Code     0  startup_stm32f40_41xxx.o(.text)
    TIM8_UP_TIM13_IRQHandler                 0x08009967   Thumb Code     0  startup_stm32f40_41xxx.o(.text)
    UART4_IRQHandler                         0x08009967   Thumb Code     0  startup_stm32f40_41xxx.o(.text)
    UART5_IRQHandler                         0x08009967   Thumb Code     0  startup_stm32f40_41xxx.o(.text)
    USART2_IRQHandler                        0x08009967   Thumb Code     0  startup_stm32f40_41xxx.o(.text)
    USART3_IRQHandler                        0x08009967   Thumb Code     0  startup_stm32f40_41xxx.o(.text)
    USART6_IRQHandler                        0x08009967   Thumb Code     0  startup_stm32f40_41xxx.o(.text)
    WWDG_IRQHandler                          0x08009967   Thumb Code     0  startup_stm32f40_41xxx.o(.text)
    __user_initial_stackheap                 0x08009969   Thumb Code     0  startup_stm32f40_41xxx.o(.text)
    NVIC_PriorityGroupConfig                 0x0800998d   Thumb Code    10  misc.o(.text)
    NVIC_Init                                0x08009997   Thumb Code   106  misc.o(.text)
    NVIC_SetVectorTable                      0x08009a01   Thumb Code    14  misc.o(.text)
    NVIC_SystemLPConfig                      0x08009a0f   Thumb Code    34  misc.o(.text)
    SysTick_CLKSourceConfig                  0x08009a31   Thumb Code    40  misc.o(.text)
    GPIO_DeInit                              0x08009a6d   Thumb Code   268  stm32f4xx_gpio.o(.text)
    GPIO_Init                                0x08009b79   Thumb Code   144  stm32f4xx_gpio.o(.text)
    GPIO_StructInit                          0x08009c09   Thumb Code    18  stm32f4xx_gpio.o(.text)
    GPIO_PinLockConfig                       0x08009c1b   Thumb Code    34  stm32f4xx_gpio.o(.text)
    GPIO_ReadInputDataBit                    0x08009c3d   Thumb Code    18  stm32f4xx_gpio.o(.text)
    GPIO_ReadInputData                       0x08009c4f   Thumb Code     8  stm32f4xx_gpio.o(.text)
    GPIO_ReadOutputDataBit                   0x08009c57   Thumb Code    18  stm32f4xx_gpio.o(.text)
    GPIO_ReadOutputData                      0x08009c69   Thumb Code     8  stm32f4xx_gpio.o(.text)
    GPIO_SetBits                             0x08009c71   Thumb Code     4  stm32f4xx_gpio.o(.text)
    GPIO_ResetBits                           0x08009c75   Thumb Code     4  stm32f4xx_gpio.o(.text)
    GPIO_WriteBit                            0x08009c79   Thumb Code    10  stm32f4xx_gpio.o(.text)
    GPIO_Write                               0x08009c83   Thumb Code     4  stm32f4xx_gpio.o(.text)
    GPIO_ToggleBits                          0x08009c87   Thumb Code     8  stm32f4xx_gpio.o(.text)
    GPIO_PinAFConfig                         0x08009c8f   Thumb Code    70  stm32f4xx_gpio.o(.text)
    FSMC_NORSRAMDeInit                       0x08009d01   Thumb Code    54  stm32f4xx_fsmc.o(.text)
    FSMC_NORSRAMInit                         0x08009d37   Thumb Code   230  stm32f4xx_fsmc.o(.text)
    FSMC_NORSRAMStructInit                   0x08009e1d   Thumb Code    48  stm32f4xx_fsmc.o(.text)
    FSMC_NORSRAMCmd                          0x08009e4d   Thumb Code    46  stm32f4xx_fsmc.o(.text)
    FSMC_NANDDeInit                          0x08009e7b   Thumb Code    62  stm32f4xx_fsmc.o(.text)
    FSMC_NANDInit                            0x08009eb9   Thumb Code   132  stm32f4xx_fsmc.o(.text)
    FSMC_NANDStructInit                      0x08009f3d   Thumb Code    54  stm32f4xx_fsmc.o(.text)
    FSMC_NANDCmd                             0x08009f73   Thumb Code    86  stm32f4xx_fsmc.o(.text)
    FSMC_NANDECCCmd                          0x08009fc9   Thumb Code    86  stm32f4xx_fsmc.o(.text)
    FSMC_GetECC                              0x0800a01f   Thumb Code    24  stm32f4xx_fsmc.o(.text)
    FSMC_PCCARDDeInit                        0x0800a037   Thumb Code    36  stm32f4xx_fsmc.o(.text)
    FSMC_PCCARDInit                          0x0800a05b   Thumb Code   130  stm32f4xx_fsmc.o(.text)
    FSMC_PCCARDStructInit                    0x0800a0dd   Thumb Code    60  stm32f4xx_fsmc.o(.text)
    FSMC_PCCARDCmd                           0x0800a119   Thumb Code    44  stm32f4xx_fsmc.o(.text)
    FSMC_ITConfig                            0x0800a145   Thumb Code   128  stm32f4xx_fsmc.o(.text)
    FSMC_GetFlagStatus                       0x0800a1c5   Thumb Code    54  stm32f4xx_fsmc.o(.text)
    FSMC_ClearFlag                           0x0800a1fb   Thumb Code    74  stm32f4xx_fsmc.o(.text)
    FSMC_GetITStatus                         0x0800a245   Thumb Code    62  stm32f4xx_fsmc.o(.text)
    FSMC_ClearITPendingBit                   0x0800a283   Thumb Code    66  stm32f4xx_fsmc.o(.text)
    RCC_DeInit                               0x0800a2c9   Thumb Code    82  stm32f4xx_rcc.o(.text)
    RCC_HSEConfig                            0x0800a31b   Thumb Code    14  stm32f4xx_rcc.o(.text)
    RCC_GetFlagStatus                        0x0800a329   Thumb Code    60  stm32f4xx_rcc.o(.text)
    RCC_WaitForHSEStartUp                    0x0800a365   Thumb Code    56  stm32f4xx_rcc.o(.text)
    RCC_AdjustHSICalibrationValue            0x0800a39d   Thumb Code    20  stm32f4xx_rcc.o(.text)
    RCC_HSICmd                               0x0800a3b1   Thumb Code     6  stm32f4xx_rcc.o(.text)
    RCC_LSEConfig                            0x0800a3b7   Thumb Code    46  stm32f4xx_rcc.o(.text)
    RCC_LSICmd                               0x0800a3e5   Thumb Code     6  stm32f4xx_rcc.o(.text)
    RCC_PLLConfig                            0x0800a3eb   Thumb Code    32  stm32f4xx_rcc.o(.text)
    RCC_PLLCmd                               0x0800a40b   Thumb Code     6  stm32f4xx_rcc.o(.text)
    RCC_PLLI2SConfig                         0x0800a411   Thumb Code    14  stm32f4xx_rcc.o(.text)
    RCC_PLLI2SCmd                            0x0800a41f   Thumb Code     6  stm32f4xx_rcc.o(.text)
    RCC_PLLSAIConfig                         0x0800a425   Thumb Code    20  stm32f4xx_rcc.o(.text)
    RCC_PLLSAICmd                            0x0800a439   Thumb Code     6  stm32f4xx_rcc.o(.text)
    RCC_ClockSecuritySystemCmd               0x0800a43f   Thumb Code     6  stm32f4xx_rcc.o(.text)
    RCC_MCO1Config                           0x0800a445   Thumb Code    28  stm32f4xx_rcc.o(.text)
    RCC_MCO2Config                           0x0800a461   Thumb Code    28  stm32f4xx_rcc.o(.text)
    RCC_SYSCLKConfig                         0x0800a47d   Thumb Code    20  stm32f4xx_rcc.o(.text)
    RCC_GetSYSCLKSource                      0x0800a491   Thumb Code    12  stm32f4xx_rcc.o(.text)
    RCC_HCLKConfig                           0x0800a49d   Thumb Code    20  stm32f4xx_rcc.o(.text)
    RCC_PCLK1Config                          0x0800a4b1   Thumb Code    20  stm32f4xx_rcc.o(.text)
    RCC_PCLK2Config                          0x0800a4c5   Thumb Code    22  stm32f4xx_rcc.o(.text)
    RCC_GetClocksFreq                        0x0800a4db   Thumb Code   222  stm32f4xx_rcc.o(.text)
    RCC_RTCCLKConfig                         0x0800a5b9   Thumb Code    54  stm32f4xx_rcc.o(.text)
    RCC_RTCCLKCmd                            0x0800a5ef   Thumb Code     8  stm32f4xx_rcc.o(.text)
    RCC_BackupResetCmd                       0x0800a5f7   Thumb Code     8  stm32f4xx_rcc.o(.text)
    RCC_I2SCLKConfig                         0x0800a5ff   Thumb Code     6  stm32f4xx_rcc.o(.text)
    RCC_SAIPLLI2SClkDivConfig                0x0800a605   Thumb Code    26  stm32f4xx_rcc.o(.text)
    RCC_SAIPLLSAIClkDivConfig                0x0800a61f   Thumb Code    28  stm32f4xx_rcc.o(.text)
    RCC_SAIBlockACLKConfig                   0x0800a63b   Thumb Code    20  stm32f4xx_rcc.o(.text)
    RCC_SAIBlockBCLKConfig                   0x0800a64f   Thumb Code    20  stm32f4xx_rcc.o(.text)
    RCC_LTDCCLKDivConfig                     0x0800a663   Thumb Code    20  stm32f4xx_rcc.o(.text)
    RCC_TIMCLKPresConfig                     0x0800a677   Thumb Code     6  stm32f4xx_rcc.o(.text)
    RCC_AHB1PeriphClockCmd                   0x0800a67d   Thumb Code    34  stm32f4xx_rcc.o(.text)
    RCC_AHB2PeriphClockCmd                   0x0800a69f   Thumb Code    78  stm32f4xx_rcc.o(.text)
    RCC_AHB3PeriphClockCmd                   0x0800a6ed   Thumb Code    34  stm32f4xx_rcc.o(.text)
    RCC_APB1PeriphClockCmd                   0x0800a70f   Thumb Code    34  stm32f4xx_rcc.o(.text)
    RCC_APB2PeriphClockCmd                   0x0800a731   Thumb Code    34  stm32f4xx_rcc.o(.text)
    RCC_AHB1PeriphResetCmd                   0x0800a753   Thumb Code    34  stm32f4xx_rcc.o(.text)
    RCC_AHB2PeriphResetCmd                   0x0800a775   Thumb Code    34  stm32f4xx_rcc.o(.text)
    RCC_AHB3PeriphResetCmd                   0x0800a797   Thumb Code    34  stm32f4xx_rcc.o(.text)
    RCC_APB1PeriphResetCmd                   0x0800a7b9   Thumb Code    34  stm32f4xx_rcc.o(.text)
    RCC_APB2PeriphResetCmd                   0x0800a7db   Thumb Code    34  stm32f4xx_rcc.o(.text)
    RCC_AHB1PeriphClockLPModeCmd             0x0800a7fd   Thumb Code    34  stm32f4xx_rcc.o(.text)
    RCC_AHB2PeriphClockLPModeCmd             0x0800a81f   Thumb Code    34  stm32f4xx_rcc.o(.text)
    RCC_AHB3PeriphClockLPModeCmd             0x0800a841   Thumb Code    34  stm32f4xx_rcc.o(.text)
    RCC_APB1PeriphClockLPModeCmd             0x0800a863   Thumb Code    34  stm32f4xx_rcc.o(.text)
    RCC_APB2PeriphClockLPModeCmd             0x0800a885   Thumb Code    34  stm32f4xx_rcc.o(.text)
    RCC_LSEModeConfig                        0x0800a8a7   Thumb Code    40  stm32f4xx_rcc.o(.text)
    RCC_ITConfig                             0x0800a8cf   Thumb Code    34  stm32f4xx_rcc.o(.text)
    RCC_ClearFlag                            0x0800a8f1   Thumb Code    18  stm32f4xx_rcc.o(.text)
    RCC_GetITStatus                          0x0800a903   Thumb Code    22  stm32f4xx_rcc.o(.text)
    RCC_ClearITPendingBit                    0x0800a919   Thumb Code     8  stm32f4xx_rcc.o(.text)
    SYSCFG_DeInit                            0x0800a925   Thumb Code    22  stm32f4xx_syscfg.o(.text)
    SYSCFG_MemoryRemapConfig                 0x0800a93b   Thumb Code     6  stm32f4xx_syscfg.o(.text)
    SYSCFG_MemorySwappingBank                0x0800a941   Thumb Code     6  stm32f4xx_syscfg.o(.text)
    SYSCFG_EXTILineConfig                    0x0800a947   Thumb Code    66  stm32f4xx_syscfg.o(.text)
    SYSCFG_ETH_MediaInterfaceConfig          0x0800a989   Thumb Code     8  stm32f4xx_syscfg.o(.text)
    SYSCFG_CompensationCellCmd               0x0800a991   Thumb Code     6  stm32f4xx_syscfg.o(.text)
    SYSCFG_GetCompensationCellStatus         0x0800a997   Thumb Code    22  stm32f4xx_syscfg.o(.text)
    USART_DeInit                             0x0800a9b9   Thumb Code   206  stm32f4xx_usart.o(.text)
    USART_Init                               0x0800aa87   Thumb Code   204  stm32f4xx_usart.o(.text)
    USART_StructInit                         0x0800ab53   Thumb Code    24  stm32f4xx_usart.o(.text)
    USART_ClockInit                          0x0800ab6b   Thumb Code    32  stm32f4xx_usart.o(.text)
    USART_ClockStructInit                    0x0800ab8b   Thumb Code    12  stm32f4xx_usart.o(.text)
    USART_Cmd                                0x0800ab97   Thumb Code    24  stm32f4xx_usart.o(.text)
    USART_SetPrescaler                       0x0800abaf   Thumb Code    16  stm32f4xx_usart.o(.text)
    USART_OverSampling8Cmd                   0x0800abbf   Thumb Code    22  stm32f4xx_usart.o(.text)
    USART_OneBitMethodCmd                    0x0800abd5   Thumb Code    24  stm32f4xx_usart.o(.text)
    USART_SendData                           0x0800abed   Thumb Code     8  stm32f4xx_usart.o(.text)
    USART_ReceiveData                        0x0800abf5   Thumb Code    10  stm32f4xx_usart.o(.text)
    USART_SetAddress                         0x0800abff   Thumb Code    18  stm32f4xx_usart.o(.text)
    USART_ReceiverWakeUpCmd                  0x0800ac11   Thumb Code    24  stm32f4xx_usart.o(.text)
    USART_WakeUpConfig                       0x0800ac29   Thumb Code    18  stm32f4xx_usart.o(.text)
    USART_LINBreakDetectLengthConfig         0x0800ac3b   Thumb Code    18  stm32f4xx_usart.o(.text)
    USART_LINCmd                             0x0800ac4d   Thumb Code    24  stm32f4xx_usart.o(.text)
    USART_SendBreak                          0x0800ac65   Thumb Code    10  stm32f4xx_usart.o(.text)
    USART_HalfDuplexCmd                      0x0800ac6f   Thumb Code    24  stm32f4xx_usart.o(.text)
    USART_SetGuardTime                       0x0800ac87   Thumb Code    16  stm32f4xx_usart.o(.text)
    USART_SmartCardCmd                       0x0800ac97   Thumb Code    24  stm32f4xx_usart.o(.text)
    USART_SmartCardNACKCmd                   0x0800acaf   Thumb Code    24  stm32f4xx_usart.o(.text)
    USART_IrDAConfig                         0x0800acc7   Thumb Code    18  stm32f4xx_usart.o(.text)
    USART_IrDACmd                            0x0800acd9   Thumb Code    24  stm32f4xx_usart.o(.text)
    USART_DMACmd                             0x0800acf1   Thumb Code    18  stm32f4xx_usart.o(.text)
    USART_ITConfig                           0x0800ad03   Thumb Code    74  stm32f4xx_usart.o(.text)
    USART_GetFlagStatus                      0x0800ad4d   Thumb Code    26  stm32f4xx_usart.o(.text)
    USART_ClearFlag                          0x0800ad67   Thumb Code    18  stm32f4xx_usart.o(.text)
    USART_GetITStatus                        0x0800ad79   Thumb Code   118  stm32f4xx_usart.o(.text)
    USART_ClearITPendingBit                  0x0800adef   Thumb Code    30  stm32f4xx_usart.o(.text)
    EXTI_DeInit                              0x0800ae0d   Thumb Code    28  stm32f4xx_exti.o(.text)
    EXTI_Init                                0x0800ae29   Thumb Code   142  stm32f4xx_exti.o(.text)
    EXTI_StructInit                          0x0800aeb7   Thumb Code    16  stm32f4xx_exti.o(.text)
    EXTI_GenerateSWInterrupt                 0x0800aec7   Thumb Code    16  stm32f4xx_exti.o(.text)
    EXTI_GetFlagStatus                       0x0800aed7   Thumb Code    22  stm32f4xx_exti.o(.text)
    EXTI_ClearFlag                           0x0800aeed   Thumb Code     8  stm32f4xx_exti.o(.text)
    EXTI_GetITStatus                         0x0800aef5   Thumb Code    22  stm32f4xx_exti.o(.text)
    EXTI_ClearITPendingBit                   0x0800af0b   Thumb Code     8  stm32f4xx_exti.o(.text)
    ADC_DeInit                               0x0800af1d   Thumb Code    22  stm32f4xx_adc.o(.text)
    ADC_Init                                 0x0800af33   Thumb Code    74  stm32f4xx_adc.o(.text)
    ADC_StructInit                           0x0800af7d   Thumb Code    20  stm32f4xx_adc.o(.text)
    ADC_CommonInit                           0x0800af91   Thumb Code    34  stm32f4xx_adc.o(.text)
    ADC_CommonStructInit                     0x0800afb3   Thumb Code    12  stm32f4xx_adc.o(.text)
    ADC_Cmd                                  0x0800afbf   Thumb Code    22  stm32f4xx_adc.o(.text)
    ADC_AnalogWatchdogCmd                    0x0800afd5   Thumb Code    16  stm32f4xx_adc.o(.text)
    ADC_AnalogWatchdogThresholdsConfig       0x0800afe5   Thumb Code     6  stm32f4xx_adc.o(.text)
    ADC_AnalogWatchdogSingleChannelConfig    0x0800afeb   Thumb Code    16  stm32f4xx_adc.o(.text)
    ADC_TempSensorVrefintCmd                 0x0800affb   Thumb Code    34  stm32f4xx_adc.o(.text)
    ADC_VBATCmd                              0x0800b01d   Thumb Code    34  stm32f4xx_adc.o(.text)
    ADC_RegularChannelConfig                 0x0800b03f   Thumb Code   184  stm32f4xx_adc.o(.text)
    ADC_SoftwareStartConv                    0x0800b0f7   Thumb Code    10  stm32f4xx_adc.o(.text)
    ADC_GetSoftwareStartConvStatus           0x0800b101   Thumb Code    20  stm32f4xx_adc.o(.text)
    ADC_EOCOnEachRegularChannelCmd           0x0800b115   Thumb Code    22  stm32f4xx_adc.o(.text)
    ADC_ContinuousModeCmd                    0x0800b12b   Thumb Code    22  stm32f4xx_adc.o(.text)
    ADC_DiscModeChannelCountConfig           0x0800b141   Thumb Code    24  stm32f4xx_adc.o(.text)
    ADC_DiscModeCmd                          0x0800b159   Thumb Code    22  stm32f4xx_adc.o(.text)
    ADC_GetConversionValue                   0x0800b16f   Thumb Code     8  stm32f4xx_adc.o(.text)
    ADC_GetMultiModeConversionValue          0x0800b177   Thumb Code     8  stm32f4xx_adc.o(.text)
    ADC_DMACmd                               0x0800b17f   Thumb Code    22  stm32f4xx_adc.o(.text)
    ADC_DMARequestAfterLastTransferCmd       0x0800b195   Thumb Code    22  stm32f4xx_adc.o(.text)
    ADC_MultiModeDMARequestAfterLastTransferCmd 0x0800b1ab   Thumb Code    34  stm32f4xx_adc.o(.text)
    ADC_InjectedChannelConfig                0x0800b1cd   Thumb Code   130  stm32f4xx_adc.o(.text)
    ADC_InjectedSequencerLengthConfig        0x0800b24f   Thumb Code    24  stm32f4xx_adc.o(.text)
    ADC_SetInjectedOffset                    0x0800b267   Thumb Code    20  stm32f4xx_adc.o(.text)
    ADC_ExternalTrigInjectedConvConfig       0x0800b27b   Thumb Code    16  stm32f4xx_adc.o(.text)
    ADC_ExternalTrigInjectedConvEdgeConfig   0x0800b28b   Thumb Code    16  stm32f4xx_adc.o(.text)
    ADC_SoftwareStartInjectedConv            0x0800b29b   Thumb Code    10  stm32f4xx_adc.o(.text)
    ADC_GetSoftwareStartInjectedConvCmdStatus 0x0800b2a5   Thumb Code    20  stm32f4xx_adc.o(.text)
    ADC_AutoInjectedConvCmd                  0x0800b2b9   Thumb Code    22  stm32f4xx_adc.o(.text)
    ADC_InjectedDiscModeCmd                  0x0800b2cf   Thumb Code    22  stm32f4xx_adc.o(.text)
    ADC_GetInjectedConversionValue           0x0800b2e5   Thumb Code    28  stm32f4xx_adc.o(.text)
    ADC_ITConfig                             0x0800b301   Thumb Code    56  stm32f4xx_adc.o(.text)
    ADC_GetFlagStatus                        0x0800b339   Thumb Code    18  stm32f4xx_adc.o(.text)
    ADC_ClearFlag                            0x0800b34b   Thumb Code     6  stm32f4xx_adc.o(.text)
    ADC_GetITStatus                          0x0800b351   Thumb Code    38  stm32f4xx_adc.o(.text)
    ADC_ClearITPendingBit                    0x0800b377   Thumb Code    10  stm32f4xx_adc.o(.text)
    SPI_I2S_DeInit                           0x0800b381   Thumb Code   152  stm32f4xx_spi.o(.text)
    SPI_Init                                 0x0800b419   Thumb Code    60  stm32f4xx_spi.o(.text)
    I2S_Init                                 0x0800b455   Thumb Code   396  stm32f4xx_spi.o(.text)
    SPI_StructInit                           0x0800b5e1   Thumb Code    24  stm32f4xx_spi.o(.text)
    I2S_StructInit                           0x0800b5f9   Thumb Code    20  stm32f4xx_spi.o(.text)
    SPI_Cmd                                  0x0800b60d   Thumb Code    24  stm32f4xx_spi.o(.text)
    I2S_Cmd                                  0x0800b625   Thumb Code    24  stm32f4xx_spi.o(.text)
    SPI_DataSizeConfig                       0x0800b63d   Thumb Code    18  stm32f4xx_spi.o(.text)
    SPI_BiDirectionalLineConfig              0x0800b64f   Thumb Code    28  stm32f4xx_spi.o(.text)
    SPI_NSSInternalSoftwareConfig            0x0800b66b   Thumb Code    30  stm32f4xx_spi.o(.text)
    SPI_SSOutputCmd                          0x0800b689   Thumb Code    24  stm32f4xx_spi.o(.text)
    SPI_TIModeCmd                            0x0800b6a1   Thumb Code    24  stm32f4xx_spi.o(.text)
    I2S_FullDuplexConfig                     0x0800b6b9   Thumb Code    80  stm32f4xx_spi.o(.text)
    SPI_I2S_ReceiveData                      0x0800b709   Thumb Code     6  stm32f4xx_spi.o(.text)
    SPI_I2S_SendData                         0x0800b70f   Thumb Code     4  stm32f4xx_spi.o(.text)
    SPI_CalculateCRC                         0x0800b713   Thumb Code    24  stm32f4xx_spi.o(.text)
    SPI_TransmitCRC                          0x0800b72b   Thumb Code    10  stm32f4xx_spi.o(.text)
    SPI_GetCRC                               0x0800b735   Thumb Code    16  stm32f4xx_spi.o(.text)
    SPI_GetCRCPolynomial                     0x0800b745   Thumb Code     6  stm32f4xx_spi.o(.text)
    SPI_I2S_DMACmd                           0x0800b74b   Thumb Code    18  stm32f4xx_spi.o(.text)
    SPI_I2S_ITConfig                         0x0800b75d   Thumb Code    68  stm32f4xx_spi.o(.text)
    SPI_I2S_GetFlagStatus                    0x0800b7a1   Thumb Code    18  stm32f4xx_spi.o(.text)
    SPI_I2S_ClearFlag                        0x0800b7b3   Thumb Code     6  stm32f4xx_spi.o(.text)
    SPI_I2S_GetITStatus                      0x0800b7b9   Thumb Code    52  stm32f4xx_spi.o(.text)
    SPI_I2S_ClearITPendingBit                0x0800b7ed   Thumb Code    20  stm32f4xx_spi.o(.text)
    __use_no_semihosting                     0x0800b801   Thumb Code     2  use_no_semi_2.o(.text)
    __aeabi_uldivmod                         0x0800b803   Thumb Code     0  lludivv7m.o(.text)
    _ll_udiv                                 0x0800b803   Thumb Code   238  lludivv7m.o(.text)
    __aeabi_llsr                             0x0800b8f1   Thumb Code     0  llushr.o(.text)
    _ll_ushift_r                             0x0800b8f1   Thumb Code    38  llushr.o(.text)
    __2printf                                0x0800b919   Thumb Code    20  noretval__2printf.o(.text)
    __printf                                 0x0800b931   Thumb Code   104  __printf.o(.text)
    _printf_str                              0x0800b999   Thumb Code    82  _printf_str.o(.text)
    _printf_int_dec                          0x0800b9ed   Thumb Code   104  _printf_dec.o(.text)
    _printf_int_hex                          0x0800ba65   Thumb Code    84  _printf_hex_int.o(.text)
    _printf_longlong_hex                     0x0800ba65   Thumb Code     0  _printf_hex_int.o(.text)
    strcmp                                   0x0800babd   Thumb Code   128  strcmpv7m.o(.text)
    __use_two_region_memory                  0x0800bb3d   Thumb Code     2  heapauxi.o(.text)
    __rt_heap_escrow$2region                 0x0800bb3f   Thumb Code     2  heapauxi.o(.text)
    __rt_heap_expand$2region                 0x0800bb41   Thumb Code     2  heapauxi.o(.text)
    __I$use$semihosting                      0x0800bb43   Thumb Code     0  use_no_semi.o(.text)
    __use_no_semihosting_swi                 0x0800bb43   Thumb Code     2  use_no_semi.o(.text)
    __read_errno                             0x0800bb45   Thumb Code    10  _rserrno.o(.text)
    __set_errno                              0x0800bb4f   Thumb Code    12  _rserrno.o(.text)
    _printf_int_common                       0x0800bb5b   Thumb Code   178  _printf_intcommon.o(.text)
    _printf_cs_common                        0x0800bc0d   Thumb Code    20  _printf_char.o(.text)
    _printf_char                             0x0800bc21   Thumb Code    16  _printf_char.o(.text)
    _printf_string                           0x0800bc31   Thumb Code     8  _printf_char.o(.text)
    _printf_char_file                        0x0800bc39   Thumb Code    32  _printf_char_file.o(.text)
    __aeabi_errno_addr                       0x0800bc5d   Thumb Code     8  rt_errno_addr_intlibspace.o(.text)
    __errno$intlibspace                      0x0800bc5d   Thumb Code     0  rt_errno_addr_intlibspace.o(.text)
    __rt_errno_addr$intlibspace              0x0800bc5d   Thumb Code     0  rt_errno_addr_intlibspace.o(.text)
    _printf_char_common                      0x0800bc6f   Thumb Code    32  _printf_char_common.o(.text)
    ferror                                   0x0800bc95   Thumb Code     8  ferror.o(.text)
    __user_libspace                          0x0800bc9d   Thumb Code     8  libspace.o(.text)
    __user_perproc_libspace                  0x0800bc9d   Thumb Code     0  libspace.o(.text)
    __user_perthread_libspace                0x0800bc9d   Thumb Code     0  libspace.o(.text)
    __user_setup_stackheap                   0x0800bca5   Thumb Code    74  sys_stackheap_outer.o(.text)
    exit                                     0x0800bcef   Thumb Code    12  exit.o(.text)
    __hardfp_sqrt                            0x0800bcfb   Thumb Code   122  sqrt.o(i.__hardfp_sqrt)
    __aeabi_dneg                             0x0800bd75   Thumb Code     0  basic.o(x$fpl$basic)
    _dneg                                    0x0800bd75   Thumb Code     6  basic.o(x$fpl$basic)
    __aeabi_fneg                             0x0800bd7b   Thumb Code     0  basic.o(x$fpl$basic)
    _fneg                                    0x0800bd7b   Thumb Code     6  basic.o(x$fpl$basic)
    _dabs                                    0x0800bd81   Thumb Code     6  basic.o(x$fpl$basic)
    _fabs                                    0x0800bd87   Thumb Code     6  basic.o(x$fpl$basic)
    __aeabi_d2f                              0x0800bd8d   Thumb Code     0  d2f.o(x$fpl$d2f)
    _d2f                                     0x0800bd8d   Thumb Code    98  d2f.o(x$fpl$d2f)
    __aeabi_dadd                             0x0800bdf1   Thumb Code     0  daddsub_clz.o(x$fpl$dadd)
    _dadd                                    0x0800bdf1   Thumb Code   332  daddsub_clz.o(x$fpl$dadd)
    __fpl_dcmp_Inf                           0x0800bf41   Thumb Code    24  dcmpi.o(x$fpl$dcmpinf)
    __aeabi_ddiv                             0x0800bf59   Thumb Code     0  ddiv.o(x$fpl$ddiv)
    _ddiv                                    0x0800bf59   Thumb Code   552  ddiv.o(x$fpl$ddiv)
    __aeabi_d2uiz                            0x0800c209   Thumb Code     0  dfixu.o(x$fpl$dfixu)
    _dfixu                                   0x0800c209   Thumb Code    90  dfixu.o(x$fpl$dfixu)
    __aeabi_i2d                              0x0800c263   Thumb Code     0  dflt_clz.o(x$fpl$dflt)
    _dflt                                    0x0800c263   Thumb Code    46  dflt_clz.o(x$fpl$dflt)
    __aeabi_l2d                              0x0800c291   Thumb Code     0  dfltll_clz.o(x$fpl$dfltll)
    _ll_sto_d                                0x0800c291   Thumb Code   162  dfltll_clz.o(x$fpl$dfltll)
    __aeabi_ui2d                             0x0800c333   Thumb Code     0  dflt_clz.o(x$fpl$dfltu)
    _dfltu                                   0x0800c333   Thumb Code    38  dflt_clz.o(x$fpl$dfltu)
    __aeabi_ul2d                             0x0800c359   Thumb Code     0  dfltll_clz.o(x$fpl$dfltull)
    _ll_uto_d                                0x0800c359   Thumb Code   138  dfltll_clz.o(x$fpl$dfltull)
    __aeabi_cdcmple                          0x0800c3e5   Thumb Code     0  dleqf.o(x$fpl$dleqf)
    _dcmple                                  0x0800c3e5   Thumb Code   120  dleqf.o(x$fpl$dleqf)
    __fpl_dcmple_InfNaN                      0x0800c447   Thumb Code     0  dleqf.o(x$fpl$dleqf)
    __aeabi_dmul                             0x0800c45d   Thumb Code     0  dmul.o(x$fpl$dmul)
    _dmul                                    0x0800c45d   Thumb Code   332  dmul.o(x$fpl$dmul)
    __fpl_dnaninf                            0x0800c5b1   Thumb Code   156  dnaninf.o(x$fpl$dnaninf)
    __fpl_dretinf                            0x0800c64d   Thumb Code    12  dretinf.o(x$fpl$dretinf)
    __aeabi_cdrcmple                         0x0800c659   Thumb Code     0  drleqf.o(x$fpl$drleqf)
    _drcmple                                 0x0800c659   Thumb Code   108  drleqf.o(x$fpl$drleqf)
    __aeabi_drsub                            0x0800c6c5   Thumb Code     0  daddsub_clz.o(x$fpl$drsb)
    _drsb                                    0x0800c6c5   Thumb Code    22  daddsub_clz.o(x$fpl$drsb)
    _dsqrt                                   0x0800c6dd   Thumb Code   404  dsqrt_umaal.o(x$fpl$dsqrt)
    __aeabi_dsub                             0x0800c875   Thumb Code     0  daddsub_clz.o(x$fpl$dsub)
    _dsub                                    0x0800c875   Thumb Code   464  daddsub_clz.o(x$fpl$dsub)
    __aeabi_f2d                              0x0800ca49   Thumb Code     0  f2d.o(x$fpl$f2d)
    _f2d                                     0x0800ca49   Thumb Code    86  f2d.o(x$fpl$f2d)
    __fpl_fnaninf                            0x0800ca9f   Thumb Code   140  fnaninf.o(x$fpl$fnaninf)
    _fp_init                                 0x0800cb2b   Thumb Code    10  fpinit.o(x$fpl$fpinit)
    __fplib_config_fpu_vfp                   0x0800cb33   Thumb Code     0  fpinit.o(x$fpl$fpinit)
    __fplib_config_pureend_doubles           0x0800cb33   Thumb Code     0  fpinit.o(x$fpl$fpinit)
    __fpl_fretinf                            0x0800cb35   Thumb Code    10  fretinf.o(x$fpl$fretinf)
    __aeabi_d2ulz                            0x0800cb41   Thumb Code     0  dfixull.o(x$fpl$llufromd)
    _ll_ufrom_d                              0x0800cb41   Thumb Code   120  dfixull.o(x$fpl$llufromd)
    __I$use$fp                               0x0800cbb8   Number         0  usenofp.o(x$fpl$usenofp)
    asc2_1206                                0x0800cbb8   Data        1140  lcd.o(.constdata)
    asc2_1608                                0x0800d02c   Data        1520  lcd.o(.constdata)
    asc2_2412                                0x0800d61c   Data        3420  lcd.o(.constdata)
    asc2_3216                                0x0800e378   Data        6080  lcd.o(.constdata)
    array_CHAR                               0x0800fb38   Data          16  keyboard.o(.constdata)
    FT5206_TPX_TBL                           0x0800fb48   Data          10  ft5206.o(.constdata)
    GT9147_CFG_TBL                           0x0800fb52   Data         184  gt9147.o(.constdata)
    GT9147_TPX_TBL                           0x0800fc0a   Data          10  gt9147.o(.constdata)
    OTT_TPX_TBL                              0x0800fc14   Data          10  ott2001a.o(.constdata)
    TP_REMIND_MSG_TBL                        0x0800fc20   Data           4  touch.o(.constdata)
    FSMC_DefaultTimingStruct                 0x0800fc24   Data          28  stm32f4xx_fsmc.o(.constdata)
    Region$$Table$$Base                      0x0800fce4   Number         0  anon$$obj.o(Region$$Table)
    Region$$Table$$Limit                     0x0800fd04   Number         0  anon$$obj.o(Region$$Table)
    ADF4351VALUE                             0x20000000   Data           8  main.o(.data)
    menu_flag                                0x20000008   Data           4  main.o(.data)
    i                                        0x2000000c   Data           4  main.o(.data)
    X_pos                                    0x20000010   Data           4  main.o(.data)
    Y_to_draw                                0x20000018   Data           8  main.o(.data)
    Data_in                                  0x20000020   Data           4  main.o(.data)
    SystemCoreClock                          0x20000024   Data           4  system_stm32f4xx.o(.data)
    AHBPrescTable                            0x20000028   Data          16  system_stm32f4xx.o(.data)
    POINT_COLOR                              0x20000038   Data           2  lcd.o(.data)
    BACK_COLOR                               0x2000003a   Data           2  lcd.o(.data)
    Enter_flag                               0x20000040   Data           4  keyboard.o(.data)
    KBCode                                   0x20000044   Data           8  keyboard.o(.data)
    KeyValue                                 0x2000004c   Data           1  keyboard.o(.data)
    KeyChange_Flag                           0x2000004d   Data           1  keyboard.o(.data)
    freq                                     0x20000050   Data           8  keyboard.o(.data)
    tp_dev                                   0x20000070   Data          52  touch.o(.data)
    CMD_RDX                                  0x200000a4   Data           1  touch.o(.data)
    CMD_RDY                                  0x200000a5   Data           1  touch.o(.data)
    __stdout                                 0x200000ac   Data           4  usart.o(.data)
    USART_RX_STA                             0x200000b0   Data           2  usart.o(.data)
    lcddev                                   0x200000c4   Data          14  lcd.o(.bss)
    ADF4351                                  0x20000118   Data          72  adf4351.o(.bss)
    USART_RX_BUF                             0x20000160   Data         200  usart.o(.bss)
    __libspace_start                         0x20000228   Data          96  libspace.o(.bss)
    __temporary_stack_top$libspace           0x20000288   Data           0  libspace.o(.bss)



==============================================================================

Memory Map of the image

  Image Entry point : 0x08000189

  Load Region LR_IROM1 (Base: 0x08000000, Size: 0x0000fdc8, Max: 0x00100000, ABSOLUTE)

    Execution Region ER_IROM1 (Base: 0x08000000, Size: 0x0000fd04, Max: 0x00100000, ABSOLUTE)

    Base Addr    Size         Type   Attr      Idx    E Section Name        Object

    0x08000000   0x00000188   Data   RO          729    RESET               startup_stm32f40_41xxx.o
    0x08000188   0x00000008   Code   RO          988  * !!!main             c_w.l(__main.o)
    0x08000190   0x00000034   Code   RO         1247    !!!scatter          c_w.l(__scatter.o)
    0x080001c4   0x0000001a   Code   RO         1249    !!handler_copy      c_w.l(__scatter_copy.o)
    0x080001de   0x00000002   PAD
    0x080001e0   0x0000001c   Code   RO         1251    !!handler_zi        c_w.l(__scatter_zi.o)
    0x080001fc   0x00000000   Code   RO          983    .ARM.Collect$$_printf_percent$$00000000  c_w.l(_printf_percent.o)
    0x080001fc   0x00000006   Code   RO          982    .ARM.Collect$$_printf_percent$$00000009  c_w.l(_printf_d.o)
    0x08000202   0x00000006   Code   RO          981    .ARM.Collect$$_printf_percent$$0000000C  c_w.l(_printf_x.o)
    0x08000208   0x00000006   Code   RO          980    .ARM.Collect$$_printf_percent$$00000014  c_w.l(_printf_s.o)
    0x0800020e   0x00000004   Code   RO         1065    .ARM.Collect$$_printf_percent$$00000017  c_w.l(_printf_percent_end.o)
    0x08000212   0x00000002   Code   RO         1125    .ARM.Collect$$libinit$$00000000  c_w.l(libinit.o)
    0x08000214   0x00000004   Code   RO         1134    .ARM.Collect$$libinit$$00000001  c_w.l(libinit2.o)
    0x08000218   0x00000000   Code   RO         1137    .ARM.Collect$$libinit$$00000004  c_w.l(libinit2.o)
    0x08000218   0x00000000   Code   RO         1140    .ARM.Collect$$libinit$$0000000A  c_w.l(libinit2.o)
    0x08000218   0x00000000   Code   RO         1142    .ARM.Collect$$libinit$$0000000C  c_w.l(libinit2.o)
    0x08000218   0x00000000   Code   RO         1144    .ARM.Collect$$libinit$$0000000E  c_w.l(libinit2.o)
    0x08000218   0x00000000   Code   RO         1147    .ARM.Collect$$libinit$$00000011  c_w.l(libinit2.o)
    0x08000218   0x00000000   Code   RO         1149    .ARM.Collect$$libinit$$00000013  c_w.l(libinit2.o)
    0x08000218   0x00000000   Code   RO         1151    .ARM.Collect$$libinit$$00000015  c_w.l(libinit2.o)
    0x08000218   0x00000000   Code   RO         1153    .ARM.Collect$$libinit$$00000017  c_w.l(libinit2.o)
    0x08000218   0x00000000   Code   RO         1155    .ARM.Collect$$libinit$$00000019  c_w.l(libinit2.o)
    0x08000218   0x00000000   Code   RO         1157    .ARM.Collect$$libinit$$0000001B  c_w.l(libinit2.o)
    0x08000218   0x00000000   Code   RO         1159    .ARM.Collect$$libinit$$0000001D  c_w.l(libinit2.o)
    0x08000218   0x00000000   Code   RO         1161    .ARM.Collect$$libinit$$0000001F  c_w.l(libinit2.o)
    0x08000218   0x00000000   Code   RO         1163    .ARM.Collect$$libinit$$00000021  c_w.l(libinit2.o)
    0x08000218   0x00000000   Code   RO         1165    .ARM.Collect$$libinit$$00000023  c_w.l(libinit2.o)
    0x08000218   0x00000000   Code   RO         1167    .ARM.Collect$$libinit$$00000025  c_w.l(libinit2.o)
    0x08000218   0x00000000   Code   RO         1171    .ARM.Collect$$libinit$$0000002C  c_w.l(libinit2.o)
    0x08000218   0x00000000   Code   RO         1173    .ARM.Collect$$libinit$$0000002E  c_w.l(libinit2.o)
    0x08000218   0x00000000   Code   RO         1175    .ARM.Collect$$libinit$$00000030  c_w.l(libinit2.o)
    0x08000218   0x00000000   Code   RO         1177    .ARM.Collect$$libinit$$00000032  c_w.l(libinit2.o)
    0x08000218   0x00000002   Code   RO         1178    .ARM.Collect$$libinit$$00000033  c_w.l(libinit2.o)
    0x0800021a   0x00000002   Code   RO         1204    .ARM.Collect$$libshutdown$$00000000  c_w.l(libshutdown.o)
    0x0800021c   0x00000000   Code   RO         1232    .ARM.Collect$$libshutdown$$00000003  c_w.l(libshutdown2.o)
    0x0800021c   0x00000000   Code   RO         1235    .ARM.Collect$$libshutdown$$00000006  c_w.l(libshutdown2.o)
    0x0800021c   0x00000000   Code   RO         1238    .ARM.Collect$$libshutdown$$00000009  c_w.l(libshutdown2.o)
    0x0800021c   0x00000000   Code   RO         1240    .ARM.Collect$$libshutdown$$0000000B  c_w.l(libshutdown2.o)
    0x0800021c   0x00000000   Code   RO         1243    .ARM.Collect$$libshutdown$$0000000E  c_w.l(libshutdown2.o)
    0x0800021c   0x00000002   Code   RO         1244    .ARM.Collect$$libshutdown$$0000000F  c_w.l(libshutdown2.o)
    0x0800021e   0x00000000   Code   RO         1052    .ARM.Collect$$rtentry$$00000000  c_w.l(__rtentry.o)
    0x0800021e   0x00000000   Code   RO         1080    .ARM.Collect$$rtentry$$00000002  c_w.l(__rtentry2.o)
    0x0800021e   0x00000006   Code   RO         1092    .ARM.Collect$$rtentry$$00000004  c_w.l(__rtentry4.o)
    0x08000224   0x00000000   Code   RO         1082    .ARM.Collect$$rtentry$$00000009  c_w.l(__rtentry2.o)
    0x08000224   0x00000004   Code   RO         1083    .ARM.Collect$$rtentry$$0000000A  c_w.l(__rtentry2.o)
    0x08000228   0x00000000   Code   RO         1085    .ARM.Collect$$rtentry$$0000000C  c_w.l(__rtentry2.o)
    0x08000228   0x00000008   Code   RO         1086    .ARM.Collect$$rtentry$$0000000D  c_w.l(__rtentry2.o)
    0x08000230   0x00000002   Code   RO         1126    .ARM.Collect$$rtexit$$00000000  c_w.l(rtexit.o)
    0x08000232   0x00000000   Code   RO         1180    .ARM.Collect$$rtexit$$00000002  c_w.l(rtexit2.o)
    0x08000232   0x00000004   Code   RO         1181    .ARM.Collect$$rtexit$$00000003  c_w.l(rtexit2.o)
    0x08000236   0x00000006   Code   RO         1182    .ARM.Collect$$rtexit$$00000004  c_w.l(rtexit2.o)
    0x0800023c   0x000005b0   Code   RO            3    .text               main.o
    0x080007ec   0x0000001a   Code   RO          182    .text               stm32f4xx_it.o
    0x08000806   0x00000002   PAD
    0x08000808   0x00000210   Code   RO          231    .text               system_stm32f4xx.o
    0x08000a18   0x00005388   Code   RO          277    .text               lcd.o
    0x08005da0   0x00000cac   Code   RO          359    .text               keyboard.o
    0x08006a4c   0x000005d0   Code   RO          387    .text               adf4351.o
    0x0800701c   0x000000fc   Code   RO          413    .text               adc.o
    0x08007118   0x000001b8   Code   RO          433    .text               spi.o
    0x080072d0   0x000001e0   Code   RO          453    .text               pe4302.o
    0x080074b0   0x0000025c   Code   RO          473    .text               myiic.o
    0x0800770c   0x0000017a   Code   RO          496    .text               24cxx.o
    0x08007886   0x00000002   PAD
    0x08007888   0x00000254   Code   RO          519    .text               ctiic.o
    0x08007adc   0x0000032c   Code   RO          542    .text               ft5206.o
    0x08007e08   0x00000490   Code   RO          582    .text               gt9147.o
    0x08008298   0x00000388   Code   RO          606    .text               ott2001a.o
    0x08008620   0x000010e0   Code   RO          630    .text               touch.o
    0x08009700   0x00000104   Code   RO          658    .text               delay.o
    0x08009804   0x00000148   Code   RO          698    .text               usart.o
    0x0800994c   0x00000040   Code   RO          730    .text               startup_stm32f40_41xxx.o
    0x0800998c   0x000000e0   Code   RO          736    .text               misc.o
    0x08009a6c   0x00000294   Code   RO          756    .text               stm32f4xx_gpio.o
    0x08009d00   0x000005c8   Code   RO          776    .text               stm32f4xx_fsmc.o
    0x0800a2c8   0x0000065c   Code   RO          799    .text               stm32f4xx_rcc.o
    0x0800a924   0x00000094   Code   RO          821    .text               stm32f4xx_syscfg.o
    0x0800a9b8   0x00000454   Code   RO          841    .text               stm32f4xx_usart.o
    0x0800ae0c   0x00000110   Code   RO          861    .text               stm32f4xx_exti.o
    0x0800af1c   0x00000464   Code   RO          881    .text               stm32f4xx_adc.o
    0x0800b380   0x00000480   Code   RO          901    .text               stm32f4xx_spi.o
    0x0800b800   0x00000002   Code   RO          921    .text               c_w.l(use_no_semi_2.o)
    0x0800b802   0x000000ee   Code   RO          923    .text               c_w.l(lludivv7m.o)
    0x0800b8f0   0x00000026   Code   RO          925    .text               c_w.l(llushr.o)
    0x0800b916   0x00000002   PAD
    0x0800b918   0x00000018   Code   RO          931    .text               c_w.l(noretval__2printf.o)
    0x0800b930   0x00000068   Code   RO          933    .text               c_w.l(__printf.o)
    0x0800b998   0x00000052   Code   RO          935    .text               c_w.l(_printf_str.o)
    0x0800b9ea   0x00000002   PAD
    0x0800b9ec   0x00000078   Code   RO          937    .text               c_w.l(_printf_dec.o)
    0x0800ba64   0x00000058   Code   RO          942    .text               c_w.l(_printf_hex_int.o)
    0x0800babc   0x00000080   Code   RO          984    .text               c_w.l(strcmpv7m.o)
    0x0800bb3c   0x00000006   Code   RO          986    .text               c_w.l(heapauxi.o)
    0x0800bb42   0x00000002   Code   RO         1050    .text               c_w.l(use_no_semi.o)
    0x0800bb44   0x00000016   Code   RO         1057    .text               c_w.l(_rserrno.o)
    0x0800bb5a   0x000000b2   Code   RO         1059    .text               c_w.l(_printf_intcommon.o)
    0x0800bc0c   0x0000002c   Code   RO         1061    .text               c_w.l(_printf_char.o)
    0x0800bc38   0x00000024   Code   RO         1063    .text               c_w.l(_printf_char_file.o)
    0x0800bc5c   0x00000008   Code   RO         1099    .text               c_w.l(rt_errno_addr_intlibspace.o)
    0x0800bc64   0x00000030   Code   RO         1101    .text               c_w.l(_printf_char_common.o)
    0x0800bc94   0x00000008   Code   RO         1103    .text               c_w.l(ferror.o)
    0x0800bc9c   0x00000008   Code   RO         1107    .text               c_w.l(libspace.o)
    0x0800bca4   0x0000004a   Code   RO         1110    .text               c_w.l(sys_stackheap_outer.o)
    0x0800bcee   0x0000000c   Code   RO         1114    .text               c_w.l(exit.o)
    0x0800bcfa   0x0000007a   Code   RO         1038    i.__hardfp_sqrt     m_wm.l(sqrt.o)
    0x0800bd74   0x00000018   Code   RO          990    x$fpl$basic         fz_wm.l(basic.o)
    0x0800bd8c   0x00000062   Code   RO          992    x$fpl$d2f           fz_wm.l(d2f.o)
    0x0800bdee   0x00000002   PAD
    0x0800bdf0   0x00000150   Code   RO          994    x$fpl$dadd          fz_wm.l(daddsub_clz.o)
    0x0800bf40   0x00000018   Code   RO         1066    x$fpl$dcmpinf       fz_wm.l(dcmpi.o)
    0x0800bf58   0x000002b0   Code   RO         1001    x$fpl$ddiv          fz_wm.l(ddiv.o)
    0x0800c208   0x0000005a   Code   RO         1012    x$fpl$dfixu         fz_wm.l(dfixu.o)
    0x0800c262   0x0000002e   Code   RO         1021    x$fpl$dflt          fz_wm.l(dflt_clz.o)
    0x0800c290   0x000000a2   Code   RO         1026    x$fpl$dfltll        fz_wm.l(dfltll_clz.o)
    0x0800c332   0x00000026   Code   RO         1020    x$fpl$dfltu         fz_wm.l(dflt_clz.o)
    0x0800c358   0x0000008a   Code   RO         1027    x$fpl$dfltull       fz_wm.l(dfltll_clz.o)
    0x0800c3e2   0x00000002   PAD
    0x0800c3e4   0x00000078   Code   RO         1030    x$fpl$dleqf         fz_wm.l(dleqf.o)
    0x0800c45c   0x00000154   Code   RO         1032    x$fpl$dmul          fz_wm.l(dmul.o)
    0x0800c5b0   0x0000009c   Code   RO         1068    x$fpl$dnaninf       fz_wm.l(dnaninf.o)
    0x0800c64c   0x0000000c   Code   RO         1070    x$fpl$dretinf       fz_wm.l(dretinf.o)
    0x0800c658   0x0000006c   Code   RO         1034    x$fpl$drleqf        fz_wm.l(drleqf.o)
    0x0800c6c4   0x00000016   Code   RO          995    x$fpl$drsb          fz_wm.l(daddsub_clz.o)
    0x0800c6da   0x00000002   PAD
    0x0800c6dc   0x00000198   Code   RO         1072    x$fpl$dsqrt         fz_wm.l(dsqrt_umaal.o)
    0x0800c874   0x000001d4   Code   RO          996    x$fpl$dsub          fz_wm.l(daddsub_clz.o)
    0x0800ca48   0x00000056   Code   RO         1036    x$fpl$f2d           fz_wm.l(f2d.o)
    0x0800ca9e   0x0000008c   Code   RO         1074    x$fpl$fnaninf       fz_wm.l(fnaninf.o)
    0x0800cb2a   0x0000000a   Code   RO         1192    x$fpl$fpinit        fz_wm.l(fpinit.o)
    0x0800cb34   0x0000000a   Code   RO         1076    x$fpl$fretinf       fz_wm.l(fretinf.o)
    0x0800cb3e   0x00000002   PAD
    0x0800cb40   0x00000078   Code   RO         1016    x$fpl$llufromd      fz_wm.l(dfixull.o)
    0x0800cbb8   0x00000000   Code   RO         1078    x$fpl$usenofp       fz_wm.l(usenofp.o)
    0x0800cbb8   0x00002f80   Data   RO          279    .constdata          lcd.o
    0x0800fb38   0x00000010   Data   RO          361    .constdata          keyboard.o
    0x0800fb48   0x0000000a   Data   RO          543    .constdata          ft5206.o
    0x0800fb52   0x000000c2   Data   RO          583    .constdata          gt9147.o
    0x0800fc14   0x0000000a   Data   RO          607    .constdata          ott2001a.o
    0x0800fc1e   0x00000002   PAD
    0x0800fc20   0x00000004   Data   RO          631    .constdata          touch.o
    0x0800fc24   0x0000001c   Data   RO          777    .constdata          stm32f4xx_fsmc.o
    0x0800fc40   0x00000028   Data   RO          943    .constdata          c_w.l(_printf_hex_int.o)
    0x0800fc68   0x00000079   Data   RO          632    .conststring        touch.o
    0x0800fce1   0x00000003   PAD
    0x0800fce4   0x00000020   Data   RO         1245    Region$$Table       anon$$obj.o


    Execution Region RW_IRAM1 (Base: 0x20000000, Size: 0x00000888, Max: 0x00020000, ABSOLUTE)

    Base Addr    Size         Type   Attr      Idx    E Section Name        Object

    0x20000000   0x00000024   Data   RW            4    .data               main.o
    0x20000024   0x00000014   Data   RW          232    .data               system_stm32f4xx.o
    0x20000038   0x00000004   Data   RW          280    .data               lcd.o
    0x2000003c   0x00000004   PAD
    0x20000040   0x0000002c   Data   RW          362    .data               keyboard.o
    0x2000006c   0x00000001   Data   RW          544    .data               ft5206.o
    0x2000006d   0x00000001   Data   RW          584    .data               gt9147.o
    0x2000006e   0x00000001   Data   RW          608    .data               ott2001a.o
    0x2000006f   0x00000001   PAD
    0x20000070   0x00000036   Data   RW          633    .data               touch.o
    0x200000a6   0x00000004   Data   RW          659    .data               delay.o
    0x200000aa   0x00000002   PAD
    0x200000ac   0x00000006   Data   RW          700    .data               usart.o
    0x200000b2   0x00000010   Data   RW          800    .data               stm32f4xx_rcc.o
    0x200000c2   0x00000002   PAD
    0x200000c4   0x0000000e   Zero   RW          278    .bss                lcd.o
    0x200000d2   0x00000044   Zero   RW          360    .bss                keyboard.o
    0x20000116   0x00000002   PAD
    0x20000118   0x00000048   Zero   RW          388    .bss                adf4351.o
    0x20000160   0x000000c8   Zero   RW          699    .bss                usart.o
    0x20000228   0x00000060   Zero   RW         1108    .bss                c_w.l(libspace.o)
    0x20000288   0x00000200   Zero   RW          728    HEAP                startup_stm32f40_41xxx.o
    0x20000488   0x00000400   Zero   RW          727    STACK               startup_stm32f40_41xxx.o


==============================================================================

Image component sizes


      Code (inc. data)   RO Data    RW Data    ZI Data      Debug   Object Name

       378          0          0          0          0       2650   24cxx.o
       252          8          0          0          0       1199   adc.o
      1488        116          0          0         72       5837   adf4351.o
       596         24          0          0          0       2053   ctiic.o
       260          8          0          4          0       1425   delay.o
       812         40         10          1          0       2455   ft5206.o
      1168         80        194          1          0       3006   gt9147.o
      3244        156         16         44         68       9833   keyboard.o
     21384        216      12160          4         14      25565   lcd.o
      1456        154          0         36          0     295526   main.o
       224         20          0          0          0       1805   misc.o
       604         14          0          0          0       1888   myiic.o
       904         66         10          1          0       2651   ott2001a.o
       480         12          0          0          0       1504   pe4302.o
       440         10          0          0          0       1501   spi.o
        64         26        392          0       1536        828   startup_stm32f40_41xxx.o
      1124         24          0          0          0      10478   stm32f4xx_adc.o
       272         10          0          0          0       2247   stm32f4xx_exti.o
      1480         18         28          0          0       5598   stm32f4xx_fsmc.o
       660         44          0          0          0       4081   stm32f4xx_gpio.o
        26          0          0          0          0       1214   stm32f4xx_it.o
      1628         52          0         16          0      12864   stm32f4xx_rcc.o
      1152         36          0          0          0       6829   stm32f4xx_spi.o
       148         12          0          0          0       1837   stm32f4xx_syscfg.o
      1108         34          0          0          0       7780   stm32f4xx_usart.o
       528         46          0         20          0       1763   system_stm32f4xx.o
      4320        228        125         54          0       6609   touch.o
       328         18          0          6        200       3282   usart.o

    ----------------------------------------------------------------------
     46532       1472      12972        196       1892     424308   Object Totals
         0          0         32          0          0          0   (incl. Generated)
         4          0          5          9          2          0   (incl. Padding)

    ----------------------------------------------------------------------

      Code (inc. data)   RO Data    RW Data    ZI Data      Debug   Library Member Name

         8          0          0          0          0         68   __main.o
       104          0          0          0          0         84   __printf.o
         0          0          0          0          0          0   __rtentry.o
        12          0          0          0          0          0   __rtentry2.o
         6          0          0          0          0          0   __rtentry4.o
        52          8          0          0          0          0   __scatter.o
        26          0          0          0          0          0   __scatter_copy.o
        28          0          0          0          0          0   __scatter_zi.o
        44          0          0          0          0        108   _printf_char.o
        48          6          0          0          0         96   _printf_char_common.o
        36          4          0          0          0         80   _printf_char_file.o
         6          0          0          0          0          0   _printf_d.o
       120         16          0          0          0         92   _printf_dec.o
        88          4         40          0          0         88   _printf_hex_int.o
       178          0          0          0          0         88   _printf_intcommon.o
         0          0          0          0          0          0   _printf_percent.o
         4          0          0          0          0          0   _printf_percent_end.o
         6          0          0          0          0          0   _printf_s.o
        82          0          0          0          0         80   _printf_str.o
         6          0          0          0          0          0   _printf_x.o
        22          0          0          0          0        100   _rserrno.o
        12          0          0          0          0         72   exit.o
         8          0          0          0          0         68   ferror.o
         6          0          0          0          0        152   heapauxi.o
         2          0          0          0          0          0   libinit.o
         6          0          0          0          0          0   libinit2.o
         2          0          0          0          0          0   libshutdown.o
         2          0          0          0          0          0   libshutdown2.o
         8          4          0          0         96         68   libspace.o
       238          0          0          0          0        100   lludivv7m.o
        38          0          0          0          0         68   llushr.o
        24          4          0          0          0         84   noretval__2printf.o
         8          4          0          0          0         68   rt_errno_addr_intlibspace.o
         2          0          0          0          0          0   rtexit.o
        10          0          0          0          0          0   rtexit2.o
       128          0          0          0          0         68   strcmpv7m.o
        74          0          0          0          0         80   sys_stackheap_outer.o
         2          0          0          0          0         68   use_no_semi.o
         2          0          0          0          0         68   use_no_semi_2.o
        24          0          0          0          0        164   basic.o
        98          4          0          0          0        140   d2f.o
       826         16          0          0          0        492   daddsub_clz.o
        24          0          0          0          0        116   dcmpi.o
       688        140          0          0          0        256   ddiv.o
        90          4          0          0          0        140   dfixu.o
       120          4          0          0          0        152   dfixull.o
        84          0          0          0          0        232   dflt_clz.o
       300          0          0          0          0        264   dfltll_clz.o
       120          4          0          0          0        140   dleqf.o
       340         12          0          0          0        152   dmul.o
       156          4          0          0          0        140   dnaninf.o
        12          0          0          0          0        116   dretinf.o
       108          0          0          0          0        128   drleqf.o
       408         56          0          0          0        168   dsqrt_umaal.o
        86          4          0          0          0        132   f2d.o
       140          4          0          0          0        132   fnaninf.o
        10          0          0          0          0        116   fpinit.o
        10          0          0          0          0        116   fretinf.o
         0          0          0          0          0          0   usenofp.o
       122          0          0          0          0        148   sqrt.o

    ----------------------------------------------------------------------
      5228        302         40          0         96       5292   Library Totals
        14          0          0          0          0          0   (incl. Padding)

    ----------------------------------------------------------------------

      Code (inc. data)   RO Data    RW Data    ZI Data      Debug   Library Name

      1448         50         40          0         96       1848   c_w.l
      3644        252          0          0          0       3296   fz_wm.l
       122          0          0          0          0        148   m_wm.l

    ----------------------------------------------------------------------
      5228        302         40          0         96       5292   Library Totals

    ----------------------------------------------------------------------

==============================================================================


      Code (inc. data)   RO Data    RW Data    ZI Data      Debug   

     51760       1774      13012        196       1988     420764   Grand Totals
     51760       1774      13012        196       1988     420764   ELF Image Totals
     51760       1774      13012        196          0          0   ROM Totals

==============================================================================

    Total RO  Size (Code + RO Data)                64772 (  63.25kB)
    Total RW  Size (RW Data + ZI Data)              2184 (   2.13kB)
    Total ROM Size (Code + RO Data + RW Data)      64968 (  63.45kB)

==============================================================================

