<html>
<body>
<pre>
<h1>µVision Build Log</h1>
<h2>Tool Versions:</h2>
IDE-Version: ¦ÌVision V5.14.0.0
Copyright (C) 2015 ARM Ltd and ARM Germany GmbH. All rights reserved.
License Information: wangxuankai Windows, HP Inc., LIC=W96AR-KP9RT-16MQV-PI4KX-87HGE-W6RHI
 
Tool Versions:
Toolchain:       MDK-ARM Professional  Version: 5.14.0.0
Toolchain Path:  D:\keil\ARM\ARMCC\Bin
C Compiler:      Armcc.exe V5.05 update 1 (build 106)
Assembler:       Armasm.exe V5.05 update 1 (build 106)
Linker/Locator:  ArmLink.exe V5.05 update 1 (build 106)
Library Manager: ArmAr.exe V5.05 update 1 (build 106)
Hex Converter:   FromElf.exe V5.05 update 1 (build 106)
CPU DLL:         SARMCM3.DLL V5.14.0.0
Dialog DLL:      DCM.DLL V1.13.1.0
Target DLL:      Segger\JL2CM3.dll V2.99.13.0
Dialog DLL:      TCM.DLL V1.14.4.0
 
<h2>Project:</h2>
C:\Users\wxk\Desktop\summer_grand_operation_library-master\Integrated_Test\ADF4351DEMO\USER\LCD.uvprojx
Project File Date:  07/29/2019

<h2>Output:</h2>
Build target 'LCD'
compiling main.c...
main.c(58): warning:  #177-D: variable "mode" was declared but never referenced
        char mode, key_char;
main.c(58): warning:  #177-D: variable "key_char" was declared but never referenced
        char mode, key_char;
main.c(59): warning:  #177-D: variable "input" was declared but never referenced
        double input=0.0;
main.c(60): warning:  #177-D: variable "input_s" was declared but never referenced
        unsigned char* input_s ;
main.c(149): warning:  #550-D: variable "cnt1" was set but never used
        u32 cnt1,cnt2;
main.c: 5 warnings, 0 errors
compiling exti.c...
linking...
Program Size: Code=53860 RO-data=13012 RW-data=1652 ZI-data=1916  
FromELF: creating hex file...
"..\OBJ\LCD.axf" - 0 Error(s), 5 Warning(s).

<h2>Collection of Component include folders:</h2>
  C:\Users\wxk\Desktop\summer_grand_operation_library-master\Integrated_Test\ADF4351DEMO\USER\RTE
  D:\keil\ARM\PACK\Keil\STM32F4xx_DFP\2.5.0

<h2>Collection of Component Files used:</h2>
</pre>
</body>
</html>
