<html>
<body>
<pre>
<h1>礦ision Build Log</h1>
<h2>Tool Versions:</h2>
IDE-Version: μVision V5.28.0.0
Copyright (C) 2019 ARM Ltd and ARM Germany GmbH. All rights reserved.
License Information: Shigure Minaduki, Nanjing University, LIC=UJWMM-XV6GZ-PBCEG-VBCWC-C8LHT-IAF3T
 
Tool Versions:
Toolchain:       MDK-ARM Plus  Version: 5.28.0.0
Toolchain Path:  C:\Keil_v5\ARM\ARMCC\Bin
C Compiler:      Armcc.exe V5.06 update 6 (build 750)
Assembler:       Armasm.exe V5.06 update 6 (build 750)
Linker/Locator:  ArmLink.exe V5.06 update 6 (build 750)
Library Manager: ArmAr.exe V5.06 update 6 (build 750)
Hex Converter:   FromElf.exe V5.06 update 6 (build 750)
CPU DLL:         SARMCM3.DLL V5.28.0.0
Dialog DLL:      DCM.DLL V1.17.3.0
Target DLL:      Segger\JL2CM3.dll V2.99.36.0
Dialog DLL:      TCM.DLL V1.36.2.0
 
<h2>Project:</h2>
C:\Users\Player\Desktop\Summer_Grand_Operation_Database\Winter_Proj_ARM_407_Native_SPI\ADF4351DEMO\USER\LCD.uvprojx
Project File Date:  07/15/2019

<h2>Output:</h2>
*** Using Compiler 'V5.06 update 6 (build 750)', folder: 'C:\Keil_v5\ARM\ARMCC\Bin'
Rebuild target 'LCD'
compiling key.c...
compiling led.c...
compiling stm32f4xx_it.c...
compiling system_stm32f4xx.c...
compiling main.c...
main.c(94): warning:  #192-D: unrecognized character escape sequence
  	LCD_ShowString(150,200,200,24,24,"\%");	      
main.c(49): warning:  #550-D: variable "Data_F"  was set but never used
  	u8 Data_F;
main.c(50): warning:  #177-D: variable "dutyRatio"  was declared but never referenced
  	double dutyRatio,timeInterval;
main.c(50): warning:  #177-D: variable "timeInterval"  was declared but never referenced
  	double dutyRatio,timeInterval;
main.c(51): warning:  #177-D: variable "dutyRatio_L"  was declared but never referenced
  	double dutyRatio_L,dutyRatio_N;
main.c(51): warning:  #177-D: variable "dutyRatio_N"  was declared but never referenced
  	double dutyRatio_L,dutyRatio_N;
main.c(52): warning:  #177-D: variable "timeInterval_L"  was declared but never referenced
  	double timeInterval_L,timeInterval_N;
main.c(52): warning:  #177-D: variable "timeInterval_N"  was declared but never referenced
  	double timeInterval_L,timeInterval_N;
main.c(53): warning:  #177-D: variable "data1"  was declared but never referenced
  	uint64_t data1=1,data2=2,data3=3,data4=4,data5=5,data6=6;//data1,data2为频率参数 data3,data4为占空比参数
main.c(53): warning:  #177-D: variable "data2"  was declared but never referenced
  	uint64_t data1=1,data2=2,data3=3,data4=4,data5=5,data6=6;//data1,data2为频率参数 data3,data4为占空比参数
main.c(53): warning:  #177-D: variable "data3"  was declared but never referenced
  	uint64_t data1=1,data2=2,data3=3,data4=4,data5=5,data6=6;//data1,data2为频率参数 data3,data4为占空比参数
main.c(53): warning:  #177-D: variable "data4"  was declared but never referenced
  	uint64_t data1=1,data2=2,data3=3,data4=4,data5=5,data6=6;//data1,data2为频率参数 data3,data4为占空比参数
main.c(53): warning:  #177-D: variable "data5"  was declared but never referenced
  	uint64_t data1=1,data2=2,data3=3,data4=4,data5=5,data6=6;//data1,data2为频率参数 data3,data4为占空比参数
main.c(53): warning:  #177-D: variable "data6"  was declared but never referenced
  	uint64_t data1=1,data2=2,data3=3,data4=4,data5=5,data6=6;//data1,data2为频率参数 data3,data4为占空比参数
main.c(54): warning:  #550-D: variable "Data_L"  was set but never used
  	uint64_t Data_R,Data_L;
main.c(312): warning:  #1-D: last line of file ends without a newline
  */
main.c: 16 warnings, 0 errors
compiling LCD12864.c...
..\HARDWARE\LCD12864\LCD12864.c(332): warning:  #1035-D: single-precision operand implicitly converted to double-precision
  			LCD_GDot(i+x1, i*a+y1+0.5);
..\HARDWARE\LCD12864\LCD12864.c(345): warning:  #1035-D: single-precision operand implicitly converted to double-precision
  			LCD_GDot(i*a+x1+0.5, i+y1);
..\HARDWARE\LCD12864\LCD12864.c: 2 warnings, 0 errors
compiling lcd.c...
compiling spi.c...
compiling adc.c...
compiling ADF4351.c...
compiling delay.c...
compiling PE4302.C...
compiling KeyBoard.c...
assembling startup_stm32f40_41xxx.s...
compiling sys.c...
compiling usart.c...
compiling stm32f4xx_gpio.c...
compiling misc.c...
compiling stm32f4xx_syscfg.c...
compiling stm32f4xx_fsmc.c...
compiling stm32f4xx_usart.c...
compiling stm32f4xx_rcc.c...
compiling stm32f4xx_exti.c...
compiling stm32f4xx_adc.c...
compiling stm32f4xx_spi.c...
linking...
Program Size: Code=37088 RO-data=12668 RW-data=96 ZI-data=1920  
FromELF: creating hex file...
"..\OBJ\LCD.axf" - 0 Error(s), 18 Warning(s).

<h2>Software Packages used:</h2>

Package Vendor: Keil
                http://www.keil.com/pack/Keil.STM32F4xx_DFP.2.13.0.pack
                Keil.STM32F4xx_DFP.2.13.0
                STMicroelectronics STM32F4 Series Device Support, Drivers and Examples

<h2>Collection of Component include folders:</h2>
  .\RTE\_LCD
  C:\Users\Player\AppData\Local\Arm\Packs\Keil\STM32F4xx_DFP\2.13.0\Drivers\CMSIS\Device\ST\STM32F4xx\Include

<h2>Collection of Component Files used:</h2>
Build Time Elapsed:  00:00:06
</pre>
</body>
</html>
