Component: ARM Compiler 5.06 update 6 (build 750) Tool: armlink [4d35ed]

==============================================================================

Section Cross References

    main.o(.text) refers to misc.o(.text) for NVIC_PriorityGroupConfig
    main.o(.text) refers to delay.o(.text) for delay_init
    main.o(.text) refers to usart.o(.text) for uart_init
    main.o(.text) refers to ili93xx.o(.text) for reset_init
    main.o(.text) refers to adc.o(.text) for Adc_Init
    main.o(.text) refers to stm32f4xx_rcc.o(.text) for RCC_AHB1PeriphClockCmd
    main.o(.text) refers to gui_core.o(i.GUI_Init) for GUI_Init
    main.o(.text) refers to gui_dispstring.o(i.GUI_DispString) for GUI_DispString
    system_stm32f4xx.o(.text) refers to system_stm32f4xx.o(.data) for SystemCoreClock
    led.o(.text) refers to stm32f4xx_rcc.o(.text) for RCC_AHB1PeriphClockCmd
    led.o(.text) refers to stm32f4xx_gpio.o(.text) for GPIO_Init
    key.o(.text) refers to stm32f4xx_rcc.o(.text) for RCC_AHB1PeriphClockCmd
    key.o(.text) refers to stm32f4xx_gpio.o(.text) for GPIO_Init
    key.o(.text) refers to delay.o(.text) for delay_ms
    key.o(.text) refers to key.o(.data) for key_up
    lcd12864.o(.text) refers to stm32f4xx_rcc.o(.text) for RCC_AHB1PeriphClockCmd
    lcd12864.o(.text) refers to stm32f4xx_gpio.o(.text) for GPIO_Init
    lcd12864.o(.text) refers to delay.o(.text) for delay_us
    lcd12864.o(.text) refers to dfixll.o(x$fpl$llsfromd) for __aeabi_d2lz
    lcd12864.o(.text) refers to llsdiv.o(.text) for __aeabi_ldivmod
    lcd12864.o(.text) refers to dmul.o(x$fpl$dmul) for __aeabi_dmul
    lcd12864.o(.text) refers to dflt_clz.o(x$fpl$dflt) for __aeabi_i2d
    lcd12864.o(.text) refers to ddiv.o(x$fpl$ddiv) for __aeabi_ddiv
    lcd12864.o(.text) refers to d2f.o(x$fpl$d2f) for __aeabi_d2f
    lcd12864.o(.text) refers to f2d.o(x$fpl$f2d) for __aeabi_f2d
    lcd12864.o(.text) refers to daddsub_clz.o(x$fpl$dadd) for __aeabi_dadd
    lcd12864.o(.text) refers to dfix.o(x$fpl$dfix) for __aeabi_d2iz
    lcd12864.o(.text) refers to lcd12864.o(.bss) for LCD_GD
    keyboard.o(.text) refers to delay.o(.text) for delay_us
    keyboard.o(.text) refers to stm32f4xx_exti.o(.text) for EXTI_GetITStatus
    keyboard.o(.text) refers to stm32f4xx_gpio.o(.text) for GPIO_Init
    keyboard.o(.text) refers to keyboard.o(.data) for KBCode
    keyboard.o(.text) refers to ili93xx.o(.text) for LCD_ShowString
    keyboard.o(.text) refers to dfltll_clz.o(x$fpl$dfltll) for __aeabi_l2d
    keyboard.o(.text) refers to ddiv.o(x$fpl$ddiv) for __aeabi_ddiv
    keyboard.o(.text) refers to keyboard.o(.constdata) for array_CHAR
    keyboard.o(.text) refers to keyboard.o(.bss) for CHAR_temp
    keyboard.o(.text) refers to stm32f4xx_rcc.o(.text) for RCC_APB2PeriphClockCmd
    keyboard.o(.text) refers to stm32f4xx_syscfg.o(.text) for SYSCFG_EXTILineConfig
    keyboard.o(.text) refers to misc.o(.text) for NVIC_Init
    adf4351.o(.text) refers to stm32f4xx_rcc.o(.text) for RCC_AHB1PeriphClockCmd
    adf4351.o(.text) refers to stm32f4xx_gpio.o(.text) for GPIO_Init
    adf4351.o(.text) refers to delay.o(.text) for delay_us
    adf4351.o(.text) refers to dleqf.o(x$fpl$dleqf) for __aeabi_cdcmple
    adf4351.o(.text) refers to drleqf.o(x$fpl$drleqf) for __aeabi_cdrcmple
    adf4351.o(.text) refers to dmul.o(x$fpl$dmul) for __aeabi_dmul
    adf4351.o(.text) refers to dfixu.o(x$fpl$dfixu) for __aeabi_d2uiz
    adf4351.o(.text) refers to dflt_clz.o(x$fpl$dfltu) for __aeabi_ui2d
    adf4351.o(.text) refers to ddiv.o(x$fpl$ddiv) for __aeabi_ddiv
    adf4351.o(.text) refers to dflt_clz.o(x$fpl$dflt) for __aeabi_i2d
    adf4351.o(.text) refers to adf4351.o(.bss) for ADF4351
    adc.o(.text) refers to stm32f4xx_rcc.o(.text) for RCC_AHB1PeriphClockCmd
    adc.o(.text) refers to stm32f4xx_gpio.o(.text) for GPIO_Init
    adc.o(.text) refers to stm32f4xx_adc.o(.text) for ADC_CommonInit
    adc.o(.text) refers to delay.o(.text) for delay_ms
    spi.o(.text) refers to stm32f4xx_spi.o(.text) for SPI_I2S_GetFlagStatus
    spi.o(.text) refers to stm32f4xx_rcc.o(.text) for RCC_AHB1PeriphClockCmd
    spi.o(.text) refers to stm32f4xx_gpio.o(.text) for GPIO_Init
    pe4302.o(.text) refers to stm32f4xx_rcc.o(.text) for RCC_AHB1PeriphClockCmd
    pe4302.o(.text) refers to stm32f4xx_gpio.o(.text) for GPIO_Init
    pe4302.o(.text) refers to delay.o(.text) for delay_us
    ili93xx.o(.text) refers to _printf_percent.o(.ARM.Collect$$_printf_percent$$00000000) for _printf_percent
    ili93xx.o(.text) refers to _printf_x.o(.ARM.Collect$$_printf_percent$$0000000C) for _printf_x
    ili93xx.o(.text) refers to _printf_hex_int.o(.text) for _printf_longlong_hex
    ili93xx.o(.text) refers to stm32f4xx_rcc.o(.text) for RCC_AHB1PeriphClockCmd
    ili93xx.o(.text) refers to stm32f4xx_gpio.o(.text) for GPIO_Init
    ili93xx.o(.text) refers to delay.o(.text) for delay_us
    ili93xx.o(.text) refers to ili93xx.o(.bss) for lcddev
[...]
    GUIDRV_FlexColor_SetFunc                 0x0800899d   Thumb Code    50  guidrv_flexcolor.o(i.GUIDRV_FlexColor_SetFunc)
    GUIDRV_FlexColor_SetFunc66709            0x080089d1   Thumb Code    66  guidrv_flexcolor_func66709.o(i.GUIDRV_FlexColor_SetFunc66709)
    GUIDRV_FlexColor_SetMode16bppC0B16       0x08008a31   Thumb Code    60  guidrv_flexcolor_16bpp_c0b16.o(i.GUIDRV_FlexColor_SetMode16bppC0B16)
    GUIDRV_FlexColor__GetPixelIndexNoCache   0x08008a89   Thumb Code   192  guidrv_flexcolor.o(i.GUIDRV_FlexColor__GetPixelIndexNoCache)
    GUIDRV_FlexColor__InitOnce               0x08008b49   Thumb Code    50  guidrv_flexcolor.o(i.GUIDRV_FlexColor__InitOnce)
    GUIDRV_FlexColor__SetLog2Phys            0x08008b81   Thumb Code    52  guidrv_flexcolor.o(i.GUIDRV_FlexColor__SetLog2Phys)
    GUIDRV_FlexColor__SetPixelIndexNoCache   0x08008bb9   Thumb Code   156  guidrv_flexcolor.o(i.GUIDRV_FlexColor__SetPixelIndexNoCache)
    GUIMONO_DispChar                         0x08008c55   Thumb Code   302  gui_charm.o(i.GUIMONO_DispChar)
    GUIMONO_GetCharDistX                     0x08008d89   Thumb Code    18  gui_charm.o(i.GUIMONO_GetCharDistX)
    GUIMONO_GetFontInfo                      0x08008da1   Thumb Code     6  gui_charm.o(i.GUIMONO_GetFontInfo)
    GUIMONO_IsInFont                         0x08008da7   Thumb Code    56  gui_charm.o(i.GUIMONO_IsInFont)
    GUI_ALLOC_AllocNoInit                    0x08008ddf   Thumb Code    10  gui_alloc.o(i.GUI_ALLOC_AllocNoInit)
    GUI_ALLOC_AllocZero                      0x08008de9   Thumb Code    36  gui_alloc_alloczero.o(i.GUI_ALLOC_AllocZero)
    GUI_ALLOC_AssignMemory                   0x08008e0d   Thumb Code    12  gui_alloc.o(i.GUI_ALLOC_AssignMemory)
    GUI_ALLOC_Free                           0x08008e1d   Thumb Code    50  gui_alloc.o(i.GUI_ALLOC_Free)
    GUI_ALLOC_FreeFixedBlock                 0x08008e55   Thumb Code    18  gui_alloc.o(i.GUI_ALLOC_FreeFixedBlock)
    GUI_ALLOC_GetFixedBlock                  0x08008e6d   Thumb Code   164  gui_alloc.o(i.GUI_ALLOC_GetFixedBlock)
    GUI_ALLOC_LockH                          0x08008f15   Thumb Code    24  gui_alloc.o(i.GUI_ALLOC_LockH)
    GUI_ALLOC_UnlockH                        0x08008f31   Thumb Code    42  gui_alloc.o(i.GUI_ALLOC_UnlockH)
    GUI_ALLOC_h2p                            0x08008f61   Thumb Code    20  gui_alloc.o(i.GUI_ALLOC_h2p)
    GUI_CalcColorDist                        0x08008f79   Thumb Code    68  gui_calccolordist.o(i.GUI_CalcColorDist)
    GUI_Clear                                0x08008fbd   Thumb Code    28  gui_core.o(i.GUI_Clear)
    GUI_ClearRect                            0x08008fd9   Thumb Code    90  gui_core.o(i.GUI_ClearRect)
    GUI_DEVICE_Create                        0x08009039   Thumb Code    76  gui_device.o(i.GUI_DEVICE_Create)
    GUI_DEVICE_CreateAndLink                 0x08009089   Thumb Code    36  gui_device.o(i.GUI_DEVICE_CreateAndLink)
    GUI_DEVICE_Delete                        0x080090b1   Thumb Code     4  gui_device.o(i.GUI_DEVICE_Delete)
    GUI_DEVICE_Link                          0x080090b5   Thumb Code   124  gui_device.o(i.GUI_DEVICE_Link)
    GUI_DEVICE_Unlink                        0x08009135   Thumb Code     4  gui_device.o(i.GUI_DEVICE_Unlink)
    GUI_DEVICE__GetpDriver                   0x08009139   Thumb Code    32  gui_device.o(i.GUI_DEVICE__GetpDriver)
    GUI_DispString                           0x0800915d   Thumb Code   252  gui_dispstring.o(i.GUI_DispString)
    GUI_GetBitsPerPixelEx                    0x0800925d   Thumb Code    14  lcd_getex.o(i.GUI_GetBitsPerPixelEx)
    GUI_GetCharDistX                         0x08009271   Thumb Code    12  gui_char.o(i.GUI_GetCharDistX)
    GUI_GetCharDistXEx                       0x08009281   Thumb Code    10  gui_char.o(i.GUI_GetCharDistXEx)
    GUI_GetFontDistY                         0x08009291   Thumb Code    10  gui_char.o(i.GUI_GetFontDistY)
    GUI_GetYAdjust                           0x080092a1   Thumb Code    42  gui_char.o(i.GUI_GetYAdjust)
    GUI_GetpfColor2IndexEx                   0x080092d1   Thumb Code    12  lcd_getex.o(i.GUI_GetpfColor2IndexEx)
    GUI_GetpfIndex2ColorEx                   0x080092e1   Thumb Code    12  lcd_getex.o(i.GUI_GetpfIndex2ColorEx)
    GUI_GotoXY                               0x080092f1   Thumb Code    20  gui_goto.o(i.GUI_GotoXY)
    GUI_Init                                 0x08009305   Thumb Code    74  gui_core.o(i.GUI_Init)
    GUI_MEMDEV_Delete                        0x08009369   Thumb Code    58  guidev.o(i.GUI_MEMDEV_Delete)
    GUI_MEMDEV_GetBitsPerPixel               0x080093a9   Thumb Code    36  guidev.o(i.GUI_MEMDEV_GetBitsPerPixel)
    GUI_MEMDEV_GetDataPtr                    0x080093cd   Thumb Code    22  guidev_getdataptr.o(i.GUI_MEMDEV_GetDataPtr)
    GUI_MEMDEV__WriteToActiveOpaque          0x080093e3   Thumb Code    60  guidev_writetoactiveopaque.o(i.GUI_MEMDEV__WriteToActiveOpaque)
    GUI_MergeRect                            0x0800941f   Thumb Code    88  gui_mergerect.o(i.GUI_MergeRect)
    GUI_MoveRect                             0x08009477   Thumb Code    30  gui_moverect.o(i.GUI_MoveRect)
    GUI_RectsIntersect                       0x08009495   Thumb Code    56  gui_rectsintersect.o(i.GUI_RectsIntersect)
    GUI_SelectLCD                            0x080094cd   Thumb Code    18  gui_selectlcd.o(i.GUI_SelectLCD)
    GUI_SelectLayer                          0x080094e1   Thumb Code    28  gui_selectlayer.o(i.GUI_SelectLayer)
    GUI_SetBkColor                           0x08009505   Thumb Code     4  gui_setcolor.o(i.GUI_SetBkColor)
    GUI_SetDefaultFont                       0x08009509   Thumb Code     6  gui_core.o(i.GUI_SetDefaultFont)
    GUI_SetOrg                               0x08009515   Thumb Code    38  gui_setorg.o(i.GUI_SetOrg)
    GUI_SignalEvent                          0x0800954d   Thumb Code    12  gui_waitevent.o(i.GUI_SignalEvent)
    GUI_StoreKey                             0x0800955d   Thumb Code    12  gui_onkey.o(i.GUI_StoreKey)
    GUI_UC__GetCharCodeInc                   0x0800956d   Thumb Code    38  gui_uc.o(i.GUI_UC__GetCharCodeInc)
    GUI_UC__NumChars2NumBytes                0x08009599   Thumb Code    36  gui_uc.o(i.GUI_UC__NumChars2NumBytes)
    GUI_USAGE_AddRect                        0x080095c1   Thumb Code    40  guidev_usage.o(i.GUI_USAGE_AddRect)
    GUI_USAGE_DecUseCnt                      0x080095e9   Thumb Code    36  guidev_usage.o(i.GUI_USAGE_DecUseCnt)
    GUI__CompactPixelIndices                 0x0800960d   Thumb Code   296  gui__compactpixelindices.o(i.GUI__CompactPixelIndices)
    GUI__Config                              0x08009735   Thumb Code    42  gui_core.o(i.GUI__Config)
    GUI__DispLine                            0x08009769   Thumb Code   166  gui_charline.o(i.GUI__DispLine)
    GUI__GetLineDistX                        0x08009819   Thumb Code    74  gui_charline.o(i.GUI__GetLineDistX)
    GUI__GetLineNumChars                     0x0800986d   Thumb Code    52  gui_charline.o(i.GUI__GetLineNumChars)
    GUI__GetOverlap                          0x080098a5   Thumb Code    24  gui_charline.o(i.GUI__GetOverlap)
    GUI__IntersectRect                       0x080098bd   Thumb Code    58  gui__intersectrect.o(i.GUI__IntersectRect)
    GUI__IntersectRects                      0x080098f7   Thumb Code    82  gui__intersectrects.o(i.GUI__IntersectRects)
    GUI__ManageCache                         0x08009949   Thumb Code    12  gui__managecache.o(i.GUI__ManageCache)
    GUI__ManageCacheEx                       0x08009959   Thumb Code   168  gui__managecache.o(i.GUI__ManageCacheEx)
    GUI__RegisterExit                        0x08009a05   Thumb Code    10  gui_core.o(i.GUI__RegisterExit)
    GUI__memset                              0x08009a15   Thumb Code    76  gui__memset.o(i.GUI__memset)
    GUI__memset16                            0x08009a61   Thumb Code    58  gui__memset16.o(i.GUI__memset16)
    LCD_Color2Index                          0x08009a9d   Thumb Code    18  lcd.o(i.LCD_Color2Index)
    LCD_DrawBitmap                           0x08009ab9   Thumb Code   508  lcd.o(i.LCD_DrawBitmap)
    LCD_DrawHLine                            0x08009cc1   Thumb Code    78  lcd.o(i.LCD_DrawHLine)
    LCD_DrawPixel                            0x08009d19   Thumb Code    96  lcd.o(i.LCD_DrawPixel)
    LCD_FillRect                             0x08009d81   Thumb Code    80  lcd.o(i.LCD_FillRect)
    LCD_GetBitsPerPixelEx                    0x08009dd9   Thumb Code     6  lcd_getex.o(i.LCD_GetBitsPerPixelEx)
    LCD_GetNumColors                         0x08009de1   Thumb Code    12  lcd_getex.o(i.LCD_GetNumColors)
    LCD_GetNumColorsEx                       0x08009df1   Thumb Code     6  lcd_getex.o(i.LCD_GetNumColorsEx)
    LCD_GetNumLayers                         0x08009df7   Thumb Code    26  lcd_getnumdisplays.o(i.LCD_GetNumLayers)
    LCD_GetPalette                           0x08009e11   Thumb Code    10  lcd_getex.o(i.LCD_GetPalette)
    LCD_GetPaletteEx                         0x08009e21   Thumb Code    24  lcd_getex.o(i.LCD_GetPaletteEx)
    LCD_GetpPalConvTableBM                   0x08009e39   Thumb Code     4  lcd_color.o(i.LCD_GetpPalConvTableBM)
    LCD_GetpPalConvTableUncached             0x08009e3d   Thumb Code    68  lcd_color.o(i.LCD_GetpPalConvTableUncached)
    LCD_Index2Color                          0x08009e85   Thumb Code    18  lcd.o(i.LCD_Index2Color)
    LCD_Index2Color_565                      0x08009ea1   Thumb Code    34  guicc_565_index2color.o(i.LCD_Index2Color_565)
    LCD_InitColors                           0x08009ecd   Thumb Code    42  lcd_color.o(i.LCD_InitColors)
    LCD_InitLUT                              0x08009f01   Thumb Code   104  lcd_color.o(i.LCD_InitLUT)
    LCD_SelectLCD                            0x08009f71   Thumb Code    58  lcd_selectlcd.o(i.LCD_SelectLCD)
    LCD_SetBkColor                           0x08009fb5   Thumb Code     8  lcd.o(i.LCD_SetBkColor)
    LCD_SetBkColorIndex                      0x08009fc1   Thumb Code    20  lcd.o(i.LCD_SetBkColorIndex)
    LCD_SetClipRectEx                        0x08009fd9   Thumb Code    38  lcd_setcliprectex.o(i.LCD_SetClipRectEx)
    LCD_SetClipRectMax                       0x0800a009   Thumb Code    20  lcd.o(i.LCD_SetClipRectMax)
    LCD_SetColor                             0x0800a025   Thumb Code     8  lcd.o(i.LCD_SetColor)
    LCD_SetColorIndex                        0x0800a031   Thumb Code    20  lcd.o(i.LCD_SetColorIndex)
    LCD_SetDrawMode                          0x0800a049   Thumb Code     8  lcd.o(i.LCD_SetDrawMode)
    LCD_SetLUTEntryEx                        0x0800a055   Thumb Code    44  lcd_set.o(i.LCD_SetLUTEntryEx)
    LCD_SetSizeEx                            0x0800a081   Thumb Code    44  lcd_set.o(i.LCD_SetSizeEx)
    LCD_SetVSizeEx                           0x0800a0ad   Thumb Code    44  lcd_set.o(i.LCD_SetVSizeEx)
    LCD_UpdateColorIndices                   0x0800a0d9   Thumb Code    32  lcd_updatecolorindices.o(i.LCD_UpdateColorIndices)
    LCD__DrawBitmap_1bpp                     0x0800a0fd   Thumb Code   424  lcd.o(i.LCD__DrawBitmap_1bpp)
    LCD__GetBPP                              0x0800a2b1   Thumb Code    92  lcd_getex.o(i.LCD__GetBPP)
    LCD__GetBPPDevice                        0x0800a30d   Thumb Code    50  lcd_getex.o(i.LCD__GetBPPDevice)
    WM_Activate                              0x0800a341   Thumb Code    12  wm.o(i.WM_Activate)
    WM_BringToBottom                         0x0800a351   Thumb Code   126  wm_bringtobottom.o(i.WM_BringToBottom)
    WM_CreateWindowAsChild                   0x0800a3d1   Thumb Code   318  wm.o(i.WM_CreateWindowAsChild)
    WM_DefaultProc                           0x0800a51d   Thumb Code    70  wm.o(i.WM_DefaultProc)
    WM_GetDesktopWindow                      0x0800a565   Thumb Code    14  wm_getdesktopwindow.o(i.WM_GetDesktopWindow)
    WM_GetFirstChild                         0x0800a57d   Thumb Code    14  wm_getfirstchild.o(i.WM_GetFirstChild)
    WM_GetParent                             0x0800a58b   Thumb Code    14  wm_getparent.o(i.WM_GetParent)
    WM_Init                                  0x0800a599   Thumb Code   184  wm.o(i.WM_Init)
    WM_InvalidateRect                        0x0800a66d   Thumb Code   118  wm.o(i.WM_InvalidateRect)
    WM_InvalidateWindow                      0x0800a6e3   Thumb Code     6  wm.o(i.WM_InvalidateWindow)
    WM_InvalidateWindowAndDescsEx            0x0800a6e9   Thumb Code    94  wm.o(i.WM_InvalidateWindowAndDescsEx)
    WM_SelectWindow                          0x0800a749   Thumb Code    52  wm.o(i.WM_SelectWindow)
    WM_SendToParent                          0x0800a785   Thumb Code    30  wm_sendtoparent.o(i.WM_SendToParent)
    WM__ActivateClipRect                     0x0800a7a5   Thumb Code    58  wm.o(i.WM__ActivateClipRect)
    WM__AddCriticalHandle                    0x0800a7ed   Thumb Code    10  wm_criticalhandle.o(i.WM__AddCriticalHandle)
    WM__Client2Screen                        0x0800a7fd   Thumb Code    16  wm.o(i.WM__Client2Screen)
    WM__ClipAtParentBorders                  0x0800a80d   Thumb Code    78  wm.o(i.WM__ClipAtParentBorders)
    WM__GetClientRectEx                      0x0800a85b   Thumb Code    32  wm_getclientrect.o(i.WM__GetClientRectEx)
    WM__GetClientRectWin                     0x0800a87b   Thumb Code    24  wm.o(i.WM__GetClientRectWin)
    WM__GetFirstSibling                      0x0800a893   Thumb Code    18  wm__getfirstsibling.o(i.WM__GetFirstSibling)
    WM__GetNextIVR                           0x0800a8a5   Thumb Code    54  wm.o(i.WM__GetNextIVR)
    WM__GetPrevSibling                       0x0800a8e5   Thumb Code    36  wm__getprevsibling.o(i.WM__GetPrevSibling)
    WM__GetTopLevelLayer                     0x0800a909   Thumb Code    24  wm.o(i.WM__GetTopLevelLayer)
    WM__InitIVRSearch                        0x0800a921   Thumb Code   228  wm.o(i.WM__InitIVRSearch)
    WM__InsertWindowIntoList                 0x0800aa11   Thumb Code   164  wm.o(i.WM__InsertWindowIntoList)
    WM__Invalidate1Abs                       0x0800aab5   Thumb Code     6  wm.o(i.WM__Invalidate1Abs)
    WM__InvalidateDrawAndDescs               0x0800aabb   Thumb Code    70  wm.o(i.WM__InvalidateDrawAndDescs)
    WM__InvalidateRect                       0x0800ab01   Thumb Code   118  wm.o(i.WM__InvalidateRect)
    WM__InvalidateRectEx                     0x0800ab77   Thumb Code     6  wm.o(i.WM__InvalidateRectEx)
    WM__RectIsNZ                             0x0800ab7d   Thumb Code    32  wm.o(i.WM__RectIsNZ)
    WM__SelectTopLevelLayer                  0x0800ab9d   Thumb Code    20  wm.o(i.WM__SelectTopLevelLayer)
    WM__SendMessage                          0x0800abb1   Thumb Code    54  wm__sendmessage.o(i.WM__SendMessage)
    WM__SendMsgNoData                        0x0800abed   Thumb Code    14  wm.o(i.WM__SendMsgNoData)
    emWin_LCD_Init                           0x0800d4dd   Thumb Code   138  lcd.o(i.emWin_LCD_Init)
    __aeabi_dneg                             0x0800d567   Thumb Code     0  basic.o(x$fpl$basic)
    _dneg                                    0x0800d567   Thumb Code     6  basic.o(x$fpl$basic)
    __aeabi_fneg                             0x0800d56d   Thumb Code     0  basic.o(x$fpl$basic)
    _fneg                                    0x0800d56d   Thumb Code     6  basic.o(x$fpl$basic)
    _dabs                                    0x0800d573   Thumb Code     6  basic.o(x$fpl$basic)
    _fabs                                    0x0800d579   Thumb Code     6  basic.o(x$fpl$basic)
    __aeabi_dadd                             0x0800d581   Thumb Code     0  daddsub_clz.o(x$fpl$dadd)
    _dadd                                    0x0800d581   Thumb Code   332  daddsub_clz.o(x$fpl$dadd)
    __fpl_dcmp_Inf                           0x0800d6d1   Thumb Code    24  dcmpi.o(x$fpl$dcmpinf)
    __aeabi_ddiv                             0x0800d6e9   Thumb Code     0  ddiv.o(x$fpl$ddiv)
    _ddiv                                    0x0800d6e9   Thumb Code   552  ddiv.o(x$fpl$ddiv)
    __aeabi_d2uiz                            0x0800d999   Thumb Code     0  dfixu.o(x$fpl$dfixu)
    _dfixu                                   0x0800d999   Thumb Code    90  dfixu.o(x$fpl$dfixu)
    __aeabi_i2d                              0x0800d9f3   Thumb Code     0  dflt_clz.o(x$fpl$dflt)
    _dflt                                    0x0800d9f3   Thumb Code    46  dflt_clz.o(x$fpl$dflt)
    __aeabi_l2d                              0x0800da21   Thumb Code     0  dfltll_clz.o(x$fpl$dfltll)
    _ll_sto_d                                0x0800da21   Thumb Code   162  dfltll_clz.o(x$fpl$dfltll)
    __aeabi_ui2d                             0x0800dac3   Thumb Code     0  dflt_clz.o(x$fpl$dfltu)
    _dfltu                                   0x0800dac3   Thumb Code    38  dflt_clz.o(x$fpl$dfltu)
    __aeabi_ul2d                             0x0800dae9   Thumb Code     0  dfltll_clz.o(x$fpl$dfltull)
    _ll_uto_d                                0x0800dae9   Thumb Code   138  dfltll_clz.o(x$fpl$dfltull)
    __aeabi_cdcmple                          0x0800db75   Thumb Code     0  dleqf.o(x$fpl$dleqf)
    _dcmple                                  0x0800db75   Thumb Code   120  dleqf.o(x$fpl$dleqf)
    __fpl_dcmple_InfNaN                      0x0800dbd7   Thumb Code     0  dleqf.o(x$fpl$dleqf)
    __aeabi_dmul                             0x0800dbed   Thumb Code     0  dmul.o(x$fpl$dmul)
    _dmul                                    0x0800dbed   Thumb Code   332  dmul.o(x$fpl$dmul)
    __fpl_dnaninf                            0x0800dd41   Thumb Code   156  dnaninf.o(x$fpl$dnaninf)
    __fpl_dretinf                            0x0800dddd   Thumb Code    12  dretinf.o(x$fpl$dretinf)
    __aeabi_drsub                            0x0800dde9   Thumb Code     0  daddsub_clz.o(x$fpl$drsb)
    _drsb                                    0x0800dde9   Thumb Code    22  daddsub_clz.o(x$fpl$drsb)
    __aeabi_dsub                             0x0800de01   Thumb Code     0  daddsub_clz.o(x$fpl$dsub)
    _dsub                                    0x0800de01   Thumb Code   464  daddsub_clz.o(x$fpl$dsub)
    _fp_init                                 0x0800dfd5   Thumb Code    10  fpinit.o(x$fpl$fpinit)
    __fplib_config_fpu_vfp                   0x0800dfdd   Thumb Code     0  fpinit.o(x$fpl$fpinit)
    __fplib_config_pureend_doubles           0x0800dfdd   Thumb Code     0  fpinit.o(x$fpl$fpinit)
    __aeabi_d2ulz                            0x0800dfe1   Thumb Code     0  dfixull.o(x$fpl$llufromd)
    _ll_ufrom_d                              0x0800dfe1   Thumb Code   120  dfixull.o(x$fpl$llufromd)
    __I$use$fp                               0x0800e058   Number         0  usenofp.o(x$fpl$usenofp)
    array_CHAR                               0x0800e058   Data          16  keyboard.o(.constdata)
    asc2_1206                                0x0800e068   Data        1140  ili93xx.o(.constdata)
    asc2_1608                                0x0800e4dc   Data        1520  ili93xx.o(.constdata)
    asc2_2412                                0x0800eacc   Data        3420  ili93xx.o(.constdata)
    asc2_3216                                0x0800f828   Data        6080  ili93xx.o(.constdata)
    FSMC_DefaultTimingStruct                 0x08010fe8   Data          28  stm32f4xx_fsmc.o(.constdata)
    LCD_API_ColorConv_565                    0x08011004   Data          24  guicc_565.o(.constdata)
    GUIDRV_FlexColor_API                     0x08011024   Data          52  guidrv_flexcolor.o(.constdata)
    GUI_Font6x8                              0x0801178c   Data          36  f6x8.o(.constdata)
    GUI__aConvert_255_31                     0x080117b0   Data         256  gui__divtbl_255_31.o(.constdata)
    GUI__aConvert_255_63                     0x080118b0   Data         256  gui__divtbl_255_63.o(.constdata)
    GUI__aConvert_31_255                     0x080119b0   Data          32  gui__divtbl_31_255.o(.constdata)
    GUI__aConvert_63_255                     0x080119d0   Data          64  gui__divtbl_63_255.o(.constdata)
    GUI_UC_None                              0x08011a10   Data          16  gui_uc_encodenone.o(.constdata)
    GUI_MEMDEV_DEVICE_16                     0x08011a6c   Data          52  guidev_16.o(.constdata)
    LCD_API_ColorConv_0                      0x08011aa0   Data          24  guicc_0.o(.constdata)
    LCD_aMirror                              0x08011ab8   Data         256  lcd_mirror.o(.constdata)
    Region$$Table$$Base                      0x08011be8   Number         0  anon$$obj.o(Region$$Table)
    Region$$Table$$Limit                     0x08011c08   Number         0  anon$$obj.o(Region$$Table)
    SystemCoreClock                          0x20000000   Data           4  system_stm32f4xx.o(.data)
    AHBPrescTable                            0x20000004   Data          16  system_stm32f4xx.o(.data)
    Enter_flag                               0x20000018   Data           4  keyboard.o(.data)
    KBCode                                   0x2000001c   Data           8  keyboard.o(.data)
    KeyValue                                 0x20000024   Data           1  keyboard.o(.data)
    KeyChange_Flag                           0x20000025   Data           1  keyboard.o(.data)
    freq                                     0x20000028   Data           8  keyboard.o(.data)
    POINT_COLOR                              0x20000044   Data           2  ili93xx.o(.data)
    BACK_COLOR                               0x20000046   Data           2  ili93xx.o(.data)
    __stdout                                 0x2000004c   Data           4  usart.o(.data)
    USART_RX_STA                             0x20000050   Data           2  usart.o(.data)
    OS_TimeMS                                0x20000064   Data           4  gui_x.o(.data)
    GUI_DecChar                              0x20000070   Data           1  gui_core.o(.data)
    GUI_pfGetpPalConvTable                   0x20000074   Data           4  gui_core.o(.data)
    GUI__pFontDefault                        0x20000078   Data           4  gui_core.o(.data)
    GUI_pContext                             0x2000007c   Data           4  gui_core.o(.data)
    GUI_pUC_API                              0x20000080   Data           4  gui_core.o(.data)
    GUI__apDevice                            0x20000094   Data           8  gui_core.o(.data)
    GUI_pfDispCharStyle                      0x2000009c   Data           4  gui_core.o(.data)
    GUI_pLCD_APIList                         0x200000a0   Data           4  gui_core.o(.data)
    GUI_OrgX                                 0x200000a4   Data           2  gui_core.o(.data)
    GUI_OrgY                                 0x200000a6   Data           2  gui_core.o(.data)
    GUI_CharLine_pfLog2Vis                   0x200000cc   Data           4  gui_charline.o(.data)
    LCD__pSetColorAPI                        0x200000d0   Data           4  lcd.o(.data)
    LCD__aConvTable                          0x200000d8   Data           4  lcd_color.o(.data)
    WM__PaintCallbackCnt                     0x200000e4   Data           1  wm.o(.data)
    WM__NumWindows                           0x200000e6   Data           2  wm.o(.data)
    WM__NumInvalidWindows                    0x200000e8   Data           2  wm.o(.data)
    WM__TouchedLayer                         0x200000ec   Data           4  wm.o(.data)
    WM__FirstWin                             0x200000f0   Data           4  wm.o(.data)
    WM__pFirstCriticalHandle                 0x200000f4   Data           4  wm.o(.data)
    WM__CreateFlags                          0x200000f8   Data           4  wm.o(.data)
    WM_pfPollPID                             0x200000fc   Data           4  wm.o(.data)
    WM_MULTIBUF__pAPI                        0x20000100   Data           4  wm.o(.data)
    WM__TransWindowCnt                       0x20000104   Data           4  wm.o(.data)
    WM__hATransWindow                        0x20000108   Data           4  wm.o(.data)
    WM__ahDesktopWin                         0x2000011c   Data           8  wm.o(.data)
    WM__aBkColor                             0x20000124   Data           8  wm.o(.data)
    WM__ahCapture                            0x2000012c   Data           8  wm.o(.data)
    WM__ahWinFocus                           0x20000134   Data           8  wm.o(.data)
    lcddev                                   0x200001a4   Data          14  ili93xx.o(.bss)
    USART_RX_BUF                             0x200001b2   Data         200  usart.o(.bss)
    GUI_ALLOC__Context                       0x2000ca7c   Data         188  gui_alloc.o(.bss)
    WM__aCHWinModal                          0x2000cc44   Data          16  wm_touch.o(.bss)
    WM__aCHWinLast                           0x2000cc54   Data          16  wm_touch.o(.bss)
    WM__aCHWinMouseOver                      0x2000cc64   Data          16  wm_touch.o(.bss)
    __libspace_start                         0x2000cc74   Data          96  libspace.o(.bss)
    __temporary_stack_top$libspace           0x2000ccd4   Data           0  libspace.o(.bss)



==============================================================================

Memory Map of the image

  Image Entry point : 0x08000189

  Load Region LR_IROM1 (Base: 0x08000000, Size: 0x00011d68, Max: 0x00100000, ABSOLUTE, COMPRESSED[0x00011c50])

    Execution Region ER_IROM1 (Exec base: 0x08000000, Load base: 0x08000000, Size: 0x00011c08, Max: 0x00100000, ABSOLUTE)

    Exec Addr    Load Addr    Size         Type   Attr      Idx    E Section Name        Object

    0x08000000   0x08000000   0x00000188   Data   RO          566    RESET               startup_stm32f40_41xxx.o
    0x08000188   0x08000188   0x00000008   Code   RO         2289  * !!!main             c_w.l(__main.o)
    0x08000190   0x08000190   0x00000034   Code   RO         2532    !!!scatter          c_w.l(__scatter.o)
    0x080001c4   0x080001c4   0x0000005a   Code   RO         2530    !!dczerorl2         c_w.l(__dczerorl2.o)
    0x0800021e   0x0800021e   0x00000002   PAD
    0x08000220   0x08000220   0x0000001c   Code   RO         2534    !!handler_zi        c_w.l(__scatter_zi.o)
    0x0800023c   0x0800023c   0x00000000   Code   RO         2276    .ARM.Collect$$_printf_percent$$00000000  c_w.l(_printf_percent.o)
    0x0800023c   0x0800023c   0x00000006   Code   RO         2275    .ARM.Collect$$_printf_percent$$0000000C  c_w.l(_printf_x.o)
    0x08000242   0x08000242   0x00000004   Code   RO         2350    .ARM.Collect$$_printf_percent$$00000017  c_w.l(_printf_percent_end.o)
    0x08000246   0x08000246   0x00000002   Code   RO         2404    .ARM.Collect$$libinit$$00000000  c_w.l(libinit.o)
    0x08000248   0x08000248   0x00000004   Code   RO         2416    .ARM.Collect$$libinit$$00000001  c_w.l(libinit2.o)
    0x0800024c   0x0800024c   0x00000000   Code   RO         2419    .ARM.Collect$$libinit$$00000004  c_w.l(libinit2.o)
    0x0800024c   0x0800024c   0x00000000   Code   RO         2422    .ARM.Collect$$libinit$$0000000A  c_w.l(libinit2.o)
    0x0800024c   0x0800024c   0x00000000   Code   RO         2424    .ARM.Collect$$libinit$$0000000C  c_w.l(libinit2.o)
    0x0800024c   0x0800024c   0x00000000   Code   RO         2426    .ARM.Collect$$libinit$$0000000E  c_w.l(libinit2.o)
    0x0800024c   0x0800024c   0x00000000   Code   RO         2429    .ARM.Collect$$libinit$$00000011  c_w.l(libinit2.o)
    0x0800024c   0x0800024c   0x00000000   Code   RO         2431    .ARM.Collect$$libinit$$00000013  c_w.l(libinit2.o)
    0x0800024c   0x0800024c   0x00000000   Code   RO         2433    .ARM.Collect$$libinit$$00000015  c_w.l(libinit2.o)
    0x0800024c   0x0800024c   0x00000000   Code   RO         2435    .ARM.Collect$$libinit$$00000017  c_w.l(libinit2.o)
    0x0800024c   0x0800024c   0x00000000   Code   RO         2437    .ARM.Collect$$libinit$$00000019  c_w.l(libinit2.o)
    0x0800024c   0x0800024c   0x00000000   Code   RO         2439    .ARM.Collect$$libinit$$0000001B  c_w.l(libinit2.o)
    0x0800024c   0x0800024c   0x00000000   Code   RO         2441    .ARM.Collect$$libinit$$0000001D  c_w.l(libinit2.o)
    0x0800024c   0x0800024c   0x00000000   Code   RO         2443    .ARM.Collect$$libinit$$0000001F  c_w.l(libinit2.o)
    0x0800024c   0x0800024c   0x00000000   Code   RO         2445    .ARM.Collect$$libinit$$00000021  c_w.l(libinit2.o)
    0x0800024c   0x0800024c   0x00000000   Code   RO         2447    .ARM.Collect$$libinit$$00000023  c_w.l(libinit2.o)
    0x0800024c   0x0800024c   0x00000000   Code   RO         2449    .ARM.Collect$$libinit$$00000025  c_w.l(libinit2.o)
    0x0800024c   0x0800024c   0x00000000   Code   RO         2453    .ARM.Collect$$libinit$$0000002C  c_w.l(libinit2.o)
    0x0800024c   0x0800024c   0x00000000   Code   RO         2455    .ARM.Collect$$libinit$$0000002E  c_w.l(libinit2.o)
    0x0800024c   0x0800024c   0x00000000   Code   RO         2457    .ARM.Collect$$libinit$$00000030  c_w.l(libinit2.o)
    0x0800024c   0x0800024c   0x00000000   Code   RO         2459    .ARM.Collect$$libinit$$00000032  c_w.l(libinit2.o)
    0x0800024c   0x0800024c   0x00000002   Code   RO         2460    .ARM.Collect$$libinit$$00000033  c_w.l(libinit2.o)
    0x0800024e   0x0800024e   0x00000002   Code   RO         2486    .ARM.Collect$$libshutdown$$00000000  c_w.l(libshutdown.o)
    0x08000250   0x08000250   0x00000000   Code   RO         2513    .ARM.Collect$$libshutdown$$00000002  c_w.l(libshutdown2.o)
    0x08000250   0x08000250   0x00000000   Code   RO         2515    .ARM.Collect$$libshutdown$$00000004  c_w.l(libshutdown2.o)
    0x08000250   0x08000250   0x00000000   Code   RO         2518    .ARM.Collect$$libshutdown$$00000007  c_w.l(libshutdown2.o)
    0x08000250   0x08000250   0x00000000   Code   RO         2521    .ARM.Collect$$libshutdown$$0000000A  c_w.l(libshutdown2.o)
    0x08000250   0x08000250   0x00000000   Code   RO         2523    .ARM.Collect$$libshutdown$$0000000C  c_w.l(libshutdown2.o)
    0x08000250   0x08000250   0x00000000   Code   RO         2526    .ARM.Collect$$libshutdown$$0000000F  c_w.l(libshutdown2.o)
    0x08000250   0x08000250   0x00000002   Code   RO         2527    .ARM.Collect$$libshutdown$$00000010  c_w.l(libshutdown2.o)
    0x08000252   0x08000252   0x00000000   Code   RO         2341    .ARM.Collect$$rtentry$$00000000  c_w.l(__rtentry.o)
    0x08000252   0x08000252   0x00000000   Code   RO         2367    .ARM.Collect$$rtentry$$00000002  c_w.l(__rtentry2.o)
    0x08000252   0x08000252   0x00000006   Code   RO         2379    .ARM.Collect$$rtentry$$00000004  c_w.l(__rtentry4.o)
    0x08000258   0x08000258   0x00000000   Code   RO         2369    .ARM.Collect$$rtentry$$00000009  c_w.l(__rtentry2.o)
    0x08000258   0x08000258   0x00000004   Code   RO         2370    .ARM.Collect$$rtentry$$0000000A  c_w.l(__rtentry2.o)
    0x0800025c   0x0800025c   0x00000000   Code   RO         2372    .ARM.Collect$$rtentry$$0000000C  c_w.l(__rtentry2.o)
    0x0800025c   0x0800025c   0x00000008   Code   RO         2373    .ARM.Collect$$rtentry$$0000000D  c_w.l(__rtentry2.o)
    0x08000264   0x08000264   0x00000002   Code   RO         2408    .ARM.Collect$$rtexit$$00000000  c_w.l(rtexit.o)
    0x08000266   0x08000266   0x00000000   Code   RO         2462    .ARM.Collect$$rtexit$$00000002  c_w.l(rtexit2.o)
    0x08000266   0x08000266   0x00000004   Code   RO         2463    .ARM.Collect$$rtexit$$00000003  c_w.l(rtexit2.o)
    0x0800026a   0x0800026a   0x00000006   Code   RO         2464    .ARM.Collect$$rtexit$$00000004  c_w.l(rtexit2.o)
    0x08000270   0x08000270   0x0000006c   Code   RO            3    .text               main.o
    0x080002dc   0x080002dc   0x0000001a   Code   RO          191    .text               stm32f4xx_it.o
    0x080002f6   0x080002f6   0x00000002   PAD
    0x080002f8   0x080002f8   0x00000210   Code   RO          240    .text               system_stm32f4xx.o
    0x08000508   0x08000508   0x00000cac   Code   RO          340    .text               keyboard.o
    0x080011b4   0x080011b4   0x000000fc   Code   RO          397    .text               adc.o
    0x080012b0   0x080012b0   0x00005388   Code   RO          460    .text               ili93xx.o
    0x08006638   0x08006638   0x00000104   Code   RO          495    .text               delay.o
    0x0800673c   0x0800673c   0x00000148   Code   RO          535    .text               usart.o
    0x08006884   0x08006884   0x00000040   Code   RO          567    .text               startup_stm32f40_41xxx.o
    0x080068c4   0x080068c4   0x000000e0   Code   RO          573    .text               misc.o
    0x080069a4   0x080069a4   0x00000294   Code   RO          593    .text               stm32f4xx_gpio.o
    0x08006c38   0x08006c38   0x000005c8   Code   RO          613    .text               stm32f4xx_fsmc.o
    0x08007200   0x08007200   0x0000065c   Code   RO          636    .text               stm32f4xx_rcc.o
    0x0800785c   0x0800785c   0x00000094   Code   RO          658    .text               stm32f4xx_syscfg.o
    0x080078f0   0x080078f0   0x00000454   Code   RO          678    .text               stm32f4xx_usart.o
    0x08007d44   0x08007d44   0x00000110   Code   RO          698    .text               stm32f4xx_exti.o
    0x08007e54   0x08007e54   0x00000464   Code   RO          718    .text               stm32f4xx_adc.o
    0x080082b8   0x080082b8   0x0000001c   Code   RO          756    .text               guiconf.o
    0x080082d4   0x080082d4   0x000000e0   Code   RO          769    .text               lcdconf_flexcolor_template.o
    0x080083b4   0x080083b4   0x00000028   Code   RO          785    .text               gui_x.o
    0x080083dc   0x080083dc   0x00000002   Code   RO         2222    .text               c_w.l(use_no_semi_2.o)
    0x080083de   0x080083de   0x000000ee   Code   RO         2224    .text               c_w.l(lludivv7m.o)
    0x080084cc   0x080084cc   0x00000018   Code   RO         2230    .text               c_w.l(noretval__2printf.o)
    0x080084e4   0x080084e4   0x00000068   Code   RO         2232    .text               c_w.l(__printf.o)
    0x0800854c   0x0800854c   0x00000058   Code   RO         2237    .text               c_w.l(_printf_hex_int.o)
    0x080085a4   0x080085a4   0x0000008a   Code   RO         2277    .text               c_w.l(rt_memcpy_v6.o)
    0x0800862e   0x0800862e   0x00000084   Code   RO         2279    .text               c_w.l(rt_memmove_v6.o)
    0x080086b2   0x080086b2   0x00000064   Code   RO         2281    .text               c_w.l(rt_memcpy_w.o)
    0x08008716   0x08008716   0x0000004e   Code   RO         2285    .text               c_w.l(rt_memclr_w.o)
    0x08008764   0x08008764   0x00000006   Code   RO         2287    .text               c_w.l(heapauxi.o)
    0x0800876a   0x0800876a   0x00000002   Code   RO         2339    .text               c_w.l(use_no_semi.o)
    0x0800876c   0x0800876c   0x000000b2   Code   RO         2346    .text               c_w.l(_printf_intcommon.o)
    0x0800881e   0x0800881e   0x00000002   PAD
    0x08008820   0x08008820   0x00000024   Code   RO         2348    .text               c_w.l(_printf_char_file.o)
    0x08008844   0x08008844   0x0000007a   Code   RO         2351    .text               c_w.l(rt_memmove_w.o)
    0x080088be   0x080088be   0x00000002   PAD
    0x080088c0   0x080088c0   0x00000030   Code   RO         2383    .text               c_w.l(_printf_char_common.o)
    0x080088f0   0x080088f0   0x00000008   Code   RO         2385    .text               c_w.l(ferror.o)
    0x080088f8   0x080088f8   0x0000004a   Code   RO         2389    .text               c_w.l(sys_stackheap_outer.o)
    0x08008942   0x08008942   0x00000012   Code   RO         2393    .text               c_w.l(exit.o)
    0x08008954   0x08008954   0x00000008   Code   RO         2405    .text               c_w.l(libspace.o)
    0x0800895c   0x0800895c   0x00000040   Code   RO          981    i.GUIDRV_FlexColor_Config  STemWin522_CM4_Keil.lib(guidrv_flexcolor.o)
    0x0800899c   0x0800899c   0x00000032   Code   RO          982    i.GUIDRV_FlexColor_SetFunc  STemWin522_CM4_Keil.lib(guidrv_flexcolor.o)
    0x080089ce   0x080089ce   0x00000002   PAD
    0x080089d0   0x080089d0   0x00000060   Code   RO         1112    i.GUIDRV_FlexColor_SetFunc66709  STemWin522_CM4_Keil.lib(guidrv_flexcolor_func66709.o)
    0x08008a30   0x08008a30   0x00000058   Code   RO         1094    i.GUIDRV_FlexColor_SetMode16bppC0B16  STemWin522_CM4_Keil.lib(guidrv_flexcolor_16bpp_c0b16.o)
    0x08008a88   0x08008a88   0x000000c0   Code   RO          986    i.GUIDRV_FlexColor__GetPixelIndexNoCache  STemWin522_CM4_Keil.lib(guidrv_flexcolor.o)
    0x08008b48   0x08008b48   0x00000038   Code   RO          988    i.GUIDRV_FlexColor__InitOnce  STemWin522_CM4_Keil.lib(guidrv_flexcolor.o)
    0x08008b80   0x08008b80   0x00000038   Code   RO          993    i.GUIDRV_FlexColor__SetLog2Phys  STemWin522_CM4_Keil.lib(guidrv_flexcolor.o)
    0x08008bb8   0x08008bb8   0x0000009c   Code   RO          995    i.GUIDRV_FlexColor__SetPixelIndexNoCache  STemWin522_CM4_Keil.lib(guidrv_flexcolor.o)
    0x08008c54   0x08008c54   0x00000134   Code   RO         1188    i.GUIMONO_DispChar  STemWin522_CM4_Keil.lib(gui_charm.o)
    0x08008d88   0x08008d88   0x00000018   Code   RO         1189    i.GUIMONO_GetCharDistX  STemWin522_CM4_Keil.lib(gui_charm.o)
    0x08008da0   0x08008da0   0x00000006   Code   RO         1190    i.GUIMONO_GetFontInfo  STemWin522_CM4_Keil.lib(gui_charm.o)
    0x08008da6   0x08008da6   0x00000038   Code   RO         1191    i.GUIMONO_IsInFont  STemWin522_CM4_Keil.lib(gui_charm.o)
    0x08008dde   0x08008dde   0x0000000a   Code   RO          809    i.GUI_ALLOC_AllocNoInit  STemWin522_CM4_Keil.lib(gui_alloc.o)
    0x08008de8   0x08008de8   0x00000024   Code   RO         1445    i.GUI_ALLOC_AllocZero  STemWin522_CM4_Keil.lib(gui_alloc_alloczero.o)
    0x08008e0c   0x08008e0c   0x00000010   Code   RO          810    i.GUI_ALLOC_AssignMemory  STemWin522_CM4_Keil.lib(gui_alloc.o)
    0x08008e1c   0x08008e1c   0x00000038   Code   RO          811    i.GUI_ALLOC_Free    STemWin522_CM4_Keil.lib(gui_alloc.o)
    0x08008e54   0x08008e54   0x00000018   Code   RO          812    i.GUI_ALLOC_FreeFixedBlock  STemWin522_CM4_Keil.lib(gui_alloc.o)
    0x08008e6c   0x08008e6c   0x000000a8   Code   RO          815    i.GUI_ALLOC_GetFixedBlock  STemWin522_CM4_Keil.lib(gui_alloc.o)
    0x08008f14   0x08008f14   0x0000001c   Code   RO          823    i.GUI_ALLOC_LockH   STemWin522_CM4_Keil.lib(gui_alloc.o)
    0x08008f30   0x08008f30   0x00000030   Code   RO          828    i.GUI_ALLOC_UnlockH  STemWin522_CM4_Keil.lib(gui_alloc.o)
    0x08008f60   0x08008f60   0x00000018   Code   RO          829    i.GUI_ALLOC_h2p     STemWin522_CM4_Keil.lib(gui_alloc.o)
    0x08008f78   0x08008f78   0x00000044   Code   RO         1748    i.GUI_CalcColorDist  STemWin522_CM4_Keil.lib(gui_calccolordist.o)
    0x08008fbc   0x08008fbc   0x0000001c   Code   RO          879    i.GUI_Clear         STemWin522_CM4_Keil.lib(gui_core.o)
    0x08008fd8   0x08008fd8   0x00000060   Code   RO          880    i.GUI_ClearRect     STemWin522_CM4_Keil.lib(gui_core.o)
    0x08009038   0x08009038   0x00000050   Code   RO          908    i.GUI_DEVICE_Create  STemWin522_CM4_Keil.lib(gui_device.o)
    0x08009088   0x08009088   0x00000028   Code   RO          909    i.GUI_DEVICE_CreateAndLink  STemWin522_CM4_Keil.lib(gui_device.o)
    0x080090b0   0x080090b0   0x00000004   Code   RO          910    i.GUI_DEVICE_Delete  STemWin522_CM4_Keil.lib(gui_device.o)
    0x080090b4   0x080090b4   0x00000080   Code   RO          911    i.GUI_DEVICE_Link   STemWin522_CM4_Keil.lib(gui_device.o)
    0x08009134   0x08009134   0x00000004   Code   RO          913    i.GUI_DEVICE_Unlink  STemWin522_CM4_Keil.lib(gui_device.o)
    0x08009138   0x08009138   0x00000024   Code   RO          916    i.GUI_DEVICE__GetpDriver  STemWin522_CM4_Keil.lib(gui_device.o)
    0x0800915c   0x0800915c   0x00000100   Code   RO          929    i.GUI_DispString    STemWin522_CM4_Keil.lib(gui_dispstring.o)
    0x0800925c   0x0800925c   0x00000014   Code   RO         1526    i.GUI_GetBitsPerPixelEx  STemWin522_CM4_Keil.lib(lcd_getex.o)
    0x08009270   0x08009270   0x00000010   Code   RO         1165    i.GUI_GetCharDistX  STemWin522_CM4_Keil.lib(gui_char.o)
    0x08009280   0x08009280   0x00000010   Code   RO         1166    i.GUI_GetCharDistXEx  STemWin522_CM4_Keil.lib(gui_char.o)
    0x08009290   0x08009290   0x00000010   Code   RO         1167    i.GUI_GetFontDistY  STemWin522_CM4_Keil.lib(gui_char.o)
    0x080092a0   0x080092a0   0x00000030   Code   RO         1168    i.GUI_GetYAdjust    STemWin522_CM4_Keil.lib(gui_char.o)
    0x080092d0   0x080092d0   0x00000010   Code   RO         1527    i.GUI_GetpfColor2IndexEx  STemWin522_CM4_Keil.lib(lcd_getex.o)
    0x080092e0   0x080092e0   0x00000010   Code   RO         1528    i.GUI_GetpfIndex2ColorEx  STemWin522_CM4_Keil.lib(lcd_getex.o)
    0x080092f0   0x080092f0   0x00000014   Code   RO         1197    i.GUI_GotoXY        STemWin522_CM4_Keil.lib(gui_goto.o)
    0x08009304   0x08009304   0x00000064   Code   RO          882    i.GUI_Init          STemWin522_CM4_Keil.lib(gui_core.o)
    0x08009368   0x08009368   0x00000040   Code   RO         1613    i.GUI_MEMDEV_Delete  STemWin522_CM4_Keil.lib(guidev.o)
    0x080093a8   0x080093a8   0x00000024   Code   RO         1614    i.GUI_MEMDEV_GetBitsPerPixel  STemWin522_CM4_Keil.lib(guidev.o)
    0x080093cc   0x080093cc   0x00000016   Code   RO         1985    i.GUI_MEMDEV_GetDataPtr  STemWin522_CM4_Keil.lib(guidev_getdataptr.o)
    0x080093e2   0x080093e2   0x0000003c   Code   RO         1663    i.GUI_MEMDEV__WriteToActiveOpaque  STemWin522_CM4_Keil.lib(guidev_writetoactiveopaque.o)
    0x0800941e   0x0800941e   0x00000058   Code   RO         1447    i.GUI_MergeRect     STemWin522_CM4_Keil.lib(gui_mergerect.o)
    0x08009476   0x08009476   0x0000001e   Code   RO         1449    i.GUI_MoveRect      STemWin522_CM4_Keil.lib(gui_moverect.o)
    0x08009494   0x08009494   0x00000038   Code   RO         1471    i.GUI_RectsIntersect  STemWin522_CM4_Keil.lib(gui_rectsintersect.o)
    0x080094cc   0x080094cc   0x00000012   Code   RO         1814    i.GUI_SelectLCD     STemWin522_CM4_Keil.lib(gui_selectlcd.o)
    0x080094de   0x080094de   0x00000002   PAD
    0x080094e0   0x080094e0   0x00000024   Code   RO         1480    i.GUI_SelectLayer   STemWin522_CM4_Keil.lib(gui_selectlayer.o)
    0x08009504   0x08009504   0x00000004   Code   RO         1494    i.GUI_SetBkColor    STemWin522_CM4_Keil.lib(gui_setcolor.o)
    0x08009508   0x08009508   0x0000000c   Code   RO          883    i.GUI_SetDefaultFont  STemWin522_CM4_Keil.lib(gui_core.o)
    0x08009514   0x08009514   0x00000038   Code   RO         1206    i.GUI_SetOrg        STemWin522_CM4_Keil.lib(gui_setorg.o)
    0x0800954c   0x0800954c   0x00000010   Code   RO         1505    i.GUI_SignalEvent   STemWin522_CM4_Keil.lib(gui_waitevent.o)
    0x0800955c   0x0800955c   0x00000010   Code   RO         1456    i.GUI_StoreKey      STemWin522_CM4_Keil.lib(gui_onkey.o)
    0x0800956c   0x0800956c   0x0000002c   Code   RO         1212    i.GUI_UC__GetCharCodeInc  STemWin522_CM4_Keil.lib(gui_uc.o)
    0x08009598   0x08009598   0x00000028   Code   RO         1214    i.GUI_UC__NumChars2NumBytes  STemWin522_CM4_Keil.lib(gui_uc.o)
    0x080095c0   0x080095c0   0x00000028   Code   RO         1657    i.GUI_USAGE_AddRect  STemWin522_CM4_Keil.lib(guidev_usage.o)
    0x080095e8   0x080095e8   0x00000024   Code   RO         1658    i.GUI_USAGE_DecUseCnt  STemWin522_CM4_Keil.lib(guidev_usage.o)
    0x0800960c   0x0800960c   0x00000128   Code   RO         1744    i.GUI__CompactPixelIndices  STemWin522_CM4_Keil.lib(gui__compactpixelindices.o)
    0x08009734   0x08009734   0x00000034   Code   RO          885    i.GUI__Config       STemWin522_CM4_Keil.lib(gui_core.o)
    0x08009768   0x08009768   0x000000b0   Code   RO         1175    i.GUI__DispLine     STemWin522_CM4_Keil.lib(gui_charline.o)
    0x08009818   0x08009818   0x00000054   Code   RO         1176    i.GUI__GetLineDistX  STemWin522_CM4_Keil.lib(gui_charline.o)
    0x0800986c   0x0800986c   0x00000038   Code   RO         1177    i.GUI__GetLineNumChars  STemWin522_CM4_Keil.lib(gui_charline.o)
    0x080098a4   0x080098a4   0x00000018   Code   RO         1178    i.GUI__GetOverlap   STemWin522_CM4_Keil.lib(gui_charline.o)
    0x080098bc   0x080098bc   0x0000003a   Code   RO         1436    i.GUI__IntersectRect  STemWin522_CM4_Keil.lib(gui__intersectrect.o)
    0x080098f6   0x080098f6   0x00000052   Code   RO         1438    i.GUI__IntersectRects  STemWin522_CM4_Keil.lib(gui__intersectrects.o)
    0x08009948   0x08009948   0x00000010   Code   RO         1440    i.GUI__ManageCache  STemWin522_CM4_Keil.lib(gui__managecache.o)
    0x08009958   0x08009958   0x000000ac   Code   RO         1441    i.GUI__ManageCacheEx  STemWin522_CM4_Keil.lib(gui__managecache.o)
    0x08009a04   0x08009a04   0x00000010   Code   RO          886    i.GUI__RegisterExit  STemWin522_CM4_Keil.lib(gui_core.o)
    0x08009a14   0x08009a14   0x0000004c   Code   RO         1159    i.GUI__memset       STemWin522_CM4_Keil.lib(gui__memset.o)
    0x08009a60   0x08009a60   0x0000003a   Code   RO         1161    i.GUI__memset16     STemWin522_CM4_Keil.lib(gui__memset16.o)
    0x08009a9a   0x08009a9a   0x00000002   PAD
    0x08009a9c   0x08009a9c   0x0000001c   Code   RO         1235    i.LCD_Color2Index   STemWin522_CM4_Keil.lib(lcd.o)
    0x08009ab8   0x08009ab8   0x00000208   Code   RO         1236    i.LCD_DrawBitmap    STemWin522_CM4_Keil.lib(lcd.o)
    0x08009cc0   0x08009cc0   0x00000058   Code   RO         1237    i.LCD_DrawHLine     STemWin522_CM4_Keil.lib(lcd.o)
    0x08009d18   0x08009d18   0x00000068   Code   RO         1238    i.LCD_DrawPixel     STemWin522_CM4_Keil.lib(lcd.o)
    0x08009d80   0x08009d80   0x00000058   Code   RO         1240    i.LCD_FillRect      STemWin522_CM4_Keil.lib(lcd.o)
    0x08009dd8   0x08009dd8   0x00000006   Code   RO         1530    i.LCD_GetBitsPerPixelEx  STemWin522_CM4_Keil.lib(lcd_getex.o)
    0x08009dde   0x08009dde   0x00000002   PAD
    0x08009de0   0x08009de0   0x00000010   Code   RO         1537    i.LCD_GetNumColors  STemWin522_CM4_Keil.lib(lcd_getex.o)
    0x08009df0   0x08009df0   0x00000006   Code   RO         1538    i.LCD_GetNumColorsEx  STemWin522_CM4_Keil.lib(lcd_getex.o)
    0x08009df6   0x08009df6   0x0000001a   Code   RO         1604    i.LCD_GetNumLayers  STemWin522_CM4_Keil.lib(lcd_getnumdisplays.o)
    0x08009e10   0x08009e10   0x00000010   Code   RO         1539    i.LCD_GetPalette    STemWin522_CM4_Keil.lib(lcd_getex.o)
    0x08009e20   0x08009e20   0x00000018   Code   RO         1540    i.LCD_GetPaletteEx  STemWin522_CM4_Keil.lib(lcd_getex.o)
    0x08009e38   0x08009e38   0x00000004   Code   RO         1274    i.LCD_GetpPalConvTableBM  STemWin522_CM4_Keil.lib(lcd_color.o)
    0x08009e3c   0x08009e3c   0x00000048   Code   RO         1275    i.LCD_GetpPalConvTableUncached  STemWin522_CM4_Keil.lib(lcd_color.o)
    0x08009e84   0x08009e84   0x0000001c   Code   RO         1241    i.LCD_Index2Color   STemWin522_CM4_Keil.lib(lcd.o)
    0x08009ea0   0x08009ea0   0x0000002c   Code   RO         1233    i.LCD_Index2Color_565  STemWin522_CM4_Keil.lib(guicc_565_index2color.o)
    0x08009ecc   0x08009ecc   0x00000034   Code   RO         1276    i.LCD_InitColors    STemWin522_CM4_Keil.lib(lcd_color.o)
    0x08009f00   0x08009f00   0x00000070   Code   RO         1277    i.LCD_InitLUT       STemWin522_CM4_Keil.lib(lcd_color.o)
    0x08009f70   0x08009f70   0x00000044   Code   RO         2185    i.LCD_SelectLCD     STemWin522_CM4_Keil.lib(lcd_selectlcd.o)
    0x08009fb4   0x08009fb4   0x0000000c   Code   RO         1242    i.LCD_SetBkColor    STemWin522_CM4_Keil.lib(lcd.o)
    0x08009fc0   0x08009fc0   0x00000018   Code   RO         1243    i.LCD_SetBkColorIndex  STemWin522_CM4_Keil.lib(lcd.o)
    0x08009fd8   0x08009fd8   0x00000030   Code   RO         1607    i.LCD_SetClipRectEx  STemWin522_CM4_Keil.lib(lcd_setcliprectex.o)
    0x0800a008   0x0800a008   0x0000001c   Code   RO         1244    i.LCD_SetClipRectMax  STemWin522_CM4_Keil.lib(lcd.o)
    0x0800a024   0x0800a024   0x0000000c   Code   RO         1245    i.LCD_SetColor      STemWin522_CM4_Keil.lib(lcd.o)
    0x0800a030   0x0800a030   0x00000018   Code   RO         1246    i.LCD_SetColorIndex  STemWin522_CM4_Keil.lib(lcd.o)
    0x0800a048   0x0800a048   0x0000000c   Code   RO         1247    i.LCD_SetDrawMode   STemWin522_CM4_Keil.lib(lcd.o)
    0x0800a054   0x0800a054   0x0000002c   Code   RO          945    i.LCD_SetLUTEntryEx  STemWin522_CM4_Keil.lib(lcd_set.o)
    0x0800a080   0x0800a080   0x0000002c   Code   RO          949    i.LCD_SetSizeEx     STemWin522_CM4_Keil.lib(lcd_set.o)
    0x0800a0ac   0x0800a0ac   0x0000002c   Code   RO          953    i.LCD_SetVSizeEx    STemWin522_CM4_Keil.lib(lcd_set.o)
    0x0800a0d8   0x0800a0d8   0x00000024   Code   RO         1944    i.LCD_UpdateColorIndices  STemWin522_CM4_Keil.lib(lcd_updatecolorindices.o)
    0x0800a0fc   0x0800a0fc   0x000001b4   Code   RO         1248    i.LCD__DrawBitmap_1bpp  STemWin522_CM4_Keil.lib(lcd.o)
    0x0800a2b0   0x0800a2b0   0x0000005c   Code   RO         1561    i.LCD__GetBPP       STemWin522_CM4_Keil.lib(lcd_getex.o)
    0x0800a30c   0x0800a30c   0x00000032   Code   RO         1562    i.LCD__GetBPPDevice  STemWin522_CM4_Keil.lib(lcd_getex.o)
    0x0800a33e   0x0800a33e   0x00000002   PAD
    0x0800a340   0x0800a340   0x00000010   Code   RO         1321    i.WM_Activate       STemWin522_CM4_Keil.lib(wm.o)
    0x0800a350   0x0800a350   0x0000007e   Code   RO         1675    i.WM_BringToBottom  STemWin522_CM4_Keil.lib(wm_bringtobottom.o)
    0x0800a3ce   0x0800a3ce   0x00000002   PAD
    0x0800a3d0   0x0800a3d0   0x0000014c   Code   RO         1323    i.WM_CreateWindowAsChild  STemWin522_CM4_Keil.lib(wm.o)
    0x0800a51c   0x0800a51c   0x00000046   Code   RO         1325    i.WM_DefaultProc    STemWin522_CM4_Keil.lib(wm.o)
    0x0800a562   0x0800a562   0x00000002   PAD
    0x0800a564   0x0800a564   0x00000018   Code   RO         1434    i.WM_GetDesktopWindow  STemWin522_CM4_Keil.lib(wm_getdesktopwindow.o)
    0x0800a57c   0x0800a57c   0x0000000e   Code   RO         1687    i.WM_GetFirstChild  STemWin522_CM4_Keil.lib(wm_getfirstchild.o)
    0x0800a58a   0x0800a58a   0x0000000e   Code   RO         2028    i.WM_GetParent      STemWin522_CM4_Keil.lib(wm_getparent.o)
    0x0800a598   0x0800a598   0x000000d4   Code   RO         1329    i.WM_Init           STemWin522_CM4_Keil.lib(wm.o)
    0x0800a66c   0x0800a66c   0x00000076   Code   RO         1330    i.WM_InvalidateRect  STemWin522_CM4_Keil.lib(wm.o)
    0x0800a6e2   0x0800a6e2   0x00000006   Code   RO         1331    i.WM_InvalidateWindow  STemWin522_CM4_Keil.lib(wm.o)
    0x0800a6e8   0x0800a6e8   0x0000005e   Code   RO         1332    i.WM_InvalidateWindowAndDescsEx  STemWin522_CM4_Keil.lib(wm.o)
    0x0800a746   0x0800a746   0x00000002   PAD
    0x0800a748   0x0800a748   0x0000003c   Code   RO         1333    i.WM_SelectWindow   STemWin522_CM4_Keil.lib(wm.o)
    0x0800a784   0x0800a784   0x0000001e   Code   RO         1693    i.WM_SendToParent   STemWin522_CM4_Keil.lib(wm_sendtoparent.o)
    0x0800a7a2   0x0800a7a2   0x00000002   PAD
    0x0800a7a4   0x0800a7a4   0x00000048   Code   RO         1336    i.WM__ActivateClipRect  STemWin522_CM4_Keil.lib(wm.o)
    0x0800a7ec   0x0800a7ec   0x00000010   Code   RO         1677    i.WM__AddCriticalHandle  STemWin522_CM4_Keil.lib(wm_criticalhandle.o)
    0x0800a7fc   0x0800a7fc   0x00000010   Code   RO         1337    i.WM__Client2Screen  STemWin522_CM4_Keil.lib(wm.o)
    0x0800a80c   0x0800a80c   0x0000004e   Code   RO         1338    i.WM__ClipAtParentBorders  STemWin522_CM4_Keil.lib(wm.o)
    0x0800a85a   0x0800a85a   0x00000020   Code   RO         1683    i.WM__GetClientRectEx  STemWin522_CM4_Keil.lib(wm_getclientrect.o)
    0x0800a87a   0x0800a87a   0x00000018   Code   RO         1341    i.WM__GetClientRectWin  STemWin522_CM4_Keil.lib(wm.o)
    0x0800a892   0x0800a892   0x00000012   Code   RO         2189    i.WM__GetFirstSibling  STemWin522_CM4_Keil.lib(wm__getfirstsibling.o)
    0x0800a8a4   0x0800a8a4   0x00000040   Code   RO         1342    i.WM__GetNextIVR    STemWin522_CM4_Keil.lib(wm.o)
    0x0800a8e4   0x0800a8e4   0x00000024   Code   RO         2016    i.WM__GetPrevSibling  STemWin522_CM4_Keil.lib(wm__getprevsibling.o)
    0x0800a908   0x0800a908   0x00000018   Code   RO         1343    i.WM__GetTopLevelLayer  STemWin522_CM4_Keil.lib(wm.o)
    0x0800a920   0x0800a920   0x000000f0   Code   RO         1344    i.WM__InitIVRSearch  STemWin522_CM4_Keil.lib(wm.o)
    0x0800aa10   0x0800aa10   0x000000a4   Code   RO         1345    i.WM__InsertWindowIntoList  STemWin522_CM4_Keil.lib(wm.o)
    0x0800aab4   0x0800aab4   0x00000006   Code   RO         1346    i.WM__Invalidate1Abs  STemWin522_CM4_Keil.lib(wm.o)
    0x0800aaba   0x0800aaba   0x00000046   Code   RO         1347    i.WM__InvalidateDrawAndDescs  STemWin522_CM4_Keil.lib(wm.o)
    0x0800ab00   0x0800ab00   0x00000076   Code   RO         1349    i.WM__InvalidateRect  STemWin522_CM4_Keil.lib(wm.o)
    0x0800ab76   0x0800ab76   0x00000006   Code   RO         1350    i.WM__InvalidateRectEx  STemWin522_CM4_Keil.lib(wm.o)
    0x0800ab7c   0x0800ab7c   0x00000020   Code   RO         1355    i.WM__RectIsNZ      STemWin522_CM4_Keil.lib(wm.o)
    0x0800ab9c   0x0800ab9c   0x00000014   Code   RO         1358    i.WM__SelectTopLevelLayer  STemWin522_CM4_Keil.lib(wm.o)
    0x0800abb0   0x0800abb0   0x0000003c   Code   RO         1672    i.WM__SendMessage   STemWin522_CM4_Keil.lib(wm__sendmessage.o)
    0x0800abec   0x0800abec   0x0000000e   Code   RO         1359    i.WM__SendMsgNoData  STemWin522_CM4_Keil.lib(wm.o)
    0x0800abfa   0x0800abfa   0x00000002   PAD
    0x0800abfc   0x0800abfc   0x00000078   Code   RO          831    i._AddFreeMemory    STemWin522_CM4_Keil.lib(gui_alloc.o)
    0x0800ac74   0x0800ac74   0x000000bc   Code   RO          832    i._Alloc            STemWin522_CM4_Keil.lib(gui_alloc.o)
    0x0800ad30   0x0800ad30   0x00000004   Code   RO         1223    i._CalcSizeOfChar   STemWin522_CM4_Keil.lib(gui_uc_encodenone.o)
    0x0800ad34   0x0800ad34   0x00000038   Code   RO          800    i._Color2IndexBulk  STemWin522_CM4_Keil.lib(guicc_565.o)
    0x0800ad6c   0x0800ad6c   0x00000054   Code   RO         1517    i._Color2Index_0    STemWin522_CM4_Keil.lib(guicc_0.o)
    0x0800adc0   0x0800adc0   0x0000002c   Code   RO          801    i._Color2Index_565  STemWin522_CM4_Keil.lib(guicc_565.o)
    0x0800adec   0x0800adec   0x0000003e   Code   RO         1664    i._Convert16        STemWin522_CM4_Keil.lib(guidev_writetoactiveopaque.o)
    0x0800ae2a   0x0800ae2a   0x0000001a   Code   RO         1114    i._Data2Index_16bpp_B16  STemWin522_CM4_Keil.lib(guidrv_flexcolor_func66709.o)
    0x0800ae44   0x0800ae44   0x00000016   Code   RO         1115    i._Data2Index_16bpp_B8  STemWin522_CM4_Keil.lib(guidrv_flexcolor_func66709.o)
    0x0800ae5a   0x0800ae5a   0x00000002   PAD
    0x0800ae5c   0x0800ae5c   0x00000020   Code   RO         1361    i._DesktopHandle2Index  STemWin522_CM4_Keil.lib(wm.o)
    0x0800ae7c   0x0800ae7c   0x00000074   Code   RO         1179    i._DispLine         STemWin522_CM4_Keil.lib(gui_charline.o)
    0x0800aef0   0x0800aef0   0x0000013c   Code   RO         1095    i._DrawBitLine1BPP  STemWin522_CM4_Keil.lib(guidrv_flexcolor_16bpp_c0b16.o)
    0x0800b02c   0x0800b02c   0x00000140   Code   RO         1288    i._DrawBitLine1BPP  STemWin522_CM4_Keil.lib(guidev_16.o)
    0x0800b16c   0x0800b16c   0x00000118   Code   RO         1096    i._DrawBitLine2BPP  STemWin522_CM4_Keil.lib(guidrv_flexcolor_16bpp_c0b16.o)
    0x0800b284   0x0800b284   0x000000e0   Code   RO         1289    i._DrawBitLine2BPP  STemWin522_CM4_Keil.lib(guidev_16.o)
    0x0800b364   0x0800b364   0x00000118   Code   RO         1097    i._DrawBitLine4BPP  STemWin522_CM4_Keil.lib(guidrv_flexcolor_16bpp_c0b16.o)
    0x0800b47c   0x0800b47c   0x00000158   Code   RO         1290    i._DrawBitLine4BPP  STemWin522_CM4_Keil.lib(guidev_16.o)
    0x0800b5d4   0x0800b5d4   0x000000d4   Code   RO         1098    i._DrawBitLine8BPP  STemWin522_CM4_Keil.lib(guidrv_flexcolor_16bpp_c0b16.o)
    0x0800b6a8   0x0800b6a8   0x00000022   Code   RO          998    i._DrawBitmap       STemWin522_CM4_Keil.lib(guidrv_flexcolor.o)
    0x0800b6ca   0x0800b6ca   0x00000002   PAD
    0x0800b6cc   0x0800b6cc   0x000000f4   Code   RO         1099    i._DrawBitmap       STemWin522_CM4_Keil.lib(guidrv_flexcolor_16bpp_c0b16.o)
    0x0800b7c0   0x0800b7c0   0x000002b0   Code   RO         1291    i._DrawBitmap       STemWin522_CM4_Keil.lib(guidev_16.o)
    0x0800ba70   0x0800ba70   0x0000000e   Code   RO          999    i._DrawHLine        STemWin522_CM4_Keil.lib(guidrv_flexcolor.o)
    0x0800ba7e   0x0800ba7e   0x0000000a   Code   RO         1292    i._DrawHLine        STemWin522_CM4_Keil.lib(guidev_16.o)
    0x0800ba88   0x0800ba88   0x00000010   Code   RO         1000    i._DrawVLine        STemWin522_CM4_Keil.lib(guidrv_flexcolor.o)
    0x0800ba98   0x0800ba98   0x000000b8   Code   RO         1293    i._DrawVLine        STemWin522_CM4_Keil.lib(guidev_16.o)
    0x0800bb50   0x0800bb50   0x00000006   Code   RO         1224    i._Encode           STemWin522_CM4_Keil.lib(gui_uc_encodenone.o)
    0x0800bb56   0x0800bb56   0x00000002   PAD
    0x0800bb58   0x0800bb58   0x00000094   Code   RO          833    i._EnlargeBlocks    STemWin522_CM4_Keil.lib(gui_alloc.o)
    0x0800bbec   0x0800bbec   0x00000010   Code   RO         1001    i._FillRect         STemWin522_CM4_Keil.lib(guidrv_flexcolor.o)
    0x0800bbfc   0x0800bbfc   0x000000f8   Code   RO         1100    i._FillRect         STemWin522_CM4_Keil.lib(guidrv_flexcolor_16bpp_c0b16.o)
    0x0800bcf4   0x0800bcf4   0x000000ac   Code   RO         1294    i._FillRect         STemWin522_CM4_Keil.lib(guidev_16.o)
    0x0800bda0   0x0800bda0   0x00000148   Code   RO         1364    i._FindNext_IVR     STemWin522_CM4_Keil.lib(wm.o)
    0x0800bee8   0x0800bee8   0x0000007c   Code   RO         1365    i._Findx0           STemWin522_CM4_Keil.lib(wm.o)
    0x0800bf64   0x0800bf64   0x00000072   Code   RO         1366    i._Findx1           STemWin522_CM4_Keil.lib(wm.o)
    0x0800bfd6   0x0800bfd6   0x000000a2   Code   RO         1367    i._Findy1           STemWin522_CM4_Keil.lib(wm.o)
    0x0800c078   0x0800c078   0x00000004   Code   RO         1225    i._GetCharCode      STemWin522_CM4_Keil.lib(gui_uc_encodenone.o)
    0x0800c07c   0x0800c07c   0x00000004   Code   RO         1226    i._GetCharSize      STemWin522_CM4_Keil.lib(gui_uc_encodenone.o)
    0x0800c080   0x0800c080   0x0000000e   Code   RO         1002    i._GetDevData       STemWin522_CM4_Keil.lib(guidrv_flexcolor.o)
    0x0800c08e   0x0800c08e   0x00000002   PAD
    0x0800c090   0x0800c090   0x00000010   Code   RO         1295    i._GetDevData       STemWin522_CM4_Keil.lib(guidev_16.o)
    0x0800c0a0   0x0800c0a0   0x00000070   Code   RO         1003    i._GetDevFunc       STemWin522_CM4_Keil.lib(guidrv_flexcolor.o)
    0x0800c110   0x0800c110   0x00000010   Code   RO         1296    i._GetDevFunc       STemWin522_CM4_Keil.lib(guidev_16.o)
    0x0800c120   0x0800c120   0x0000004c   Code   RO         1004    i._GetDevFunc_Init  STemWin522_CM4_Keil.lib(guidrv_flexcolor.o)
    0x0800c16c   0x0800c16c   0x00000002   Code   RO         1005    i._GetDevFunc_SetRect  STemWin522_CM4_Keil.lib(guidrv_flexcolor.o)
    0x0800c16e   0x0800c16e   0x00000002   PAD
    0x0800c170   0x0800c170   0x00000040   Code   RO         1006    i._GetDevFunc_SetRectOutside  STemWin522_CM4_Keil.lib(guidrv_flexcolor.o)
    0x0800c1b0   0x0800c1b0   0x00000014   Code   RO         1007    i._GetDevFunc_SetSize  STemWin522_CM4_Keil.lib(guidrv_flexcolor.o)
    0x0800c1c4   0x0800c1c4   0x00000014   Code   RO         1008    i._GetDevFunc_SetVSize  STemWin522_CM4_Keil.lib(guidrv_flexcolor.o)
    0x0800c1d8   0x0800c1d8   0x00000066   Code   RO         1009    i._GetDevProp       STemWin522_CM4_Keil.lib(guidrv_flexcolor.o)
    0x0800c23e   0x0800c23e   0x00000008   Code   RO         1297    i._GetDevProp       STemWin522_CM4_Keil.lib(guidev_16.o)
    0x0800c246   0x0800c246   0x0000001e   Code   RO         1563    i._GetDevProp       STemWin522_CM4_Keil.lib(lcd_getex.o)
    0x0800c264   0x0800c264   0x00000052   Code   RO         1518    i._GetIndexMask_0   STemWin522_CM4_Keil.lib(guicc_0.o)
    0x0800c2b6   0x0800c2b6   0x00000006   Code   RO          802    i._GetIndexMask_565  STemWin522_CM4_Keil.lib(guicc_565.o)
    0x0800c2bc   0x0800c2bc   0x0000001c   Code   RO          834    i._GetMinIndex      STemWin522_CM4_Keil.lib(gui_alloc.o)
    0x0800c2d8   0x0800c2d8   0x00000008   Code   RO         1010    i._GetPixelIndex    STemWin522_CM4_Keil.lib(guidrv_flexcolor.o)
    0x0800c2e0   0x0800c2e0   0x0000000e   Code   RO         1298    i._GetPixelIndex    STemWin522_CM4_Keil.lib(guidev_16.o)
    0x0800c2ee   0x0800c2ee   0x00000016   Code   RO         1011    i._GetRect          STemWin522_CM4_Keil.lib(guidrv_flexcolor.o)
    0x0800c304   0x0800c304   0x00000030   Code   RO         1299    i._GetRect          STemWin522_CM4_Keil.lib(guidev_16.o)
    0x0800c334   0x0800c334   0x00000010   Code   RO         1199    i._GotoX            STemWin522_CM4_Keil.lib(gui_goto.o)
    0x0800c344   0x0800c344   0x00000010   Code   RO         1200    i._GotoY            STemWin522_CM4_Keil.lib(gui_goto.o)
    0x0800c354   0x0800c354   0x00000048   Code   RO          803    i._Index2ColorBulk  STemWin522_CM4_Keil.lib(guicc_565.o)
    0x0800c39c   0x0800c39c   0x00000020   Code   RO         1519    i._Index2Color_0    STemWin522_CM4_Keil.lib(guicc_0.o)
    0x0800c3bc   0x0800c3bc   0x00000070   Code   RO          887    i._InitContext      STemWin522_CM4_Keil.lib(gui_core.o)
    0x0800c42c   0x0800c42c   0x000000a4   Code   RO          835    i._InitOnce         STemWin522_CM4_Keil.lib(gui_alloc.o)
    0x0800c4d0   0x0800c4d0   0x00000080   Code   RO         1368    i._Invalidate1Abs   STemWin522_CM4_Keil.lib(wm.o)
    0x0800c550   0x0800c550   0x00000004   Code   RO         1012    i._Log2PhysX_X0Y0S0  STemWin522_CM4_Keil.lib(guidrv_flexcolor.o)
    0x0800c554   0x0800c554   0x00000004   Code   RO         1013    i._Log2PhysX_X0Y0S1  STemWin522_CM4_Keil.lib(guidrv_flexcolor.o)
    0x0800c558   0x0800c558   0x00000004   Code   RO         1014    i._Log2PhysX_X0Y1S0  STemWin522_CM4_Keil.lib(guidrv_flexcolor.o)
    0x0800c55c   0x0800c55c   0x00000004   Code   RO         1015    i._Log2PhysX_X0Y1S1  STemWin522_CM4_Keil.lib(guidrv_flexcolor.o)
    0x0800c560   0x0800c560   0x00000008   Code   RO         1016    i._Log2PhysX_X1Y0S0  STemWin522_CM4_Keil.lib(guidrv_flexcolor.o)
    0x0800c568   0x0800c568   0x00000008   Code   RO         1017    i._Log2PhysX_X1Y0S1  STemWin522_CM4_Keil.lib(guidrv_flexcolor.o)
    0x0800c570   0x0800c570   0x00000008   Code   RO         1018    i._Log2PhysX_X1Y1S0  STemWin522_CM4_Keil.lib(guidrv_flexcolor.o)
    0x0800c578   0x0800c578   0x00000008   Code   RO         1019    i._Log2PhysX_X1Y1S1  STemWin522_CM4_Keil.lib(guidrv_flexcolor.o)
    0x0800c580   0x0800c580   0x00000004   Code   RO         1020    i._Log2PhysY_X0Y0S0  STemWin522_CM4_Keil.lib(guidrv_flexcolor.o)
    0x0800c584   0x0800c584   0x00000004   Code   RO         1021    i._Log2PhysY_X0Y0S1  STemWin522_CM4_Keil.lib(guidrv_flexcolor.o)
    0x0800c588   0x0800c588   0x00000008   Code   RO         1022    i._Log2PhysY_X0Y1S0  STemWin522_CM4_Keil.lib(guidrv_flexcolor.o)
    0x0800c590   0x0800c590   0x00000008   Code   RO         1023    i._Log2PhysY_X0Y1S1  STemWin522_CM4_Keil.lib(guidrv_flexcolor.o)
    0x0800c598   0x0800c598   0x00000004   Code   RO         1024    i._Log2PhysY_X1Y0S0  STemWin522_CM4_Keil.lib(guidrv_flexcolor.o)
    0x0800c59c   0x0800c59c   0x00000004   Code   RO         1025    i._Log2PhysY_X1Y0S1  STemWin522_CM4_Keil.lib(guidrv_flexcolor.o)
    0x0800c5a0   0x0800c5a0   0x00000008   Code   RO         1026    i._Log2PhysY_X1Y1S0  STemWin522_CM4_Keil.lib(guidrv_flexcolor.o)
    0x0800c5a8   0x0800c5a8   0x00000008   Code   RO         1027    i._Log2PhysY_X1Y1S1  STemWin522_CM4_Keil.lib(guidrv_flexcolor.o)
    0x0800c5b0   0x0800c5b0   0x00000002   Code   RO         1180    i._Log2VisBuffered  STemWin522_CM4_Keil.lib(gui_charline.o)
    0x0800c5b2   0x0800c5b2   0x00000002   PAD
    0x0800c5b4   0x0800c5b4   0x00000034   Code   RO          836    i._OnExit           STemWin522_CM4_Keil.lib(gui_alloc.o)
    0x0800c5e8   0x0800c5e8   0x0000002c   Code   RO          888    i._OnExit           STemWin522_CM4_Keil.lib(gui_core.o)
    0x0800c614   0x0800c614   0x00000014   Code   RO         1279    i._OnExit           STemWin522_CM4_Keil.lib(lcd_color.o)
    0x0800c628   0x0800c628   0x00000034   Code   RO         1369    i._OnExit           STemWin522_CM4_Keil.lib(wm.o)
    0x0800c65c   0x0800c65c   0x00000040   Code   RO          837    i._PopFreeBlock     STemWin522_CM4_Keil.lib(gui_alloc.o)
    0x0800c69c   0x0800c69c   0x00000024   Code   RO          838    i._PushFreeBlock    STemWin522_CM4_Keil.lib(gui_alloc.o)
    0x0800c6c0   0x0800c6c0   0x00000006   Code   RO         1101    i._ReadData         STemWin522_CM4_Keil.lib(guidrv_flexcolor_16bpp_c0b16.o)
    0x0800c6c6   0x0800c6c6   0x0000000c   Code   RO         1028    i._ReadPixelCust_16bpp  STemWin522_CM4_Keil.lib(guidrv_flexcolor.o)
    0x0800c6d2   0x0800c6d2   0x0000000c   Code   RO         1029    i._ReadPixelCust_18bpp  STemWin522_CM4_Keil.lib(guidrv_flexcolor.o)
    0x0800c6de   0x0800c6de   0x00000028   Code   RO         1116    i._ReadPixel_16bpp_B16_I  STemWin522_CM4_Keil.lib(guidrv_flexcolor_func66709.o)
    0x0800c706   0x0800c706   0x00000024   Code   RO         1118    i._ReadPixel_16bpp_B8  STemWin522_CM4_Keil.lib(guidrv_flexcolor_func66709.o)
    0x0800c72a   0x0800c72a   0x00000030   Code   RO         1030    i._ReadRectCust_16bpp  STemWin522_CM4_Keil.lib(guidrv_flexcolor.o)
    0x0800c75a   0x0800c75a   0x00000030   Code   RO         1031    i._ReadRectCust_18bpp  STemWin522_CM4_Keil.lib(guidrv_flexcolor.o)
    0x0800c78a   0x0800c78a   0x0000004c   Code   RO         1119    i._ReadRect_16bpp_B16_I  STemWin522_CM4_Keil.lib(guidrv_flexcolor_func66709.o)
    0x0800c7d6   0x0800c7d6   0x00000048   Code   RO         1121    i._ReadRect_16bpp_B8  STemWin522_CM4_Keil.lib(guidrv_flexcolor_func66709.o)
    0x0800c81e   0x0800c81e   0x00000002   PAD
    0x0800c820   0x0800c820   0x00000034   Code   RO          839    i._RemoveFreeBlock  STemWin522_CM4_Keil.lib(gui_alloc.o)
    0x0800c854   0x0800c854   0x000000a0   Code   RO          840    i._RemoveHoles      STemWin522_CM4_Keil.lib(gui_alloc.o)
    0x0800c8f4   0x0800c8f4   0x00000020   Code   RO         1249    i._SetBkColor       STemWin522_CM4_Keil.lib(lcd.o)
    0x0800c914   0x0800c914   0x0000004c   Code   RO         1373    i._SetClipRectUserIntersect  STemWin522_CM4_Keil.lib(wm.o)
    0x0800c960   0x0800c960   0x00000020   Code   RO         1250    i._SetColor         STemWin522_CM4_Keil.lib(lcd.o)
    0x0800c980   0x0800c980   0x00000070   Code   RO         1032    i._SetDevFunc       STemWin522_CM4_Keil.lib(guidrv_flexcolor.o)
    0x0800c9f0   0x0800c9f0   0x0000002c   Code   RO         1251    i._SetDrawMode      STemWin522_CM4_Keil.lib(lcd.o)
    0x0800ca1c   0x0800ca1c   0x00000030   Code   RO         1122    i._SetInterface     STemWin522_CM4_Keil.lib(guidrv_flexcolor_func66709.o)
    0x0800ca4c   0x0800ca4c   0x00000002   Code   RO         1033    i._SetOrg           STemWin522_CM4_Keil.lib(guidrv_flexcolor.o)
    0x0800ca4e   0x0800ca4e   0x00000008   Code   RO         1300    i._SetOrg           STemWin522_CM4_Keil.lib(guidev_16.o)
    0x0800ca56   0x0800ca56   0x00000002   PAD
    0x0800ca58   0x0800ca58   0x00000038   Code   RO         1123    i._SetOrientation   STemWin522_CM4_Keil.lib(guidrv_flexcolor_func66709.o)
    0x0800ca90   0x0800ca90   0x000000a8   Code   RO         1124    i._SetPhysRAMAddr   STemWin522_CM4_Keil.lib(guidrv_flexcolor_func66709.o)
    0x0800cb38   0x0800cb38   0x0000000e   Code   RO         1034    i._SetPixelIndex    STemWin522_CM4_Keil.lib(guidrv_flexcolor.o)
    0x0800cb46   0x0800cb46   0x00000002   PAD
    0x0800cb48   0x0800cb48   0x00000048   Code   RO         1301    i._SetPixelIndex    STemWin522_CM4_Keil.lib(guidev_16.o)
    0x0800cb90   0x0800cb90   0x000000b4   Code   RO         1125    i._SetRect          STemWin522_CM4_Keil.lib(guidrv_flexcolor_func66709.o)
    0x0800cc44   0x0800cc44   0x00000008   Code   RO         1126    i._SetReg_B16       STemWin522_CM4_Keil.lib(guidrv_flexcolor_func66709.o)
    0x0800cc4c   0x0800cc4c   0x0000001a   Code   RO         1127    i._SetReg_B8        STemWin522_CM4_Keil.lib(guidrv_flexcolor_func66709.o)
    0x0800cc66   0x0800cc66   0x00000002   PAD
    0x0800cc68   0x0800cc68   0x000000ea   Code   RO          841    i._TestRAM          STemWin522_CM4_Keil.lib(gui_alloc.o)
    0x0800cd52   0x0800cd52   0x00000002   PAD
    0x0800cd54   0x0800cd54   0x00000030   Code   RO          917    i._UnlinkDevice     STemWin522_CM4_Keil.lib(gui_device.o)
    0x0800cd84   0x0800cd84   0x0000000a   Code   RO         1102    i._WriteData        STemWin522_CM4_Keil.lib(guidrv_flexcolor_16bpp_c0b16.o)
    0x0800cd8e   0x0800cd8e   0x00000008   Code   RO         1128    i._WritePara_B16    STemWin522_CM4_Keil.lib(guidrv_flexcolor_func66709.o)
    0x0800cd96   0x0800cd96   0x0000000a   Code   RO         1129    i._WritePara_B8     STemWin522_CM4_Keil.lib(guidrv_flexcolor_func66709.o)
    0x0800cda0   0x0800cda0   0x0000000e   Code   RO          842    i._WriteTagData     STemWin522_CM4_Keil.lib(gui_alloc.o)
    0x0800cdae   0x0800cdae   0x00000002   PAD
    0x0800cdb0   0x0800cdb0   0x00000330   Code   RO         1665    i._WriteToActiveOpaque_8  STemWin522_CM4_Keil.lib(guidev_writetoactiveopaque.o)
    0x0800d0e0   0x0800d0e0   0x000002f8   Code   RO         1666    i._WriteToActiveOpaque_HT  STemWin522_CM4_Keil.lib(guidev_writetoactiveopaque.o)
    0x0800d3d8   0x0800d3d8   0x0000003c   Code   RO         1302    i._XY2PTR           STemWin522_CM4_Keil.lib(guidev_16.o)
    0x0800d414   0x0800d414   0x00000022   Code   RO         1035    i._XorPixel         STemWin522_CM4_Keil.lib(guidrv_flexcolor.o)
    0x0800d436   0x0800d436   0x00000002   PAD
    0x0800d438   0x0800d438   0x00000054   Code   RO         1303    i._XorPixel         STemWin522_CM4_Keil.lib(guidev_16.o)
    0x0800d48c   0x0800d48c   0x00000050   Code   RO         1375    i.cbBackWin         STemWin522_CM4_Keil.lib(wm.o)
    0x0800d4dc   0x0800d4dc   0x0000008a   Code   RO         1252    i.emWin_LCD_Init    STemWin522_CM4_Keil.lib(lcd.o)
    0x0800d566   0x0800d566   0x00000018   Code   RO         2291    x$fpl$basic         fz_wm.l(basic.o)
    0x0800d57e   0x0800d57e   0x00000002   PAD
    0x0800d580   0x0800d580   0x00000150   Code   RO         2295    x$fpl$dadd          fz_wm.l(daddsub_clz.o)
    0x0800d6d0   0x0800d6d0   0x00000018   Code   RO         2355    x$fpl$dcmpinf       fz_wm.l(dcmpi.o)
    0x0800d6e8   0x0800d6e8   0x000002b0   Code   RO         2302    x$fpl$ddiv          fz_wm.l(ddiv.o)
    0x0800d998   0x0800d998   0x0000005a   Code   RO         2313    x$fpl$dfixu         fz_wm.l(dfixu.o)
    0x0800d9f2   0x0800d9f2   0x0000002e   Code   RO         2322    x$fpl$dflt          fz_wm.l(dflt_clz.o)
    0x0800da20   0x0800da20   0x000000a2   Code   RO         2327    x$fpl$dfltll        fz_wm.l(dfltll_clz.o)
    0x0800dac2   0x0800dac2   0x00000026   Code   RO         2321    x$fpl$dfltu         fz_wm.l(dflt_clz.o)
    0x0800dae8   0x0800dae8   0x0000008a   Code   RO         2328    x$fpl$dfltull       fz_wm.l(dfltll_clz.o)
    0x0800db72   0x0800db72   0x00000002   PAD
    0x0800db74   0x0800db74   0x00000078   Code   RO         2331    x$fpl$dleqf         fz_wm.l(dleqf.o)
    0x0800dbec   0x0800dbec   0x00000154   Code   RO         2333    x$fpl$dmul          fz_wm.l(dmul.o)
    0x0800dd40   0x0800dd40   0x0000009c   Code   RO         2357    x$fpl$dnaninf       fz_wm.l(dnaninf.o)
    0x0800dddc   0x0800dddc   0x0000000c   Code   RO         2359    x$fpl$dretinf       fz_wm.l(dretinf.o)
    0x0800dde8   0x0800dde8   0x00000016   Code   RO         2296    x$fpl$drsb          fz_wm.l(daddsub_clz.o)
    0x0800ddfe   0x0800ddfe   0x00000002   PAD
    0x0800de00   0x0800de00   0x000001d4   Code   RO         2297    x$fpl$dsub          fz_wm.l(daddsub_clz.o)
    0x0800dfd4   0x0800dfd4   0x0000000a   Code   RO         2474    x$fpl$fpinit        fz_wm.l(fpinit.o)
    0x0800dfde   0x0800dfde   0x00000002   PAD
    0x0800dfe0   0x0800dfe0   0x00000078   Code   RO         2317    x$fpl$llufromd      fz_wm.l(dfixull.o)
    0x0800e058   0x0800e058   0x00000000   Code   RO         2365    x$fpl$usenofp       fz_wm.l(usenofp.o)
    0x0800e058   0x0800e058   0x00000010   Data   RO          342    .constdata          keyboard.o
    0x0800e068   0x0800e068   0x00002f80   Data   RO          462    .constdata          ili93xx.o
    0x08010fe8   0x08010fe8   0x0000001c   Data   RO          614    .constdata          stm32f4xx_fsmc.o
    0x08011004   0x08011004   0x00000018   Data   RO          804    .constdata          STemWin522_CM4_Keil.lib(guicc_565.o)
    0x0801101c   0x0801101c   0x00000008   Data   RO          890    .constdata          STemWin522_CM4_Keil.lib(gui_core.o)
    0x08011024   0x08011024   0x00000034   Data   RO         1036    .constdata          STemWin522_CM4_Keil.lib(guidrv_flexcolor.o)
    0x08011058   0x08011058   0x00000040   Data   RO         1037    .constdata          STemWin522_CM4_Keil.lib(guidrv_flexcolor.o)
    0x08011098   0x08011098   0x00000518   Data   RO         1149    .constdata          STemWin522_CM4_Keil.lib(f6x8.o)
    0x080115b0   0x080115b0   0x000001c0   Data   RO         1150    .constdata          STemWin522_CM4_Keil.lib(f6x8.o)
    0x08011770   0x08011770   0x00000008   Data   RO         1151    .constdata          STemWin522_CM4_Keil.lib(f6x8.o)
    0x08011778   0x08011778   0x00000014   Data   RO         1152    .constdata          STemWin522_CM4_Keil.lib(f6x8.o)
    0x0801178c   0x0801178c   0x00000024   Data   RO         1153    .constdata          STemWin522_CM4_Keil.lib(f6x8.o)
    0x080117b0   0x080117b0   0x00000100   Data   RO         1155    .constdata          STemWin522_CM4_Keil.lib(gui__divtbl_255_31.o)
    0x080118b0   0x080118b0   0x00000100   Data   RO         1156    .constdata          STemWin522_CM4_Keil.lib(gui__divtbl_255_63.o)
    0x080119b0   0x080119b0   0x00000020   Data   RO         1157    .constdata          STemWin522_CM4_Keil.lib(gui__divtbl_31_255.o)
    0x080119d0   0x080119d0   0x00000040   Data   RO         1158    .constdata          STemWin522_CM4_Keil.lib(gui__divtbl_63_255.o)
    0x08011a10   0x08011a10   0x00000010   Data   RO         1227    .constdata          STemWin522_CM4_Keil.lib(gui_uc_encodenone.o)
    0x08011a20   0x08011a20   0x0000000c   Data   RO         1253    .constdata          STemWin522_CM4_Keil.lib(lcd.o)
    0x08011a2c   0x08011a2c   0x00000074   Data   RO         1304    .constdata          STemWin522_CM4_Keil.lib(guidev_16.o)
    0x08011aa0   0x08011aa0   0x00000018   Data   RO         1520    .constdata          STemWin522_CM4_Keil.lib(guicc_0.o)
    0x08011ab8   0x08011ab8   0x00000100   Data   RO         1606    .constdata          STemWin522_CM4_Keil.lib(lcd_mirror.o)
    0x08011bb8   0x08011bb8   0x00000008   Data   RO         1667    .constdata          STemWin522_CM4_Keil.lib(guidev_writetoactiveopaque.o)
    0x08011bc0   0x08011bc0   0x00000028   Data   RO         2238    .constdata          c_w.l(_printf_hex_int.o)
    0x08011be8   0x08011be8   0x00000020   Data   RO         2528    Region$$Table       anon$$obj.o


    Execution Region RW_IRAM1 (Exec base: 0x20000000, Load base: 0x08011c08, Size: 0x0000d2d8, Max: 0x00020000, ABSOLUTE, COMPRESSED[0x00000048])

    Exec Addr    Load Addr    Size         Type   Attr      Idx    E Section Name        Object

    0x20000000   COMPRESSED   0x00000014   Data   RW          241    .data               system_stm32f4xx.o
    0x20000014   COMPRESSED   0x00000004   PAD
    0x20000018   COMPRESSED   0x0000002c   Data   RW          343    .data               keyboard.o
    0x20000044   COMPRESSED   0x00000004   Data   RW          463    .data               ili93xx.o
    0x20000048   COMPRESSED   0x00000004   Data   RW          496    .data               delay.o
    0x2000004c   COMPRESSED   0x00000006   Data   RW          537    .data               usart.o
    0x20000052   COMPRESSED   0x00000010   Data   RW          637    .data               stm32f4xx_rcc.o
    0x20000062   COMPRESSED   0x00000002   PAD
    0x20000064   COMPRESSED   0x00000004   Data   RW          786    .data               gui_x.o
    0x20000068   COMPRESSED   0x00000008   Data   RW          844    .data               STemWin522_CM4_Keil.lib(gui_alloc.o)
    0x20000070   COMPRESSED   0x0000002c   Data   RW          891    .data               STemWin522_CM4_Keil.lib(gui_core.o)
    0x2000009c   COMPRESSED   0x00000004   Data   RW          894    .data               STemWin522_CM4_Keil.lib(gui_core.o)
    0x200000a0   COMPRESSED   0x00000004   Data   RW          895    .data               STemWin522_CM4_Keil.lib(gui_core.o)
    0x200000a4   COMPRESSED   0x00000002   Data   RW          896    .data               STemWin522_CM4_Keil.lib(gui_core.o)
    0x200000a6   COMPRESSED   0x00000002   Data   RW          897    .data               STemWin522_CM4_Keil.lib(gui_core.o)
    0x200000a8   COMPRESSED   0x0000001c   Data   RW         1038    .data               STemWin522_CM4_Keil.lib(guidrv_flexcolor.o)
    0x200000c4   COMPRESSED   0x00000008   Data   RW         1130    .data               STemWin522_CM4_Keil.lib(guidrv_flexcolor_func66709.o)
    0x200000cc   COMPRESSED   0x00000004   Data   RW         1181    .data               STemWin522_CM4_Keil.lib(gui_charline.o)
    0x200000d0   COMPRESSED   0x00000004   Data   RW         1254    .data               STemWin522_CM4_Keil.lib(lcd.o)
    0x200000d4   COMPRESSED   0x00000010   Data   RW         1280    .data               STemWin522_CM4_Keil.lib(lcd_color.o)
    0x200000e4   COMPRESSED   0x00000058   Data   RW         1377    .data               STemWin522_CM4_Keil.lib(wm.o)
    0x2000013c   COMPRESSED   0x00000008   Data   RW         1442    .data               STemWin522_CM4_Keil.lib(gui__managecache.o)
    0x20000144   COMPRESSED   0x0000000c   Data   RW         1461    .data               STemWin522_CM4_Keil.lib(gui_onkey.o)
    0x20000150   COMPRESSED   0x0000000c   Data   RW         1508    .data               STemWin522_CM4_Keil.lib(gui_waitevent.o)
    0x2000015c   COMPRESSED   0x00000004   Data   RW         1673    .data               STemWin522_CM4_Keil.lib(wm__sendmessage.o)
    0x20000160        -       0x00000044   Zero   RW          341    .bss                keyboard.o
    0x200001a4        -       0x0000000e   Zero   RW          461    .bss                ili93xx.o
    0x200001b2        -       0x000000c8   Zero   RW          536    .bss                usart.o
    0x2000027a   COMPRESSED   0x00000002   PAD
    0x2000027c        -       0x0000c800   Zero   RW          757    .bss                guiconf.o
    0x2000ca7c        -       0x000000c8   Zero   RW          843    .bss                STemWin522_CM4_Keil.lib(gui_alloc.o)
    0x2000cb44        -       0x00000078   Zero   RW          889    .bss                STemWin522_CM4_Keil.lib(gui_core.o)
    0x2000cbbc        -       0x00000018   Zero   RW         1376    .bss                STemWin522_CM4_Keil.lib(wm.o)
    0x2000cbd4        -       0x00000058   Zero   RW         1460    .bss                STemWin522_CM4_Keil.lib(gui_onkey.o)
    0x2000cc2c        -       0x00000048   Zero   RW         1714    .bss                STemWin522_CM4_Keil.lib(wm_touch.o)
    0x2000cc74        -       0x00000060   Zero   RW         2406    .bss                c_w.l(libspace.o)
    0x2000ccd4   COMPRESSED   0x00000004   PAD
    0x2000ccd8        -       0x00000200   Zero   RW          565    HEAP                startup_stm32f40_41xxx.o
    0x2000ced8        -       0x00000400   Zero   RW          564    STACK               startup_stm32f40_41xxx.o


==============================================================================

Image component sizes


      Code (inc. data)   RO Data    RW Data    ZI Data      Debug   Object Name

       252          8          0          0          0       1295   adc.o
       260          8          0          4          0       1569   delay.o
        40          4          0          4          0       1726   gui_x.o
        28          8          0          0      51200        615   guiconf.o
     21384        216      12160          4         14      26690   ili93xx.o
      3244        156         16         44         68      10141   keyboard.o
       224         38          0          0          0       4822   lcdconf_flexcolor_template.o
       108         18          0          0          0     333440   main.o
       224         20          0          0          0       1905   misc.o
        64         26        392          0       1536        880   startup_stm32f40_41xxx.o
      1124         24          0          0          0      10774   stm32f4xx_adc.o
       272         10          0          0          0       2375   stm32f4xx_exti.o
      1480         18         28          0          0       5778   stm32f4xx_fsmc.o
       660         44          0          0          0       4249   stm32f4xx_gpio.o
        26          0          0          0          0       1266   stm32f4xx_it.o
      1628         52          0         16          0      13164   stm32f4xx_rcc.o
       148         12          0          0          0       1889   stm32f4xx_syscfg.o
      1108         34          0          0          0       7972   stm32f4xx_usart.o
       528         46          0         20          0       1915   system_stm32f4xx.o
       328         18          0          6        200       3446   usart.o

    ----------------------------------------------------------------------
     33132        760      12628        104      53020     435911   Object Totals
         0          0         32          0          0          0   (incl. Generated)
         2          0          0          6          2          0   (incl. Padding)

    ----------------------------------------------------------------------

      Code (inc. data)   RO Data    RW Data    ZI Data      Debug   Library Member Name

         0          0       1816          0          0          0   f6x8.o
       296          0          0          0          0        124   gui__compactpixelindices.o
         0          0        256          0          0          0   gui__divtbl_255_31.o
         0          0        256          0          0          0   gui__divtbl_255_63.o
         0          0         32          0          0          0   gui__divtbl_31_255.o
         0          0         64          0          0          0   gui__divtbl_63_255.o
        58          0          0          0          0        116   gui__intersectrect.o
        82          0          0          0          0        128   gui__intersectrects.o
       188          8          0          8          0        248   gui__managecache.o
        76          0          0          0          0        124   gui__memset.o
        58          0          0          0          0        124   gui__memset16.o
      1634         88          0          8        200       2508   gui_alloc.o
        36          0          0          0          0        128   gui_alloc_alloczero.o
        68          0          0          0          0        124   gui_calccolordist.o
        96         22          0          0          0        464   gui_char.o
       458         36          0          4          0        760   gui_charline.o
       394         12          0          0          0        492   gui_charm.o
       460         78          8         56        120       1004   gui_core.o
       340         22          0          0          0        852   gui_device.o
       256          4          0          0          0        136   gui_dispstring.o
        52         12          0          0          0        360   gui_goto.o
        88          0          0          0          0        124   gui_mergerect.o
        30          0          0          0          0        116   gui_moverect.o
        16          4          0         12         88        116   gui_onkey.o
        56          0          0          0          0        116   gui_rectsintersect.o
        36          8          0          0          0        128   gui_selectlayer.o
        18          0          0          0          0        128   gui_selectlcd.o
         4          0          0          0          0        116   gui_setcolor.o
        56         18          0          0          0        128   gui_setorg.o
        84         10          0          0          0        264   gui_uc.o
        18          0         16          0          0        464   gui_uc_encodenone.o
        16          4          0         12          0        116   gui_waitevent.o
       198          0         24          0          0        388   guicc_0.o
       178         28         24          0          0        504   guicc_565.o
        44         10          0          0          0        124   guicc_565_index2color.o
       100          6          0          0          0        256   guidev.o
      2268         60        116          0          0       2092   guidev_16.o
        22          0          0          0          0        128   guidev_getdataptr.o
        76          0          0          0          0        260   guidev_usage.o
      1698         18          8          0          0        576   guidev_writetoactiveopaque.o
      1472         74        116         28          0       5420   guidrv_flexcolor.o
      1684         60          0          0          0       1288   guidrv_flexcolor_16bpp_c0b16.o
       872         56          0          8          0       1880   guidrv_flexcolor_func66709.o
      1650        110         12          4          0       2156   lcd.o
       260         26          0         16          0        628   lcd_color.o
       292         24          0          0          0       1312   lcd_getex.o
        26          0          0          0          0        128   lcd_getnumdisplays.o
         0          0        256          0          0          0   lcd_mirror.o
        68         10          0          0          0        128   lcd_selectlcd.o
       132          0          0          0          0        396   lcd_set.o
        48         10          0          0          0        128   lcd_setcliprectex.o
        36          4          0          0          0        128   lcd_updatecolorindices.o
      2952        128          0         88         24       4092   wm.o
        18          0          0          0          0        124   wm__getfirstsibling.o
        36          0          0          0          0        128   wm__getprevsibling.o
        60          6          0          4          0        136   wm__sendmessage.o
       126          0          0          0          0        140   wm_bringtobottom.o
        16          6          0          0          0        116   wm_criticalhandle.o
        32          0          0          0          0        128   wm_getclientrect.o
        24         10          0          0          0        116   wm_getdesktopwindow.o
        14          0          0          0          0        124   wm_getfirstchild.o
        14          0          0          0          0        124   wm_getparent.o
        30          0          0          0          0        140   wm_sendtoparent.o
         0          0          0          0         72          0   wm_touch.o
        90          0          0          0          0          0   __dczerorl2.o
         8          0          0          0          0         68   __main.o
       104          0          0          0          0         84   __printf.o
         0          0          0          0          0          0   __rtentry.o
        12          0          0          0          0          0   __rtentry2.o
         6          0          0          0          0          0   __rtentry4.o
        52          8          0          0          0          0   __scatter.o
        28          0          0          0          0          0   __scatter_zi.o
        48          6          0          0          0         96   _printf_char_common.o
        36          4          0          0          0         80   _printf_char_file.o
        88          4         40          0          0         88   _printf_hex_int.o
       178          0          0          0          0         88   _printf_intcommon.o
         0          0          0          0          0          0   _printf_percent.o
         4          0          0          0          0          0   _printf_percent_end.o
         6          0          0          0          0          0   _printf_x.o
        18          0          0          0          0         80   exit.o
         8          0          0          0          0         68   ferror.o
         6          0          0          0          0        152   heapauxi.o
         2          0          0          0          0          0   libinit.o
         6          0          0          0          0          0   libinit2.o
         2          0          0          0          0          0   libshutdown.o
         2          0          0          0          0          0   libshutdown2.o
         8          4          0          0         96         68   libspace.o
       238          0          0          0          0        100   lludivv7m.o
        24          4          0          0          0         84   noretval__2printf.o
        78          0          0          0          0         80   rt_memclr_w.o
       138          0          0          0          0         68   rt_memcpy_v6.o
       100          0          0          0          0         80   rt_memcpy_w.o
       132          0          0          0          0         68   rt_memmove_v6.o
       122          0          0          0          0         80   rt_memmove_w.o
         2          0          0          0          0          0   rtexit.o
        10          0          0          0          0          0   rtexit2.o
        74          0          0          0          0         80   sys_stackheap_outer.o
         2          0          0          0          0         68   use_no_semi.o
         2          0          0          0          0         68   use_no_semi_2.o
        24          0          0          0          0        164   basic.o
       826         16          0          0          0        492   daddsub_clz.o
        24          0          0          0          0        116   dcmpi.o
       688        140          0          0          0        256   ddiv.o
        90          4          0          0          0        140   dfixu.o
       120          4          0          0          0        152   dfixull.o
        84          0          0          0          0        232   dflt_clz.o
       300          0          0          0          0        264   dfltll_clz.o
       120          4          0          0          0        140   dleqf.o
       340         12          0          0          0        152   dmul.o
       156          4          0          0          0        140   dnaninf.o
        12          0          0          0          0        116   dretinf.o
        10          0          0          0          0        116   fpinit.o
         0          0          0          0          0          0   usenofp.o

    ----------------------------------------------------------------------
     23908       1186       3044        248        604      36924   Library Totals
        60          0          0          0          4          0   (incl. Padding)

    ----------------------------------------------------------------------

      Code (inc. data)   RO Data    RW Data    ZI Data      Debug   Library Name

     19420        972       3004        248        504      32796   STemWin522_CM4_Keil.lib
      1634         30         40          0         96       1648   c_w.l
      2794        184          0          0          0       2480   fz_wm.l

    ----------------------------------------------------------------------
     23908       1186       3044        248        604      36924   Library Totals

    ----------------------------------------------------------------------

==============================================================================


      Code (inc. data)   RO Data    RW Data    ZI Data      Debug   

     57040       1946      15672        352      53624     440403   Grand Totals
     57040       1946      15672         72      53624     440403   ELF Image Totals (compressed)
     57040       1946      15672         72          0          0   ROM Totals

==============================================================================

    Total RO  Size (Code + RO Data)                72712 (  71.01kB)
    Total RW  Size (RW Data + ZI Data)             53976 (  52.71kB)
    Total ROM Size (Code + RO Data + RW Data)      72784 (  71.08kB)

==============================================================================

