<html>
<body>
<pre>
<h1>µVision Build Log</h1>
<h2>Tool Versions:</h2>
IDE-Version: ¦ÌVision V5.28.0.0
Copyright (C) 2019 ARM Ltd and ARM Germany GmbH. All rights reserved.
License Information: Shigure Minaduki, Nanjing University, LIC=UJWMM-XV6GZ-PBCEG-VBCWC-C8LHT-IAF3T
 
Tool Versions:
Toolchain:       MDK-ARM Plus  Version: 5.28.0.0
Toolchain Path:  C:\Keil_v5\ARM\ARMCC\Bin
C Compiler:      Armcc.exe V5.06 update 6 (build 750)
Assembler:       Armasm.exe V5.06 update 6 (build 750)
Linker/Locator:  ArmLink.exe V5.06 update 6 (build 750)
Library Manager: ArmAr.exe V5.06 update 6 (build 750)
Hex Converter:   FromElf.exe V5.06 update 6 (build 750)
CPU DLL:         SARMCM3.DLL V5.28.0.0
Dialog DLL:      DCM.DLL V1.17.3.0
Target DLL:      Segger\JL2CM3.dll V2.99.36.0
Dialog DLL:      TCM.DLL V1.36.2.0
 
<h2>Project:</h2>
C:\Users\Player\Desktop\Summer_Grand_Operation_Library\LCD_ADC_Speed_Test\ADF4351DEMO\USER\LCD.uvprojx
Project File Date:  07/21/2019

<h2>Output:</h2>
*** Using Compiler 'V5.06 update 6 (build 750)', folder: 'C:\Keil_v5\ARM\ARMCC\Bin'
Rebuild target 'LCD'
compiling system_stm32f4xx.c...
compiling led.c...
compiling stm32f4xx_it.c...
compiling main.c...
..\emWin\emWin_inc.h(8): warning:  #1-D: last line of file ends without a newline
  #endif
main.c(64): warning:  #550-D: variable "adcxx"  was set but never used
  	int adcxx=0;
main.c(346): warning:  #1-D: last line of file ends without a newline
  */
main.c: 3 warnings, 0 errors
compiling key.c...
compiling KeyBoard.c...
compiling LCD12864.c...
..\HARDWARE\LCD12864\LCD12864.c(332): warning:  #1035-D: single-precision operand implicitly converted to double-precision
  			LCD_GDot(i+x1, i*a+y1+0.5);
..\HARDWARE\LCD12864\LCD12864.c(345): warning:  #1035-D: single-precision operand implicitly converted to double-precision
  			LCD_GDot(i*a+x1+0.5, i+y1);
..\HARDWARE\LCD12864\LCD12864.c: 2 warnings, 0 errors
compiling ADF4351.c...
compiling spi.c...
compiling adc.c...
compiling PE4302.C...
compiling sys.c...
compiling delay.c...
assembling startup_stm32f40_41xxx.s...
compiling ili93xx.c...
compiling misc.c...
compiling stm32f4xx_gpio.c...
compiling usart.c...
compiling stm32f4xx_usart.c...
compiling stm32f4xx_fsmc.c...
compiling stm32f4xx_syscfg.c...
compiling stm32f4xx_rcc.c...
compiling GUI_X.c...
compiling GUIConf.c...
compiling LCDConf_FlexColor_Template.c...
compiling stm32f4xx_spi.c...
compiling stm32f4xx_exti.c...
compiling stm32f4xx_adc.c...
linking...
Program Size: Code=57040 RO-data=15672 RW-data=352 ZI-data=53624  
FromELF: creating hex file...
"..\OBJ\LCD.axf" - 0 Error(s), 5 Warning(s).

<h2>Software Packages used:</h2>

Package Vendor: Keil
                http://www.keil.com/pack/Keil.STM32F4xx_DFP.2.13.0.pack
                Keil.STM32F4xx_DFP.2.13.0
                STMicroelectronics STM32F4 Series Device Support, Drivers and Examples

<h2>Collection of Component include folders:</h2>
  .\RTE\_LCD
  C:\Users\Player\AppData\Local\Arm\Packs\Keil\STM32F4xx_DFP\2.13.0\Drivers\CMSIS\Device\ST\STM32F4xx\Include

<h2>Collection of Component Files used:</h2>
Build Time Elapsed:  00:00:09
</pre>
</body>
</html>
